Traceback (most recent call last):
  File "/mnt/users/xj62kv/OpenSet_Incremental_SEI/.venv/lib64/python3.11/site-packages/pandas/core/indexes/base.py", line 3641, in get_loc
    return self._engine.get_loc(casted_key)
           ^^^^^^^^^^^^^^^^^^^^^^^^^^^^^^^^
  File "pandas/_libs/index.pyx", line 168, in pandas._libs.index.IndexEngine.get_loc
  File "pandas/_libs/index.pyx", line 197, in pandas._libs.index.IndexEngine.get_loc
  File "pandas/_libs/hashtable_class_helper.pxi", line 7668, in pandas._libs.hashtable.PyObjectHashTable.get_item
  File "pandas/_libs/hashtable_class_helper.pxi", line 7676, in pandas._libs.hashtable.PyObjectHashTable.get_item
KeyError: 'Round'

The above exception was the direct cause of the following exception:

Traceback (most recent call last):
  File "/mnt/usmidet/billy_test/OpenSet_Incremental_SEI/stage45-worktree/tools/stage45_lora_raw_iq_multiwindow_report.py", line 172, in <module>
    raise SystemExit(main())
                     ^^^^^^
  File "/mnt/usmidet/billy_test/OpenSet_Incremental_SEI/stage45-worktree/tools/stage45_lora_raw_iq_multiwindow_report.py", line 77, in main
    records = [collect_variant(root, variant, str(args.job_id)) for variant in args.variants]
              ^^^^^^^^^^^^^^^^^^^^^^^^^^^^^^^^^^^^^^^^^^^^^^^^^^^^^^^^^^^^^^^^^^^^^^^^^^^^^^^
  File "/mnt/usmidet/billy_test/OpenSet_Incremental_SEI/stage45-worktree/tools/stage45_lora_raw_iq_multiwindow_report.py", line 77, in <listcomp>
    records = [collect_variant(root, variant, str(args.job_id)) for variant in args.variants]
               ^^^^^^^^^^^^^^^^^^^^^^^^^^^^^^^^^^^^^^^^^^^^^^^^
  File "/mnt/usmidet/billy_test/OpenSet_Incremental_SEI/stage45-worktree/tools/stage45_lora_raw_iq_multiwindow_report.py", line 48, in collect_variant
    symbol = _r3_row(save_dir / "incremental_results.csv")
             ^^^^^^^^^^^^^^^^^^^^^^^^^^^^^^^^^^^^^^^^^^^^^
  File "/mnt/usmidet/billy_test/OpenSet_Incremental_SEI/stage45-worktree/tools/stage45_lora_raw_iq_multiwindow_report.py", line 32, in _r3_row
    row = frame.loc[frame["Round"] == 3]
                    ~~~~~^^^^^^^^^
  File "/mnt/users/xj62kv/OpenSet_Incremental_SEI/.venv/lib64/python3.11/site-packages/pandas/core/frame.py", line 4378, in __getitem__
    indexer = self.columns.get_loc(key)
              ^^^^^^^^^^^^^^^^^^^^^^^^^
  File "/mnt/users/xj62kv/OpenSet_Incremental_SEI/.venv/lib64/python3.11/site-packages/pandas/core/indexes/base.py", line 3648, in get_loc
    raise KeyError(key) from err
KeyError: 'Round'
