
========== WiSig ManyTx 10-Known 3-Round Incremental Experiment ==========
Dataset: C:\Users\123\Downloads\ManyTx.pkl\ManyTx.pkl
Save dir: C:\Users\123\PycharmProjects\OpenSet_Incremental_SEI\results\manytx_rx2_mvacc_cil_orderblock_seed23
Device: cuda
Protocol: 10 known + 10 unknown R1 + 10 unknown R2 + 10 unknown R3
Receiver setting: selected_rx_list=[2] | mode=single-Rx
Equalization index: 0 | minimum samples/Tx/day: 40
Frozen protocol: C:\Users\123\PycharmProjects\OpenSet_Incremental_SEI\results\manytx_rx2_mvacc_cil_orderblock_seed23\manytx_protocol.json
Old-class prototype bonus beta: 0.0
Closed-set training loss: CE + 0.1 * SupCon(T=0.2)
Sample-level protocol: 60% backbone train + 10% validation + 30% held-out evaluation
Fusion: bounded edge-wise adaptive | alpha_min=0.65, alpha_max=0.95
No-drop consolidation (ablation): rounds=5, threshold=0.78, coverage=100%
MV-ACC: mcs_ratio=0.045, min_samples=5, merge_th=0.78, sub_prototypes=5, split_factor=1.75, split_sil=0.3, coverage=100%, strict_alignment=Hungarian

[Splits]
Day1 known train 70%: (350, 2, 256), classes=10, labels=0-9
Initial eval 30%:     (150, 2, 256), classes=10, labels=0-9, day=2021_03_01
Unknown R1 70%:     (350, 2, 256), classes=10, labels=10-19, day=2021_03_08
After R1 eval 30%:  (300, 2, 256), classes=20, labels=0-19, day=2021_03_08
Unknown R2 70%:     (350, 2, 256), classes=10, labels=20-29, day=2021_03_15
After R2 eval 30%:  (450, 2, 256), classes=30, labels=0-29, day=2021_03_15
Unknown R3 70%:     (350, 2, 256), classes=10, labels=30-39, day=2021_03_23
After R3 eval 30%:  (600, 2, 256), classes=40, labels=0-39, day=2021_03_23

[Train-v2] classes=10 | train=300 | validation=50 | validation_fraction=0.142857
[Train-v2] RF augmentation=True | SupCon projection=64
Epoch 001/020 | train_loss=2.5839 | train_acc=0.2344 | val_acc=0.1000 | val_loss=2.3033
Epoch 002/020 | train_loss=2.1168 | train_acc=0.3750 | val_acc=0.1000 | val_loss=2.3365
Epoch 003/020 | train_loss=1.7926 | train_acc=0.5664 | val_acc=0.1000 | val_loss=2.5122
Epoch 004/020 | train_loss=1.5555 | train_acc=0.6797 | val_acc=0.1000 | val_loss=2.9060
Epoch 005/020 | train_loss=1.2912 | train_acc=0.8008 | val_acc=0.1000 | val_loss=3.5162
Epoch 006/020 | train_loss=1.0984 | train_acc=0.8633 | val_acc=0.1000 | val_loss=4.2018
Epoch 007/020 | train_loss=0.9456 | train_acc=0.9023 | val_acc=0.1000 | val_loss=5.0268
Epoch 008/020 | train_loss=0.8497 | train_acc=0.8867 | val_acc=0.1000 | val_loss=5.8926
Epoch 009/020 | train_loss=0.7941 | train_acc=0.8750 | val_acc=0.1000 | val_loss=6.5926
Epoch 010/020 | train_loss=0.6586 | train_acc=0.9531 | val_acc=0.1000 | val_loss=7.9181
Epoch 011/020 | train_loss=0.6202 | train_acc=0.9453 | val_acc=0.1000 | val_loss=8.9430
Epoch 012/020 | train_loss=0.5854 | train_acc=0.9375 | val_acc=0.1000 | val_loss=9.4421
Epoch 013/020 | train_loss=0.4923 | train_acc=0.9844 | val_acc=0.1000 | val_loss=10.0365
Epoch 014/020 | train_loss=0.5161 | train_acc=0.9570 | val_acc=0.1000 | val_loss=10.0711
Epoch 015/020 | train_loss=0.4528 | train_acc=0.9727 | val_acc=0.1000 | val_loss=9.7477
Epoch 016/020 | train_loss=0.4271 | train_acc=0.9844 | val_acc=0.1000 | val_loss=8.6301
Epoch 017/020 | train_loss=0.3990 | train_acc=0.9961 | val_acc=0.1000 | val_loss=7.5317
Epoch 018/020 | train_loss=0.3928 | train_acc=0.9844 | val_acc=0.1200 | val_loss=5.8961
Epoch 019/020 | train_loss=0.4209 | train_acc=0.9766 | val_acc=0.2000 | val_loss=3.5823
Epoch 020/020 | train_loss=0.3655 | train_acc=0.9961 | val_acc=0.4600 | val_loss=2.0485
[Train-v2] best_val_acc=0.4600 | best_val_loss=2.0485 | saved=C:\Users\123\PycharmProjects\OpenSet_Incremental_SEI\results\manytx_rx2_mvacc_cil_orderblock_seed23\closedset_manytx_rx2_day1_10known.pth
[Load] checkpoint=C:\Users\123\PycharmProjects\OpenSet_Incremental_SEI\results\manytx_rx2_mvacc_cil_orderblock_seed23\closedset_manytx_rx2_day1_10known.pth

[Extract] Deep embeddings
[CF-LCG] view=all24_base | purity=0.392 | gate_open=False

[MV-ACC calibration | Day1 held-out known labels only]
 Candidate Min Cluster Ratio  Candidate Merge Threshold  Final Cluster Count  Cluster Count Error   Purity      NMI      ARI  Hungarian Acc  Calibration Score
                    0.030000                   0.740000                    1                    9 0.100000 0.000000 0.000000       0.100000          -2.150000
                    0.030000                   0.780000                    1                    9 0.100000 0.000000 0.000000       0.100000          -2.150000
                    0.030000                   0.820000                    1                    9 0.100000 0.000000 0.000000       0.100000          -2.150000
                    0.030000                   0.860000                    1                    9 0.100000 0.000000 0.000000       0.100000          -2.150000
                    0.045000                   0.740000                    1                    9 0.100000 0.000000 0.000000       0.100000          -2.150000
                    0.045000                   0.780000                    1                    9 0.100000 0.000000 0.000000       0.100000          -2.150000
                    0.045000                   0.820000                    1                    9 0.100000 0.000000 0.000000       0.100000          -2.150000
                    0.045000                   0.860000                    1                    9 0.100000 0.000000 0.000000       0.100000          -2.150000
                    0.060000                   0.740000                    1                    9 0.100000 0.000000 0.000000       0.100000          -2.150000
                    0.060000                   0.780000                    1                    9 0.100000 0.000000 0.000000       0.100000          -2.150000
                    0.060000                   0.820000                    1                    9 0.100000 0.000000 0.000000       0.100000          -2.150000
                    0.060000                   0.860000                    1                    9 0.100000 0.000000 0.000000       0.100000          -2.150000
                    0.080000                   0.740000                    1                    9 0.100000 0.000000 0.000000       0.100000          -2.150000
                    0.080000                   0.780000                    1                    9 0.100000 0.000000 0.000000       0.100000          -2.150000
                    0.080000                   0.820000                    1                    9 0.100000 0.000000 0.000000       0.100000          -2.150000
                    0.080000                   0.860000                    1                    9 0.100000 0.000000 0.000000       0.100000          -2.150000
[MV-ACC calibration] frozen ratio=0.045, merge_threshold=0.78, informative=False | saved=C:\Users\123\PycharmProjects\OpenSet_Incremental_SEI\results\manytx_rx2_mvacc_cil_orderblock_seed23\mvacc_day1_known_calibration.csv

[MV-ACC-CIL] End-to-end pseudo-label class-incremental learning

========== Table 1: Unknown Discovery / Clustering Results ==========
              Method Round Discovery Day  True New Classes  Samples  Initial Cluster Count  Final Cluster Count  Cluster Count Error  Over-clustering Ratio  Clusters  Noise      NMI      ARI   Purity  Hungarian Acc           Fusion  Alpha Min  Alpha Max  Adaptive Weight Mean  Adaptive Weight Min  Adaptive Weight Max  Iter Merge Rounds  Iter Merge Total Merges  Iter Merge Threshold  Noise Before Reassignment  Noise Reassigned  Assignment Coverage  Assignment Score Mean  Assignment Score Min  No-cluster Fallback  Adaptive Split Count  Adaptive Split Size Factor  Adaptive Split Silhouette Threshold  Adaptive Split Silhouette Mean  MVACC Min Cluster Size  MVACC Min Cluster Ratio  MVACC Min Samples
MV-ACC-CIL discovery    R1         Day 2                10      350                     16                   12                    2                    1.2        12    0.0 0.899111 0.840045 0.945714       0.851429 bounded_adaptive       0.65       0.95              0.793023                 0.65                 0.95                 12                        4                  0.78                          9                 9                  1.0               0.885687              0.726519                False                     0                        1.75                                  0.3                             NaN                      10                 0.028571                  5
MV-ACC-CIL discovery    R2         Day 3                10      350                     15                   10                    0                    1.0        10    0.0 0.984763 0.980921 0.991429       0.991429 bounded_adaptive       0.65       0.95              0.800955                 0.65                 0.95                 12                        5                  0.78                          2                 2                  1.0               0.735591              0.734866                False                     0                        1.75                                  0.3                             NaN                      10                 0.028571                  5
MV-ACC-CIL discovery    R3         Day 4                10      350                     14                   11                    1                    1.1        11    0.0 0.949195 0.910129 0.968571       0.928571 bounded_adaptive       0.65       0.95              0.800898                 0.65                 0.95                 12                        3                  0.78                         10                10                  1.0               0.909861              0.865837                False                     0                        1.75                                  0.3                             NaN                      10                 0.028571                  5
Saved: C:\Users\123\PycharmProjects\OpenSet_Incremental_SEI\results\manytx_rx2_mvacc_cil_orderblock_seed23\clustering_results.csv

========== Table 2: Incremental Recognition Results ==========
    Method    Stage   Eval Day              Eval Split  Seen Classes True New Classes Discovered Clusters Enrolled Clusters  Eval Samples  Overall Acc  Old Acc  New Acc  Initial Known Acc  Forgetting Rate  Macro F1
MV-ACC-CIL  Initial 2021_03_01 day1_eval_initial_30pct            10                -                   -                 -           150     0.420000 0.420000      NaN               0.42             0.00  0.359217
MV-ACC-CIL After R1 2021_03_08   eval_r1_30pct_20_seen            20               10                  12                12           300     0.576667 0.580000 0.573333               0.58            -0.16  0.528361
MV-ACC-CIL After R2 2021_03_15   eval_r2_30pct_30_seen            30               10                  10                10           450     0.588889 0.416667 0.933333               0.58            -0.16  0.548384
MV-ACC-CIL After R3 2021_03_23   eval_r3_30pct_40_seen            40               10                  11                11           600     0.478333 0.333333 0.913333               0.22             0.20  0.407688
Saved: C:\Users\123\PycharmProjects\OpenSet_Incremental_SEI\results\manytx_rx2_mvacc_cil_orderblock_seed23\incremental_results.csv

========== Table 3: Per-Round Summary Results ==========
    Method Round  Cluster Count  Incremental Pseudo-label Classes  Cluster Count Error  Sample Coverage   Purity      NMI      ARI  Hungarian Acc  Overall Acc  New Acc  Forgetting Rate
MV-ACC-CIL    R1             12                                12                    2         1.000000 0.945714 0.899111 0.840045       0.851429     0.576667 0.573333        -0.160000
MV-ACC-CIL    R2             10                                10                    0         1.000000 0.991429 0.984763 0.980921       0.991429     0.588889 0.933333        -0.160000
MV-ACC-CIL    R3             11                                11                    1         1.000000 0.968571 0.949195 0.910129       0.928571     0.478333 0.913333         0.200000
Saved: C:\Users\123\PycharmProjects\OpenSet_Incremental_SEI\results\manytx_rx2_mvacc_cil_orderblock_seed23\per_round_summary_results.csv
