
========== Strict ADS-B 90-Known 3-Round MV-ACC-CIL Experiment ==========
Dataset root: /mnt/users/xj62kv/OpenSet_Incremental_SEI/数据集/ADS-B/Dataset
Save dir: results/stage17/adsb_pseudo_register_seed7_45153814/top0p60
Device: cuda
Backbone: adsb_long
Protocol: 90 known + 10 novel R1 + 10 novel R2 + 10 novel R3
Receiver setting: receiver metadata unavailable; treated as one acquisition domain
Old-class prototype bonus beta: 0.0
Closed-set training loss: CE + 0.1 * SupCon(T=0.2)
Base-class protocol: 60% backbone train + 10% validation + 30% stored-order held-out evaluation
Novel-class protocol: provided train file for discovery/training; provided test file for evaluation only
Fusion: fixed alpha | alpha=0.7
No-drop consolidation (ablation): rounds=5, threshold=0.78, coverage=100%
MV-ACC: mcs_ratio=0.045, min_samples=5, merge_th=0.74, sub_prototypes=5, split_factor=1.75, split_sil=0.3, coverage=100%, strict_alignment=Hungarian

[Splits]
Base development 70%: (14388, 2, 4800), classes=90, labels=0-89
Initial eval 30%:     (6178, 2, 4800), classes=90, labels=0-89, day=ADS-B known-pool held-out partition
Novel R1 train file: (3081, 2, 4800), classes=10, labels=90-99, source=ADS-B novel pool group 0-9
After R1 held-out eval: (7178, 2, 4800), classes=100, labels=0-99, source=ADS-B held-out evaluation after round 1
Novel R2 train file: (2911, 2, 4800), classes=10, labels=100-109, source=ADS-B novel pool group 10-19
After R2 held-out eval: (8178, 2, 4800), classes=110, labels=0-109, source=ADS-B held-out evaluation after round 2
Novel R3 train file: (2448, 2, 4800), classes=10, labels=110-119, source=ADS-B novel pool group 20-29
After R3 held-out eval: (9178, 2, 4800), classes=120, labels=0-119, source=ADS-B held-out evaluation after round 3
[Integrity] exact IQ overlap across every development/test boundary: 0
[Load] checkpoint=/mnt/users/xj62kv/OpenSet_Incremental_SEI/results/stage4/adsb_main_long_radcil_seed7_44470736/closedset_adsb_90known_strict.pth

[Extract] Deep embeddings
[CF-LCG] view=all24_base | purity=0.111 | gate_open=False
[CF-LCG] global binary gate closed; Local CF-LCG remains sample-adaptive.
[MV-ACC calibration] Day1 validation only: ratio=0.03, merge_threshold=0.74

[MV-ACC-CIL] End-to-end pseudo-label class-incremental learning
[pseudo register] R1: kept=1853/3081 top_fraction=0.60
[pseudo register] R2: kept=1751/2911 top_fraction=0.60
[pseudo register] R3: kept=1473/2448 top_fraction=0.60

========== Table 1: Unknown Discovery / Clustering Results ==========
              Method Round Discovery Day  True New Classes  Samples  Initial Cluster Count  Final Cluster Count  Cluster Count Error  Over-clustering Ratio  Assignment Coverage  Noise Points  Clusters  Noise      NMI      ARI   Purity  Hungarian Acc  Label-free Silhouette  Cluster Size Min  Cluster Size Median  Cluster Size Max  Cluster Size CV  Small Cluster Fraction  Raw HDBSCAN Confidence Mean Discovery Backend Discovery Feature Adapter                          GPCC Backend  GPCC Target Clusters GPCC Selected Candidate                                                                                                                                                                                                                                                                                                                                                                                                                                                                                                                                               GPCC Candidate Scores  GPCC Silhouette  GPCC Prototype Margin Mean  GPCC Silhouette Confidence Mean  GPCC Confidence Mean  GPCC Confidence Min  GPCC Cluster Stability  GPCC Cluster Size CV  GPCC Uses HDBSCAN
MV-ACC-CIL discovery    R1         Day 2                10     3081                     10                   10                    0                    1.0                  1.0             0        10    0.0 0.877839 0.835875 0.912366       0.912366               0.303857               107                320.0               553         0.463502                     0.2                     0.501408              GPCC                      none graph_prototype_controlled_clustering                    10            kmeans_joint    {'kmeans_joint': {'score': 0.5417376113811727, 'silhouette': 0.2819620668888092, 'balance': 0.6832923729616383, 'stability': 1.0, 'cluster_size_cv': 0.4635023594155389}, 'kmeans_graph': {'score': 0.5164183072317798, 'silhouette': 0.267261803150177, 'balance': 0.7214002189373467, 'stability': 0.9005770868468526, 'cluster_size_cv': 0.3861930919192713}, 'agglomerative_joint': {'score': 0.5262007562190635, 'silhouette': 0.27765053510665894, 'balance': 0.6732322846230062, 'stability': 0.9553860199431992, 'cluster_size_cv': 0.4853714280205321}}         0.281962                    0.402377                         0.640981              0.501408             0.028853                     1.0              0.463502              False
MV-ACC-CIL discovery    R2         Day 3                10     2911                     10                   10                    0                    1.0                  1.0             0        10    0.0 0.829523 0.698665 0.813466       0.767777               0.309281               126                259.5               567         0.409295                     0.1                     0.483498              GPCC                      none graph_prototype_controlled_clustering                    10            kmeans_joint {'kmeans_joint': {'score': 0.5392590264754745, 'silhouette': 0.267898291349411, 'balance': 0.7095748311664923, 'stability': 1.0, 'cluster_size_cv': 0.40929463120340465}, 'kmeans_graph': {'score': 0.4677807489580076, 'silhouette': 0.23458799719810486, 'balance': 0.7488757213515238, 'stability': 0.7559288249149805, 'cluster_size_cv': 0.33533505158274174}, 'agglomerative_joint': {'score': 0.48325238081843347, 'silhouette': 0.2601323425769806, 'balance': 0.7518454372813625, 'stability': 0.7592420197792863, 'cluster_size_cv': 0.3300606087548428}}         0.267898                    0.379237                         0.633949              0.483498             0.043321                     1.0              0.409295              False
MV-ACC-CIL discovery    R3         Day 4                10     2448                     10                   10                    0                    1.0                  1.0             0        10    0.0 0.782886 0.646815 0.777778       0.689134               0.302426               124                259.5               391         0.358370                     0.1                     0.466421              GPCC                      none graph_prototype_controlled_clustering                    10            kmeans_joint {'kmeans_joint': {'score': 0.5345402665421257, 'silhouette': 0.24964535236358643, 'balance': 0.7361766137107658, 'stability': 1.0, 'cluster_size_cv': 0.3583696919675405}, 'kmeans_graph': {'score': 0.44505759558008506, 'silhouette': 0.22734662890434265, 'balance': 0.6767035775574737, 'stability': 0.7387049366848074, 'cluster_size_cv': 0.4777519037352335}, 'agglomerative_joint': {'score': 0.4879938615750532, 'silhouette': 0.25149813294410706, 'balance': 0.6974534859755315, 'stability': 0.840716765042752, 'cluster_size_cv': 0.4337873709259555}}         0.249645                    0.360423                         0.624823              0.466421             0.004015                     1.0              0.358370              False
Saved: results/stage17/adsb_pseudo_register_seed7_45153814/top0p60/clustering_results.csv

========== Table 2: Incremental Recognition Results ==========
    Method    Stage                                Eval Day              Eval Split  Seen Classes True New Classes Discovered Clusters Enrolled Clusters  Eval Samples  Overall Acc  Old Acc  New Acc  Initial Known Acc  Forgetting Rate  Macro F1
MV-ACC-CIL  Initial     ADS-B known-pool held-out partition day1_eval_initial_30pct            90                -                   -                 -          6178     0.599709 0.599709      NaN           0.599709         0.000000  0.546687
MV-ACC-CIL After R1 ADS-B held-out evaluation after round 1  eval_r1_30pct_100_seen           100               10                  10                10          7178     0.564224 0.531078    0.769           0.531078         0.068631  0.531906
MV-ACC-CIL After R2 ADS-B held-out evaluation after round 2  eval_r2_30pct_110_seen           110               10                  10                10          8178     0.547567 0.533993    0.645           0.526708         0.073001  0.522283
MV-ACC-CIL After R3 ADS-B held-out evaluation after round 3  eval_r3_30pct_120_seen           120               10                  10                10          9178     0.506319 0.507704    0.495           0.507122         0.092587  0.487679
Saved: results/stage17/adsb_pseudo_register_seed7_45153814/top0p60/incremental_results.csv

========== Table 3: Per-Round Summary Results ==========
    Method Round  Cluster Count  Incremental Pseudo-label Classes  Cluster Count Error  Sample Coverage   Purity      NMI      ARI  Hungarian Acc  Overall Acc  New Acc  Forgetting Rate
MV-ACC-CIL    R1             10                                10                    0         1.000000 0.912366 0.877839 0.835875       0.912366     0.564224 0.769000         0.068631
MV-ACC-CIL    R2             10                                10                    0         1.000000 0.813466 0.829523 0.698665       0.767777     0.547567 0.645000         0.073001
MV-ACC-CIL    R3             10                                10                    0         1.000000 0.777778 0.782886 0.646815       0.689134     0.506319 0.495000         0.092587
Saved: results/stage17/adsb_pseudo_register_seed7_45153814/top0p60/per_round_summary_results.csv

========== Strict ADS-B 90-Known 3-Round MV-ACC-CIL Experiment ==========
Dataset root: /mnt/users/xj62kv/OpenSet_Incremental_SEI/数据集/ADS-B/Dataset
Save dir: results/stage17/adsb_pseudo_register_seed7_45153814/top0p80
Device: cuda
Backbone: adsb_long
Protocol: 90 known + 10 novel R1 + 10 novel R2 + 10 novel R3
Receiver setting: receiver metadata unavailable; treated as one acquisition domain
Old-class prototype bonus beta: 0.0
Closed-set training loss: CE + 0.1 * SupCon(T=0.2)
Base-class protocol: 60% backbone train + 10% validation + 30% stored-order held-out evaluation
Novel-class protocol: provided train file for discovery/training; provided test file for evaluation only
Fusion: fixed alpha | alpha=0.7
No-drop consolidation (ablation): rounds=5, threshold=0.78, coverage=100%
MV-ACC: mcs_ratio=0.045, min_samples=5, merge_th=0.74, sub_prototypes=5, split_factor=1.75, split_sil=0.3, coverage=100%, strict_alignment=Hungarian

[Splits]
Base development 70%: (14388, 2, 4800), classes=90, labels=0-89
Initial eval 30%:     (6178, 2, 4800), classes=90, labels=0-89, day=ADS-B known-pool held-out partition
Novel R1 train file: (3081, 2, 4800), classes=10, labels=90-99, source=ADS-B novel pool group 0-9
After R1 held-out eval: (7178, 2, 4800), classes=100, labels=0-99, source=ADS-B held-out evaluation after round 1
Novel R2 train file: (2911, 2, 4800), classes=10, labels=100-109, source=ADS-B novel pool group 10-19
After R2 held-out eval: (8178, 2, 4800), classes=110, labels=0-109, source=ADS-B held-out evaluation after round 2
Novel R3 train file: (2448, 2, 4800), classes=10, labels=110-119, source=ADS-B novel pool group 20-29
After R3 held-out eval: (9178, 2, 4800), classes=120, labels=0-119, source=ADS-B held-out evaluation after round 3
[Integrity] exact IQ overlap across every development/test boundary: 0
[Load] checkpoint=/mnt/users/xj62kv/OpenSet_Incremental_SEI/results/stage4/adsb_main_long_radcil_seed7_44470736/closedset_adsb_90known_strict.pth

[Extract] Deep embeddings
[CF-LCG] view=all24_base | purity=0.111 | gate_open=False
[CF-LCG] global binary gate closed; Local CF-LCG remains sample-adaptive.
[MV-ACC calibration] Day1 validation only: ratio=0.03, merge_threshold=0.74

[MV-ACC-CIL] End-to-end pseudo-label class-incremental learning
[pseudo register] R1: kept=2470/3081 top_fraction=0.80
[pseudo register] R2: kept=2331/2911 top_fraction=0.80
[pseudo register] R3: kept=1960/2448 top_fraction=0.80

========== Table 1: Unknown Discovery / Clustering Results ==========
              Method Round Discovery Day  True New Classes  Samples  Initial Cluster Count  Final Cluster Count  Cluster Count Error  Over-clustering Ratio  Assignment Coverage  Noise Points  Clusters  Noise      NMI      ARI   Purity  Hungarian Acc  Label-free Silhouette  Cluster Size Min  Cluster Size Median  Cluster Size Max  Cluster Size CV  Small Cluster Fraction  Raw HDBSCAN Confidence Mean Discovery Backend Discovery Feature Adapter                          GPCC Backend  GPCC Target Clusters GPCC Selected Candidate                                                                                                                                                                                                                                                                                                                                                                                                                                                                                                                                                GPCC Candidate Scores  GPCC Silhouette  GPCC Prototype Margin Mean  GPCC Silhouette Confidence Mean  GPCC Confidence Mean  GPCC Confidence Min  GPCC Cluster Stability  GPCC Cluster Size CV  GPCC Uses HDBSCAN
MV-ACC-CIL discovery    R1         Day 2                10     3081                     10                   10                    0                    1.0                  1.0             0        10    0.0 0.877839 0.835875 0.912366       0.912366               0.303863               107                320.0               553         0.463502                     0.2                     0.501422              GPCC                      none graph_prototype_controlled_clustering                    10            kmeans_joint        {'kmeans_joint': {'score': 0.541733333257794, 'silhouette': 0.281954288482666, 'balance': 0.6832923729616383, 'stability': 1.0, 'cluster_size_cv': 0.4635023594155389}, 'kmeans_graph': {'score': 0.5187759070943139, 'silhouette': 0.2652953565120697, 'balance': 0.749710568927115, 'stability': 0.8916853889090104, 'cluster_size_cv': 0.3338480761063107}, 'agglomerative_joint': {'score': 0.5261971829206091, 'silhouette': 0.2776440382003784, 'balance': 0.6732322846230062, 'stability': 0.9553860199431992, 'cluster_size_cv': 0.4853714280205321}}         0.281954                    0.402385                         0.640977              0.501422             0.029828                     1.0              0.463502              False
MV-ACC-CIL discovery    R2         Day 3                10     2911                     10                   10                    0                    1.0                  1.0             0        10    0.0 0.830232 0.699231 0.813810       0.768121               0.307668               127                259.5               567         0.408573                     0.1                     0.483488              GPCC                      none graph_prototype_controlled_clustering                    10            kmeans_joint {'kmeans_joint': {'score': 0.5392598040230192, 'silhouette': 0.2677675485610962, 'balance': 0.7099382615720816, 'stability': 1.0, 'cluster_size_cv': 0.40857318745662186}, 'kmeans_graph': {'score': 0.4606812400984506, 'silhouette': 0.23240992426872253, 'balance': 0.7188427392916135, 'stability': 0.7563489355693219, 'cluster_size_cv': 0.3911248529622126}, 'agglomerative_joint': {'score': 0.48179934368604377, 'silhouette': 0.2600269019603729, 'balance': 0.7504186740750561, 'stability': 0.7548032511713096, 'cluster_size_cv': 0.33258943913218914}}         0.267768                    0.379326                         0.633884              0.483488             0.033393                     1.0              0.408573              False
MV-ACC-CIL discovery    R3         Day 4                10     2448                     10                   10                    0                    1.0                  1.0             0        10    0.0 0.737612 0.545818 0.733252       0.624183               0.290872               135                224.5               392         0.351980                     0.0                     0.465861              GPCC                      none graph_prototype_controlled_clustering                    10            kmeans_joint    {'kmeans_joint': {'score': 0.5329511969288675, 'silhouette': 0.24549095332622528, 'balance': 0.7396558629972178, 'stability': 1.0, 'cluster_size_cv': 0.3519800896971481}, 'kmeans_graph': {'score': 0.4139937168009471, 'silhouette': 0.2282199263572693, 'balance': 0.6942736859405167, 'stability': 0.5984720804653827, 'cluster_size_cv': 0.44035417192187387}, 'agglomerative_joint': {'score': 0.4865197833723951, 'silhouette': 0.252096951007843, 'balance': 0.699131432297814, 'stability': 0.8321606954340744, 'cluster_size_cv': 0.43034621789687005}}         0.245491                    0.360873                         0.622746              0.465861             0.045202                     1.0              0.351980              False
Saved: results/stage17/adsb_pseudo_register_seed7_45153814/top0p80/clustering_results.csv

========== Table 2: Incremental Recognition Results ==========
    Method    Stage                                Eval Day              Eval Split  Seen Classes True New Classes Discovered Clusters Enrolled Clusters  Eval Samples  Overall Acc  Old Acc  New Acc  Initial Known Acc  Forgetting Rate  Macro F1
MV-ACC-CIL  Initial     ADS-B known-pool held-out partition day1_eval_initial_30pct            90                -                   -                 -          6178     0.599709 0.599709      NaN           0.599709         0.000000  0.546687
MV-ACC-CIL After R1 ADS-B held-out evaluation after round 1  eval_r1_30pct_100_seen           100               10                  10                10          7178     0.562134 0.527031    0.779           0.527031         0.072677  0.530370
MV-ACC-CIL After R2 ADS-B held-out evaluation after round 2  eval_r2_30pct_110_seen           110               10                  10                10          8178     0.551235 0.534550    0.671           0.523470         0.076238  0.527676
MV-ACC-CIL After R3 ADS-B held-out evaluation after round 3  eval_r3_30pct_120_seen           120               10                  10                10          9178     0.504903 0.505625    0.499           0.502590         0.097119  0.488936
Saved: results/stage17/adsb_pseudo_register_seed7_45153814/top0p80/incremental_results.csv

========== Table 3: Per-Round Summary Results ==========
    Method Round  Cluster Count  Incremental Pseudo-label Classes  Cluster Count Error  Sample Coverage   Purity      NMI      ARI  Hungarian Acc  Overall Acc  New Acc  Forgetting Rate
MV-ACC-CIL    R1             10                                10                    0         1.000000 0.912366 0.877839 0.835875       0.912366     0.562134 0.779000         0.072677
MV-ACC-CIL    R2             10                                10                    0         1.000000 0.813810 0.830232 0.699231       0.768121     0.551235 0.671000         0.076238
MV-ACC-CIL    R3             10                                10                    0         1.000000 0.733252 0.737612 0.545818       0.624183     0.504903 0.499000         0.097119
Saved: results/stage17/adsb_pseudo_register_seed7_45153814/top0p80/per_round_summary_results.csv
saved results/stage17/STAGE17_ADSB_PSEUDO_REGISTER_SEED7_REPORT_45153814.md
