Epoch 001/020 | val_acc=0.1357 | val_loss=2.3766 | physical=0.7354 | unlabeled_physical=1.2191
Epoch 002/020 | val_acc=0.1286 | val_loss=2.2661 | physical=0.6233 | unlabeled_physical=1.2441
Epoch 003/020 | val_acc=0.2429 | val_loss=2.1832 | physical=0.5875 | unlabeled_physical=0.9296
Epoch 004/020 | val_acc=0.1929 | val_loss=1.9587 | physical=0.5416 | unlabeled_physical=0.9271
Epoch 005/020 | val_acc=0.2143 | val_loss=1.9434 | physical=0.4842 | unlabeled_physical=0.9824
Epoch 006/020 | val_acc=0.2786 | val_loss=1.7866 | physical=0.4180 | unlabeled_physical=0.7479
Epoch 007/020 | val_acc=0.1571 | val_loss=2.5019 | physical=0.3112 | unlabeled_physical=0.7971
Epoch 008/020 | val_acc=0.3643 | val_loss=1.5608 | physical=0.3854 | unlabeled_physical=0.6649
Epoch 009/020 | val_acc=0.4643 | val_loss=1.2920 | physical=0.3738 | unlabeled_physical=0.6030
Epoch 010/020 | val_acc=0.4643 | val_loss=1.3365 | physical=0.3672 | unlabeled_physical=0.8428
Epoch 011/020 | val_acc=0.1929 | val_loss=2.4735 | physical=0.3865 | unlabeled_physical=0.6840
Epoch 012/020 | val_acc=0.3643 | val_loss=1.5224 | physical=0.3603 | unlabeled_physical=0.6392
Epoch 013/020 | val_acc=0.3571 | val_loss=1.3717 | physical=0.3354 | unlabeled_physical=0.6410
Epoch 014/020 | val_acc=0.4857 | val_loss=1.2190 | physical=0.3183 | unlabeled_physical=0.5461
Epoch 015/020 | val_acc=0.6000 | val_loss=1.0727 | physical=0.3159 | unlabeled_physical=0.5746
Epoch 016/020 | val_acc=0.4571 | val_loss=1.1962 | physical=0.3252 | unlabeled_physical=0.6125
Epoch 017/020 | val_acc=0.4357 | val_loss=1.1950 | physical=0.2892 | unlabeled_physical=0.5696
Epoch 018/020 | val_acc=0.5071 | val_loss=1.1426 | physical=0.2063 | unlabeled_physical=0.4184
Epoch 019/020 | val_acc=0.5429 | val_loss=1.1103 | physical=0.2181 | unlabeled_physical=0.4598
Epoch 020/020 | val_acc=0.4643 | val_loss=1.2767 | physical=0.2468 | unlabeled_physical=0.4110
{"checkpoint": "results/stage39/lora_discovery_physical_checkpoint_seed7_45652803.pth", "best": {"validation_accuracy": 0.6, "validation_loss": 1.0727026803152901, "epoch": 15}}

========== LoRa25 Different Days Indoor 10-Known 3-Round Incremental Experiment ==========
Dataset: /mnt/users/xj62kv/OpenSet_Incremental_SEI/datasets/lora25_compact/lora25_diffdays_indoor_aligned_group_256.npz
Save dir: results/stage39/lora_discovery_physical_seed7_45652803
Device: cuda
Protocol: 10 known + 5 unknown R1 + 5 unknown R2 + 5 unknown R3
LoRa split: IQ_1-6 train | IQ_7 validation | IQ_8-10 held-out evaluation
Old-class prototype bonus beta: 0.0
Incremental dual-view consistency weight: 0.0
Cross-day feature domain alignment weight: 0.0
Pseudo-label cluster reliability weighting: False (floor=0.2)
Closed-set training loss: CE + 0.1 * SupCon(T=0.2)
Sample-level protocol: 60% backbone train + 10% validation + 30% held-out evaluation
Fusion: fixed alpha | alpha=0.7
No-drop consolidation (ablation): rounds=5, threshold=0.78, coverage=100%
MV-ACC: mcs_ratio=0.045, min_samples=5, merge_th=0.74, sub_prototypes=5, split_factor=1.75, split_sil=0.3, coverage=100%, strict_alignment=Hungarian

[Splits]
Day1 known train IQ_1-6 train: (840, 2, 256), classes=10, labels=0-9
Initial eval 30%:     (420, 2, 256), classes=10, labels=0-9, day=Day 1
Unknown R1 IQ_1-7 discovery: (490, 2, 256), classes=5, labels=10-14, day=Day 2
After R1 IQ_8-10 eval: (630, 2, 256), classes=15, labels=0-14, day=Day 2
Unknown R2 IQ_1-7 discovery: (490, 2, 256), classes=5, labels=15-19, day=Day 3
After R2 IQ_8-10 eval: (840, 2, 256), classes=20, labels=0-19, day=Day 3
Unknown R3 IQ_1-7 discovery: (490, 2, 256), classes=5, labels=20-24, day=Day 4
After R3 IQ_8-10 eval: (1050, 2, 256), classes=25, labels=0-24, day=Day 4
[Load] checkpoint=results/stage39/lora_discovery_physical_checkpoint_seed7_45652803.pth

[Extract] Deep embeddings
[CF-LCG] view=all24_base | purity=0.347 | gate_open=False
[CF-LCG] global binary gate closed; Local CF-LCG remains sample-adaptive.
[MV-ACC calibration] Day1 validation only: ratio=0.03, merge_threshold=0.74

[MV-ACC-CIL] End-to-end pseudo-label class-incremental learning
[joint registration] R1: kept=394/490 top_fraction=0.80; all discovery samples remain in current-round training
[joint registration] R2: kept=394/490 top_fraction=0.80; all discovery samples remain in current-round training
[joint registration] R3: kept=393/490 top_fraction=0.80; all discovery samples remain in current-round training

========== Representative Class-Incremental Baselines: Shared Graph-fusion pseudo-labels ==========

========== Representative Class-Incremental Baselines: End-to-end with neutral Deep-HDBSCAN discovery ==========

========== Table 1: Unknown Discovery / Clustering Results ==========
              Method Round Discovery Day  True New Classes  Samples  Initial Cluster Count  Final Cluster Count  Cluster Count Error  Over-clustering Ratio  Assignment Coverage  Noise Points  Clusters  Noise      NMI      ARI   Purity  Hungarian Acc        Discovery Backend Discovery Feature Adapter                          GPCC Backend  GPCC Target Clusters GPCC Selected Candidate                                                                                                                                                                                                                                                                                                                                                                                                                                                                                                                                                 GPCC Candidate Scores  GPCC Silhouette  GPCC Prototype Margin Mean  GPCC Silhouette Confidence Mean  GPCC Confidence Mean  GPCC Confidence Min  GPCC Cluster Stability  GPCC Cluster Size CV  GPCC Uses HDBSCAN                    Recording-Consensus Backend  Recording-Consensus Groups  Recording-Consensus Threshold  Recording-Consensus Accepted Groups  Recording-Consensus Changed Samples  Recording-Consensus Mean Consistency  Recording-Consensus Min Consistency       Cross-Day Adapter  Cross-Day Epochs  Cross-Day Batch Size  Cross-Day LR  Cross-Day Consistency Weight  Cross-Day CORAL Weight  Cross-Day Known Samples  Cross-Day Discovery Samples  Cross-Day Final Total  Cross-Day Final CE  Cross-Day Final Consistency  Cross-Day Final CORAL                    LoRa SSL Adapter  LoRa SSL Epochs  LoRa SSL Batch Size  LoRa SSL LR  LoRa SSL CE Weight  LoRa SSL Instance Weight  LoRa SSL Teacher Weight  LoRa SSL Temperature  LoRa SSL Known Samples  LoRa SSL Discovery Samples  LoRa SSL Final Total  LoRa SSL Final CE  LoRa SSL Final Instance  LoRa SSL Final Teacher
MV-ACC-CIL discovery    R1         Day 2                 5      490                      5                    5                    0                    1.0                  1.0             0         5    0.0 0.471643 0.396354 0.563265       0.553061 Recording-Consensus-GPCC                      none graph_prototype_controlled_clustering                     5            kmeans_joint  {'kmeans_joint': {'score': 0.5264766559682796, 'silhouette': 0.2255479246377945, 'balance': 0.7621264870874636, 'stability': 1.0, 'cluster_size_cv': 0.3121181548506364}, 'kmeans_graph': {'score': 0.46266128526931793, 'silhouette': 0.20755724608898163, 'balance': 0.7175837862033095, 'stability': 0.8199521707188643, 'cluster_size_cv': 0.3935654891130368}, 'agglomerative_joint': {'score': 0.46299257031493624, 'silhouette': 0.23669900000095367, 'balance': 0.7259404598196058, 'stability': 0.7504801134019622, 'cluster_size_cv': 0.3775234407633063}}         0.225548                    0.341845                         0.612774              0.448923             0.097408                     1.0              0.312118              False symbol_gpcc_with_selective_recording_consensus                          35                           0.65                                   17                                   45                              0.683673                             0.357143 train_consistency_coral                 2                   128       0.00001                           0.5                    0.05                      840                          490               0.929666            0.923656                     0.004182               0.078371 instance_contrastive_teacher_anchor                3                  128      0.00001                 1.0                       0.5                      0.2                   0.2                     840                         490              2.961054           0.882194                 4.156391                0.003327
MV-ACC-CIL discovery    R2         Day 3                 5      490                      5                    5                    0                    1.0                  1.0             0         5    0.0 0.425945 0.338980 0.577551       0.573469 Recording-Consensus-GPCC                      none graph_prototype_controlled_clustering                     5            kmeans_joint     {'kmeans_joint': {'score': 0.5133682567887056, 'silhouette': 0.183942511677742, 'balance': 0.8109993768297376, 'stability': 1.0, 'cluster_size_cv': 0.23304657015777402}, 'kmeans_graph': {'score': 0.3541970602114093, 'silhouette': 0.14277362823486328, 'balance': 0.736320817503392, 'stability': 0.5136296047262242, 'cluster_size_cv': 0.3581036638223167}, 'agglomerative_joint': {'score': 0.4319982690635859, 'silhouette': 0.1664274036884308, 'balance': 0.7253314476605718, 'stability': 0.7815876300113385, 'cluster_size_cv': 0.37868005478781197}}         0.183943                    0.294535                         0.591971              0.407371             0.095634                     1.0              0.233047              False symbol_gpcc_with_selective_recording_consensus                          35                           0.65                                   15                                   48                              0.640816                             0.285714 train_consistency_coral                 2                   128       0.00001                           0.5                    0.05                      840                          490               1.312830            1.306909                     0.002339               0.095040 instance_contrastive_teacher_anchor                3                  128      0.00001                 1.0                       0.5                      0.2                   0.2                     840                         490              3.342895           1.317653                 4.049528                0.002388
MV-ACC-CIL discovery    R3         Day 4                 5      490                      5                    5                    0                    1.0                  1.0             0         5    0.0 0.648515 0.578685 0.702041       0.695918 Recording-Consensus-GPCC                      none graph_prototype_controlled_clustering                     5            kmeans_joint {'kmeans_joint': {'score': 0.540800802429696, 'silhouette': 0.25120970606803894, 'balance': 0.7631773204613729, 'stability': 1.0, 'cluster_size_cv': 0.31031147439687784}, 'kmeans_graph': {'score': 0.34492774041099517, 'silhouette': 0.12961503863334656, 'balance': 0.7352533415804716, 'stability': 0.5063552033862407, 'cluster_size_cv': 0.36007542359540917}, 'agglomerative_joint': {'score': 0.5243039592397779, 'silhouette': 0.24700091779232025, 'balance': 0.777821877631858, 'stability': 0.9315563157105208, 'cluster_size_cv': 0.28564139008866857}}         0.251210                    0.365698                         0.625605              0.472252             0.067523                     1.0              0.310311              False symbol_gpcc_with_selective_recording_consensus                          35                           0.65                                   25                                   63                              0.751020                             0.428571 train_consistency_coral                 2                   128       0.00001                           0.5                    0.05                      840                          490               1.743333            1.741088                     0.000932               0.035569 instance_contrastive_teacher_anchor                3                  128      0.00001                 1.0                       0.5                      0.2                   0.2                     840                         490              3.727550           1.739697                 3.975155                0.001374
Saved: results/stage39/lora_discovery_physical_seed7_45652803/clustering_results.csv

========== Table 2: Incremental Recognition Results ==========
    Method    Stage Eval Day              Eval Split  Seen Classes True New Classes Discovered Clusters Enrolled Clusters  Eval Samples  Overall Acc  Old Acc  New Acc  Initial Known Acc  Forgetting Rate  Macro F1
MV-ACC-CIL  Initial    Day 1 day1_eval_initial_30pct            10                -                   -                 -           420     0.585714 0.585714      NaN           0.585714         0.000000  0.568100
MV-ACC-CIL After R1    Day 2   eval_r1_30pct_15_seen            15                5                   5                 5           630     0.361905 0.380952 0.323810           0.380952         0.204762  0.318995
MV-ACC-CIL After R2    Day 3   eval_r2_30pct_20_seen            20                5                   5                 5           840     0.298810 0.328571 0.209524           0.397619         0.188095  0.254474
MV-ACC-CIL After R3    Day 4   eval_r3_30pct_25_seen            25                5                   5                 5          1050     0.230476 0.182143 0.423810           0.247619         0.338095  0.181163
Saved: results/stage39/lora_discovery_physical_seed7_45652803/incremental_results.csv

========== Table 3: Per-Round Summary Results ==========
    Method Round  Cluster Count  Incremental Pseudo-label Classes  Cluster Count Error  Sample Coverage   Purity      NMI      ARI  Hungarian Acc  Overall Acc  New Acc  Forgetting Rate
MV-ACC-CIL    R1              5                                 5                    0         1.000000 0.563265 0.471643 0.396354       0.553061     0.361905 0.323810         0.204762
MV-ACC-CIL    R2              5                                 5                    0         1.000000 0.577551 0.425945 0.338980       0.573469     0.298810 0.209524         0.188095
MV-ACC-CIL    R3              5                                 5                    0         1.000000 0.702041 0.648515 0.578685       0.695918     0.230476 0.423810         0.338095
Saved: results/stage39/lora_discovery_physical_seed7_45652803/per_round_summary_results.csv

========== Table 4: Shared-Discovery Baseline Details ==========
     Method    Stage Eval Day              Eval Split  Seen Classes True New Classes Discovered Clusters Enrolled Clusters  Eval Samples  Overall Acc  Old Acc  New Acc  Initial Known Acc  Forgetting Rate  Macro F1
     Ft-CNN  Initial    Day 1 day1_eval_initial_30pct            10                -                   -                 -           420     0.480952 0.480952      NaN           0.480952         0.000000  0.414656
        LwF  Initial    Day 1 day1_eval_initial_30pct            10                -                   -                 -           420     0.480952 0.480952      NaN           0.480952         0.000000  0.414656
       EEIL  Initial    Day 1 day1_eval_initial_30pct            10                -                   -                 -           420     0.480952 0.480952      NaN           0.480952         0.000000  0.414656
      iCaRL  Initial    Day 1 day1_eval_initial_30pct            10                -                   -                 -           420     0.595238 0.595238      NaN           0.595238         0.000000  0.582965
TPCIL-style  Initial    Day 1 day1_eval_initial_30pct            10                -                   -                 -           420     0.578571 0.578571      NaN           0.578571         0.000000  0.567293
  DOI-style  Initial    Day 1 day1_eval_initial_30pct            10                -                   -                 -           420     0.595238 0.595238      NaN           0.595238         0.000000  0.582965
     Ft-CNN After R1    Day 2   eval_r1_30pct_15_seen            15                5                   5                 5           630     0.339683 0.407143 0.204762           0.407143         0.073810  0.256387
        LwF After R1    Day 2   eval_r1_30pct_15_seen            15                5                   5                 5           630     0.349206 0.459524 0.128571           0.459524         0.021429  0.280779
      iCaRL After R1    Day 2   eval_r1_30pct_15_seen            15                5                   5                 5           630     0.434921 0.495238 0.314286           0.495238         0.100000  0.439070
       EEIL After R1    Day 2   eval_r1_30pct_15_seen            15                5                   5                 5           630     0.288889 0.285714 0.295238           0.285714         0.195238  0.216691
TPCIL-style After R1    Day 2   eval_r1_30pct_15_seen            15                5                   5                 5           630     0.434921 0.514286 0.276190           0.514286         0.064286  0.440753
  DOI-style After R1    Day 2   eval_r1_30pct_15_seen            15                5                   5                 5           630     0.423810 0.490476 0.290476           0.490476         0.104762  0.427116
     Ft-CNN After R2    Day 3   eval_r2_30pct_20_seen            20                5                   5                 5           840     0.240476 0.263492 0.171429           0.392857         0.088095  0.200266
        LwF After R2    Day 3   eval_r2_30pct_20_seen            20                5                   5                 5           840     0.284524 0.276190 0.309524           0.414286         0.066667  0.217370
      iCaRL After R2    Day 3   eval_r2_30pct_20_seen            20                5                   5                 5           840     0.355952 0.392063 0.247619           0.490476         0.104762  0.361387
       EEIL After R2    Day 3   eval_r2_30pct_20_seen            20                5                   5                 5           840     0.267857 0.242857 0.342857           0.354762         0.126190  0.222531
TPCIL-style After R2    Day 3   eval_r2_30pct_20_seen            20                5                   5                 5           840     0.357143 0.393651 0.247619           0.511905         0.066667  0.357084
  DOI-style After R2    Day 3   eval_r2_30pct_20_seen            20                5                   5                 5           840     0.339286 0.398413 0.161905           0.497619         0.097619  0.344849
     Ft-CNN After R3    Day 4   eval_r3_30pct_25_seen            25                5                   5                 5          1050     0.170476 0.147619 0.261905           0.295238         0.185714  0.122647
        LwF After R3    Day 4   eval_r3_30pct_25_seen            25                5                   5                 5          1050     0.190476 0.157143 0.323810           0.314286         0.166667  0.132920
      iCaRL After R3    Day 4   eval_r3_30pct_25_seen            25                5                   5                 5          1050     0.302857 0.333333 0.180952           0.397619         0.197619  0.298600
       EEIL After R3    Day 4   eval_r3_30pct_25_seen            25                5                   5                 5          1050     0.239048 0.225000 0.295238           0.400000         0.080952  0.194608
TPCIL-style After R3    Day 4   eval_r3_30pct_25_seen            25                5                   5                 5          1050     0.275238 0.288095 0.223810           0.380952         0.197619  0.265980
  DOI-style After R3    Day 4   eval_r3_30pct_25_seen            25                5                   5                 5          1050     0.304762 0.339286 0.166667           0.411905         0.183333  0.300331
Saved: results/stage39/lora_discovery_physical_seed7_45652803/shared_discovery_baseline_results.csv

========== Table 5: Shared-Discovery Controlled Comparison ==========
     Method   R1 Acc  R1 Forgetting   R2 Acc  R2 Forgetting   R3 Acc  R3 Forgetting  Avg Acc  Avg Forgetting
     Ft-CNN 0.339683       0.073810 0.240476       0.088095 0.170476       0.185714 0.250212        0.115873
        LwF 0.349206       0.021429 0.284524       0.066667 0.190476       0.166667 0.274735        0.084921
      iCaRL 0.434921       0.100000 0.355952       0.104762 0.302857       0.197619 0.364577        0.134127
       EEIL 0.288889       0.195238 0.267857       0.126190 0.239048       0.080952 0.265265        0.134127
TPCIL-style 0.434921       0.064286 0.357143       0.066667 0.275238       0.197619 0.355767        0.109524
  DOI-style 0.423810       0.104762 0.339286       0.097619 0.304762       0.183333 0.355952        0.128571
 MV-ACC-CIL 0.361905       0.204762 0.298810       0.188095 0.230476       0.338095 0.297063        0.243651
Saved: results/stage39/lora_discovery_physical_seed7_45652803/shared_discovery_comparison_results.csv

========== Table 6: End-to-End Open-Set Incremental Comparison ==========
                    Method   R1 Acc  R1 Forgetting   R2 Acc  R2 Forgetting   R3 Acc  R3 Forgetting  Avg Acc  Avg Forgetting
     Deep-HDBSCAN + Ft-CNN 0.333333       0.054762 0.209524       0.128571 0.183810       0.102381 0.242222        0.095238
        Deep-HDBSCAN + LwF 0.333333       0.059524 0.207143       0.135714 0.177143       0.119048 0.239206        0.104762
      Deep-HDBSCAN + iCaRL 0.377778       0.052381 0.315476       0.047619 0.232381       0.176190 0.308545        0.092063
       Deep-HDBSCAN + EEIL 0.317460       0.083333 0.210714       0.142857 0.200000       0.061905 0.242725        0.096032
Deep-HDBSCAN + TPCIL-style 0.374603       0.035714 0.320238       0.028571 0.225714       0.173810 0.306852        0.079365
  Deep-HDBSCAN + DOI-style 0.380952       0.052381 0.325000       0.047619 0.229524       0.192857 0.311825        0.097619
                MV-ACC-CIL 0.361905       0.204762 0.298810       0.188095 0.230476       0.338095 0.297063        0.243651
Saved: results/stage39/lora_discovery_physical_seed7_45652803/end_to_end_comparison_results.csv

========== Table 7: Full End-to-End System Comparison (Main Table) ==========
                    Method                                  Discovery Module                            Incremental Module   R1 Acc  R1 Forgetting   R2 Acc  R2 Forgetting   R3 Acc  R3 Forgetting  Avg Acc  Avg Forgetting
     Deep-HDBSCAN + Ft-CNN                          Deep embedding + HDBSCAN                                   Fine-tuning 0.333333       0.054762 0.209524       0.128571 0.183810       0.102381 0.242222        0.095238
        Deep-HDBSCAN + LwF                          Deep embedding + HDBSCAN                        Knowledge distillation 0.333333       0.059524 0.207143       0.135714 0.177143       0.119048 0.239206        0.104762
      Deep-HDBSCAN + iCaRL                          Deep embedding + HDBSCAN        Exemplar replay + prototype classifier 0.377778       0.052381 0.315476       0.047619 0.232381       0.176190 0.308545        0.092063
       Deep-HDBSCAN + EEIL                          Deep embedding + HDBSCAN                         Replay + distillation 0.317460       0.083333 0.210714       0.142857 0.200000       0.061905 0.242725        0.096032
Deep-HDBSCAN + TPCIL-style                          Deep embedding + HDBSCAN            Topology-aware prototype smoothing 0.374603       0.035714 0.320238       0.028571 0.225714       0.173810 0.306852        0.079365
  Deep-HDBSCAN + DOI-style                          Deep embedding + HDBSCAN DOI-inspired prototype preservation/alignment 0.380952       0.052381 0.325000       0.047619 0.229524       0.192857 0.311825        0.097619
                MV-ACC-CIL SupCon deep/RF graphs + adaptive fusion + HDBSCAN                 Network replay + distillation 0.361905       0.204762 0.298810       0.188095 0.230476       0.338095 0.297063        0.243651
Saved: results/stage39/lora_discovery_physical_seed7_45652803/end_to_end_system_comparison.csv
Visualizations saved under: results/stage39/lora_discovery_physical_seed7_45652803/visualizations
Core comparison panels saved under: results/stage39/lora_discovery_physical_seed7_45652803/visualizations/core_comparison
Stage 39 报告：results/stage39/STAGE39_LORA_DISCOVERY_PHYSICAL_PRETRAIN_SEED7_REPORT_45652803.md
Stage 39 LoRa discovery 未标注物理域预训练 seed7 完成。
