Stage 38 计划：results/stage38/stage38_lora_physical_pretrain_multiseed_plan_45652089.json
运行 Stage 38 LoRa physical pretrain：seed=7
Epoch 001/020 | val_acc=0.1143 | val_loss=2.5497 | physical=1.0447
Epoch 002/020 | val_acc=0.1429 | val_loss=2.2753 | physical=0.9457
Epoch 003/020 | val_acc=0.2357 | val_loss=2.1989 | physical=0.9196
Epoch 004/020 | val_acc=0.2143 | val_loss=1.8911 | physical=0.8830
Epoch 005/020 | val_acc=0.2500 | val_loss=1.7806 | physical=0.8287
Epoch 006/020 | val_acc=0.2429 | val_loss=1.8232 | physical=0.7410
Epoch 007/020 | val_acc=0.3071 | val_loss=1.7993 | physical=0.5899
Epoch 008/020 | val_acc=0.3571 | val_loss=1.6313 | physical=0.6380
Epoch 009/020 | val_acc=0.4500 | val_loss=1.3083 | physical=0.6061
Epoch 010/020 | val_acc=0.4571 | val_loss=1.3110 | physical=0.5917
Epoch 011/020 | val_acc=0.2214 | val_loss=2.2724 | physical=0.6763
Epoch 012/020 | val_acc=0.3929 | val_loss=1.3415 | physical=0.6227
Epoch 013/020 | val_acc=0.4786 | val_loss=1.2452 | physical=0.5659
Epoch 014/020 | val_acc=0.4714 | val_loss=1.1894 | physical=0.5317
Epoch 015/020 | val_acc=0.5500 | val_loss=1.1214 | physical=0.5487
Epoch 016/020 | val_acc=0.2857 | val_loss=1.7459 | physical=0.5423
Epoch 017/020 | val_acc=0.5286 | val_loss=1.1865 | physical=0.5267
Epoch 018/020 | val_acc=0.5143 | val_loss=1.2082 | physical=0.3958
Epoch 019/020 | val_acc=0.4571 | val_loss=1.2817 | physical=0.4541
Epoch 020/020 | val_acc=0.6000 | val_loss=1.1300 | physical=0.4877
{"checkpoint": "results/stage38/lora_physical_pretrain_checkpoint_seed7_45652089.pth", "best": {"validation_accuracy": 0.6, "validation_loss": 1.1299939836774553, "epoch": 20}}

========== LoRa25 Different Days Indoor 10-Known 3-Round Incremental Experiment ==========
Dataset: /mnt/users/xj62kv/OpenSet_Incremental_SEI/datasets/lora25_compact/lora25_diffdays_indoor_aligned_group_256.npz
Save dir: results/stage38/lora_physical_pretrain_seed7_45652089
Device: cuda
Protocol: 10 known + 5 unknown R1 + 5 unknown R2 + 5 unknown R3
LoRa split: IQ_1-6 train | IQ_7 validation | IQ_8-10 held-out evaluation
Old-class prototype bonus beta: 0.0
Incremental dual-view consistency weight: 0.0
Cross-day feature domain alignment weight: 0.0
Pseudo-label cluster reliability weighting: False (floor=0.2)
Closed-set training loss: CE + 0.1 * SupCon(T=0.2)
Sample-level protocol: 60% backbone train + 10% validation + 30% held-out evaluation
Fusion: fixed alpha | alpha=0.7
No-drop consolidation (ablation): rounds=5, threshold=0.78, coverage=100%
MV-ACC: mcs_ratio=0.045, min_samples=5, merge_th=0.74, sub_prototypes=5, split_factor=1.75, split_sil=0.3, coverage=100%, strict_alignment=Hungarian

[Splits]
Day1 known train IQ_1-6 train: (840, 2, 256), classes=10, labels=0-9
Initial eval 30%:     (420, 2, 256), classes=10, labels=0-9, day=Day 1
Unknown R1 IQ_1-7 discovery: (490, 2, 256), classes=5, labels=10-14, day=Day 2
After R1 IQ_8-10 eval: (630, 2, 256), classes=15, labels=0-14, day=Day 2
Unknown R2 IQ_1-7 discovery: (490, 2, 256), classes=5, labels=15-19, day=Day 3
After R2 IQ_8-10 eval: (840, 2, 256), classes=20, labels=0-19, day=Day 3
Unknown R3 IQ_1-7 discovery: (490, 2, 256), classes=5, labels=20-24, day=Day 4
After R3 IQ_8-10 eval: (1050, 2, 256), classes=25, labels=0-24, day=Day 4
[Load] checkpoint=results/stage38/lora_physical_pretrain_checkpoint_seed7_45652089.pth

[Extract] Deep embeddings
[CF-LCG] view=all24_base | purity=0.347 | gate_open=False
[CF-LCG] global binary gate closed; Local CF-LCG remains sample-adaptive.
[MV-ACC calibration] Day1 validation only: ratio=0.03, merge_threshold=0.74

[MV-ACC-CIL] End-to-end pseudo-label class-incremental learning
[joint registration] R1: kept=395/490 top_fraction=0.80; all discovery samples remain in current-round training
[joint registration] R2: kept=394/490 top_fraction=0.80; all discovery samples remain in current-round training
[joint registration] R3: kept=394/490 top_fraction=0.80; all discovery samples remain in current-round training

========== Representative Class-Incremental Baselines: Shared Graph-fusion pseudo-labels ==========

========== Representative Class-Incremental Baselines: End-to-end with neutral Deep-HDBSCAN discovery ==========

========== Table 1: Unknown Discovery / Clustering Results ==========
              Method Round Discovery Day  True New Classes  Samples  Initial Cluster Count  Final Cluster Count  Cluster Count Error  Over-clustering Ratio  Assignment Coverage  Noise Points  Clusters  Noise      NMI      ARI   Purity  Hungarian Acc        Discovery Backend Discovery Feature Adapter                          GPCC Backend  GPCC Target Clusters GPCC Selected Candidate                                                                                                                                                                                                                                                                                                                                                                                                                                                                                                                                                  GPCC Candidate Scores  GPCC Silhouette  GPCC Prototype Margin Mean  GPCC Silhouette Confidence Mean  GPCC Confidence Mean  GPCC Confidence Min  GPCC Cluster Stability  GPCC Cluster Size CV  GPCC Uses HDBSCAN                    Recording-Consensus Backend  Recording-Consensus Groups  Recording-Consensus Threshold  Recording-Consensus Accepted Groups  Recording-Consensus Changed Samples  Recording-Consensus Mean Consistency  Recording-Consensus Min Consistency       Cross-Day Adapter  Cross-Day Epochs  Cross-Day Batch Size  Cross-Day LR  Cross-Day Consistency Weight  Cross-Day CORAL Weight  Cross-Day Known Samples  Cross-Day Discovery Samples  Cross-Day Final Total  Cross-Day Final CE  Cross-Day Final Consistency  Cross-Day Final CORAL                    LoRa SSL Adapter  LoRa SSL Epochs  LoRa SSL Batch Size  LoRa SSL LR  LoRa SSL CE Weight  LoRa SSL Instance Weight  LoRa SSL Teacher Weight  LoRa SSL Temperature  LoRa SSL Known Samples  LoRa SSL Discovery Samples  LoRa SSL Final Total  LoRa SSL Final CE  LoRa SSL Final Instance  LoRa SSL Final Teacher
MV-ACC-CIL discovery    R1         Day 2                 5      490                      5                    5                    0                    1.0                  1.0             0         5    0.0 0.475482 0.403931 0.577551       0.551020 Recording-Consensus-GPCC                      none graph_prototype_controlled_clustering                     5            kmeans_joint    {'kmeans_joint': {'score': 0.5360602861851977, 'silhouette': 0.21328012645244598, 'balance': 0.8437810831817621, 'stability': 1.0, 'cluster_size_cv': 0.18514152536954437}, 'kmeans_graph': {'score': 0.4046000030794355, 'silhouette': 0.1873842477798462, 'balance': 0.8622292811298534, 'stability': 0.5163712422981976, 'cluster_size_cv': 0.1597843194209476}, 'agglomerative_joint': {'score': 0.47398114164753635, 'silhouette': 0.2078378051519394, 'balance': 0.7607008987772375, 'stability': 0.8301206762340889, 'cluster_size_cv': 0.3145771243433728}}         0.213280                    0.309509                         0.606640              0.422609             0.062690                     1.0              0.185142              False symbol_gpcc_with_selective_recording_consensus                          35                           0.65                                   15                                   40                              0.671429                             0.357143 train_consistency_coral                 2                   128       0.00001                           0.5                    0.05                      840                          490               0.778733            0.772863                     0.003656               0.080831 instance_contrastive_teacher_anchor                3                  128      0.00001                 1.0                       0.5                      0.2                   0.2                     840                         490              2.887060           0.743336                 4.286277                0.002928
MV-ACC-CIL discovery    R2         Day 3                 5      490                      5                    5                    0                    1.0                  1.0             0         5    0.0 0.348343 0.293152 0.534694       0.528571 Recording-Consensus-GPCC                      none graph_prototype_controlled_clustering                     5            kmeans_joint {'kmeans_joint': {'score': 0.5152691668637164, 'silhouette': 0.16816531121730804, 'balance': 0.8638912284709851, 'stability': 1.0, 'cluster_size_cv': 0.15755313521346426}, 'kmeans_graph': {'score': 0.34066995685484025, 'silhouette': 0.12845104932785034, 'balance': 0.7118021388160108, 'stability': 0.5106458078452815, 'cluster_size_cv': 0.40488479237132996}, 'agglomerative_joint': {'score': 0.3656137090484228, 'silhouette': 0.14389155805110931, 'balance': 0.7907154607811999, 'stability': 0.5133210398562906, 'cluster_size_cv': 0.2646774340443958}}         0.168165                    0.265768                         0.584083              0.383550             0.072523                     1.0              0.157553              False symbol_gpcc_with_selective_recording_consensus                          35                           0.65                                   11                                   26                              0.606122                             0.357143 train_consistency_coral                 2                   128       0.00001                           0.5                    0.05                      840                          490               1.087305            1.082366                     0.002455               0.074243 instance_contrastive_teacher_anchor                3                  128      0.00001                 1.0                       0.5                      0.2                   0.2                     840                         490              3.148049           1.115438                 4.064204                0.002542
MV-ACC-CIL discovery    R3         Day 4                 5      490                      5                    5                    0                    1.0                  1.0             0         5    0.0 0.713851 0.630527 0.722449       0.720408 Recording-Consensus-GPCC                      none graph_prototype_controlled_clustering                     5            kmeans_joint     {'kmeans_joint': {'score': 0.5287186193009574, 'silhouette': 0.22998912632465363, 'balance': 0.7611229991119897, 'stability': 1.0, 'cluster_size_cv': 0.313848091788989}, 'kmeans_graph': {'score': 0.3687925291656585, 'silhouette': 0.14201703667640686, 'balance': 0.7998734561828358, 'stability': 0.5228338710282704, 'cluster_size_cv': 0.2501977559953172}, 'agglomerative_joint': {'score': 0.48753688587083455, 'silhouette': 0.22746188938617706, 'balance': 0.7116198505148648, 'stability': 0.880435506421857, 'cluster_size_cv': 0.4052446671864046}}         0.229989                    0.337391                         0.614995              0.448190             0.092713                     1.0              0.313848              False symbol_gpcc_with_selective_recording_consensus                          35                           0.65                                   25                                   52                              0.787755                             0.500000 train_consistency_coral                 2                   128       0.00001                           0.5                    0.05                      840                          490               1.481791            1.478785                     0.001190               0.048221 instance_contrastive_teacher_anchor                3                  128      0.00001                 1.0                       0.5                      0.2                   0.2                     840                         490              3.477450           1.506532                 3.941208                0.001571
Saved: results/stage38/lora_physical_pretrain_seed7_45652089/clustering_results.csv

========== Table 2: Incremental Recognition Results ==========
    Method    Stage Eval Day              Eval Split  Seen Classes True New Classes Discovered Clusters Enrolled Clusters  Eval Samples  Overall Acc  Old Acc  New Acc  Initial Known Acc  Forgetting Rate  Macro F1
MV-ACC-CIL  Initial    Day 1 day1_eval_initial_30pct            10                -                   -                 -           420     0.571429 0.571429      NaN           0.571429         0.000000  0.537011
MV-ACC-CIL After R1    Day 2   eval_r1_30pct_15_seen            15                5                   5                 5           630     0.363492 0.371429 0.347619           0.371429         0.200000  0.332795
MV-ACC-CIL After R2    Day 3   eval_r2_30pct_20_seen            20                5                   5                 5           840     0.345238 0.339683 0.361905           0.407143         0.164286  0.293647
MV-ACC-CIL After R3    Day 4   eval_r3_30pct_25_seen            25                5                   5                 5          1050     0.280952 0.219048 0.528571           0.319048         0.252381  0.225718
Saved: results/stage38/lora_physical_pretrain_seed7_45652089/incremental_results.csv

========== Table 3: Per-Round Summary Results ==========
    Method Round  Cluster Count  Incremental Pseudo-label Classes  Cluster Count Error  Sample Coverage   Purity      NMI      ARI  Hungarian Acc  Overall Acc  New Acc  Forgetting Rate
MV-ACC-CIL    R1              5                                 5                    0         1.000000 0.577551 0.475482 0.403931       0.551020     0.363492 0.347619         0.200000
MV-ACC-CIL    R2              5                                 5                    0         1.000000 0.534694 0.348343 0.293152       0.528571     0.345238 0.361905         0.164286
MV-ACC-CIL    R3              5                                 5                    0         1.000000 0.722449 0.713851 0.630527       0.720408     0.280952 0.528571         0.252381
Saved: results/stage38/lora_physical_pretrain_seed7_45652089/per_round_summary_results.csv

========== Table 4: Shared-Discovery Baseline Details ==========
     Method    Stage Eval Day              Eval Split  Seen Classes True New Classes Discovered Clusters Enrolled Clusters  Eval Samples  Overall Acc  Old Acc  New Acc  Initial Known Acc  Forgetting Rate  Macro F1
     Ft-CNN  Initial    Day 1 day1_eval_initial_30pct            10                -                   -                 -           420     0.521429 0.521429      NaN           0.521429         0.000000  0.460371
        LwF  Initial    Day 1 day1_eval_initial_30pct            10                -                   -                 -           420     0.521429 0.521429      NaN           0.521429         0.000000  0.460371
       EEIL  Initial    Day 1 day1_eval_initial_30pct            10                -                   -                 -           420     0.521429 0.521429      NaN           0.521429         0.000000  0.460371
      iCaRL  Initial    Day 1 day1_eval_initial_30pct            10                -                   -                 -           420     0.571429 0.571429      NaN           0.571429         0.000000  0.566284
TPCIL-style  Initial    Day 1 day1_eval_initial_30pct            10                -                   -                 -           420     0.557143 0.557143      NaN           0.557143         0.000000  0.551742
  DOI-style  Initial    Day 1 day1_eval_initial_30pct            10                -                   -                 -           420     0.571429 0.571429      NaN           0.571429         0.000000  0.566284
     Ft-CNN After R1    Day 2   eval_r1_30pct_15_seen            15                5                   5                 5           630     0.342857 0.347619 0.333333           0.347619         0.173810  0.285391
        LwF After R1    Day 2   eval_r1_30pct_15_seen            15                5                   5                 5           630     0.338095 0.428571 0.157143           0.428571         0.092857  0.278146
      iCaRL After R1    Day 2   eval_r1_30pct_15_seen            15                5                   5                 5           630     0.393651 0.423810 0.333333           0.423810         0.147619  0.388033
       EEIL After R1    Day 2   eval_r1_30pct_15_seen            15                5                   5                 5           630     0.312698 0.247619 0.442857           0.247619         0.273810  0.233926
TPCIL-style After R1    Day 2   eval_r1_30pct_15_seen            15                5                   5                 5           630     0.400000 0.440476 0.319048           0.440476         0.116667  0.390732
  DOI-style After R1    Day 2   eval_r1_30pct_15_seen            15                5                   5                 5           630     0.411111 0.440476 0.352381           0.440476         0.130952  0.403010
     Ft-CNN After R2    Day 3   eval_r2_30pct_20_seen            20                5                   5                 5           840     0.305952 0.298413 0.328571           0.416667         0.104762  0.263802
        LwF After R2    Day 3   eval_r2_30pct_20_seen            20                5                   5                 5           840     0.267857 0.284127 0.219048           0.426190         0.095238  0.209375
      iCaRL After R2    Day 3   eval_r2_30pct_20_seen            20                5                   5                 5           840     0.353571 0.380952 0.271429           0.459524         0.111905  0.349668
       EEIL After R2    Day 3   eval_r2_30pct_20_seen            20                5                   5                 5           840     0.259524 0.263492 0.247619           0.326190         0.195238  0.221261
TPCIL-style After R2    Day 3   eval_r2_30pct_20_seen            20                5                   5                 5           840     0.351190 0.388889 0.238095           0.485714         0.071429  0.342606
  DOI-style After R2    Day 3   eval_r2_30pct_20_seen            20                5                   5                 5           840     0.338095 0.373016 0.233333           0.461905         0.109524  0.339824
     Ft-CNN After R3    Day 4   eval_r3_30pct_25_seen            25                5                   5                 5          1050     0.178095 0.163095 0.238095           0.319048         0.202381  0.127019
        LwF After R3    Day 4   eval_r3_30pct_25_seen            25                5                   5                 5          1050     0.182857 0.153571 0.300000           0.307143         0.214286  0.118801
      iCaRL After R3    Day 4   eval_r3_30pct_25_seen            25                5                   5                 5          1050     0.272381 0.304762 0.142857           0.364286         0.207143  0.262585
       EEIL After R3    Day 4   eval_r3_30pct_25_seen            25                5                   5                 5          1050     0.232381 0.205952 0.338095           0.338095         0.183333  0.183428
TPCIL-style After R3    Day 4   eval_r3_30pct_25_seen            25                5                   5                 5          1050     0.250476 0.273810 0.157143           0.354762         0.202381  0.237835
  DOI-style After R3    Day 4   eval_r3_30pct_25_seen            25                5                   5                 5          1050     0.274286 0.302381 0.161905           0.369048         0.202381  0.267395
Saved: results/stage38/lora_physical_pretrain_seed7_45652089/shared_discovery_baseline_results.csv

========== Table 5: Shared-Discovery Controlled Comparison ==========
     Method   R1 Acc  R1 Forgetting   R2 Acc  R2 Forgetting   R3 Acc  R3 Forgetting  Avg Acc  Avg Forgetting
     Ft-CNN 0.342857       0.173810 0.305952       0.104762 0.178095       0.202381 0.275635        0.160317
        LwF 0.338095       0.092857 0.267857       0.095238 0.182857       0.214286 0.262937        0.134127
      iCaRL 0.393651       0.147619 0.353571       0.111905 0.272381       0.207143 0.339868        0.155556
       EEIL 0.312698       0.273810 0.259524       0.195238 0.232381       0.183333 0.268201        0.217460
TPCIL-style 0.400000       0.116667 0.351190       0.071429 0.250476       0.202381 0.333889        0.130159
  DOI-style 0.411111       0.130952 0.338095       0.109524 0.274286       0.202381 0.341164        0.147619
 MV-ACC-CIL 0.363492       0.200000 0.345238       0.164286 0.280952       0.252381 0.329894        0.205556
Saved: results/stage38/lora_physical_pretrain_seed7_45652089/shared_discovery_comparison_results.csv

========== Table 6: End-to-End Open-Set Incremental Comparison ==========
                    Method   R1 Acc  R1 Forgetting   R2 Acc  R2 Forgetting   R3 Acc  R3 Forgetting  Avg Acc  Avg Forgetting
     Deep-HDBSCAN + Ft-CNN 0.330159       0.123810 0.244048       0.100000 0.191429       0.135714 0.255212        0.119841
        Deep-HDBSCAN + LwF 0.326984       0.116667 0.258333       0.095238 0.186667       0.138095 0.257328        0.116667
      Deep-HDBSCAN + iCaRL 0.355556       0.076190 0.294048       0.076190 0.199048       0.192857 0.282884        0.115079
       Deep-HDBSCAN + EEIL 0.346032       0.119048 0.242857       0.083333 0.201905       0.114286 0.263598        0.105556
Deep-HDBSCAN + TPCIL-style 0.366667       0.047619 0.305952       0.033333 0.199048       0.173810 0.290556        0.084921
  Deep-HDBSCAN + DOI-style 0.363492       0.069048 0.295238       0.066667 0.204762       0.188095 0.287831        0.107937
                MV-ACC-CIL 0.363492       0.200000 0.345238       0.164286 0.280952       0.252381 0.329894        0.205556
Saved: results/stage38/lora_physical_pretrain_seed7_45652089/end_to_end_comparison_results.csv

========== Table 7: Full End-to-End System Comparison (Main Table) ==========
                    Method                                  Discovery Module                            Incremental Module   R1 Acc  R1 Forgetting   R2 Acc  R2 Forgetting   R3 Acc  R3 Forgetting  Avg Acc  Avg Forgetting
     Deep-HDBSCAN + Ft-CNN                          Deep embedding + HDBSCAN                                   Fine-tuning 0.330159       0.123810 0.244048       0.100000 0.191429       0.135714 0.255212        0.119841
        Deep-HDBSCAN + LwF                          Deep embedding + HDBSCAN                        Knowledge distillation 0.326984       0.116667 0.258333       0.095238 0.186667       0.138095 0.257328        0.116667
      Deep-HDBSCAN + iCaRL                          Deep embedding + HDBSCAN        Exemplar replay + prototype classifier 0.355556       0.076190 0.294048       0.076190 0.199048       0.192857 0.282884        0.115079
       Deep-HDBSCAN + EEIL                          Deep embedding + HDBSCAN                         Replay + distillation 0.346032       0.119048 0.242857       0.083333 0.201905       0.114286 0.263598        0.105556
Deep-HDBSCAN + TPCIL-style                          Deep embedding + HDBSCAN            Topology-aware prototype smoothing 0.366667       0.047619 0.305952       0.033333 0.199048       0.173810 0.290556        0.084921
  Deep-HDBSCAN + DOI-style                          Deep embedding + HDBSCAN DOI-inspired prototype preservation/alignment 0.363492       0.069048 0.295238       0.066667 0.204762       0.188095 0.287831        0.107937
                MV-ACC-CIL SupCon deep/RF graphs + adaptive fusion + HDBSCAN                 Network replay + distillation 0.363492       0.200000 0.345238       0.164286 0.280952       0.252381 0.329894        0.205556
Saved: results/stage38/lora_physical_pretrain_seed7_45652089/end_to_end_system_comparison.csv
Visualizations saved under: results/stage38/lora_physical_pretrain_seed7_45652089/visualizations
Core comparison panels saved under: results/stage38/lora_physical_pretrain_seed7_45652089/visualizations/core_comparison
运行 Stage 38 LoRa physical pretrain：seed=13
Epoch 001/020 | val_acc=0.1000 | val_loss=2.5409 | physical=1.0685
Epoch 002/020 | val_acc=0.2214 | val_loss=2.1264 | physical=0.8996
Epoch 003/020 | val_acc=0.1857 | val_loss=2.2607 | physical=0.8911
Epoch 004/020 | val_acc=0.2071 | val_loss=1.9282 | physical=0.8875
Epoch 005/020 | val_acc=0.2571 | val_loss=1.8658 | physical=0.8060
Epoch 006/020 | val_acc=0.3714 | val_loss=1.5781 | physical=0.6626
Epoch 007/020 | val_acc=0.3714 | val_loss=1.5372 | physical=0.6407
Epoch 008/020 | val_acc=0.3071 | val_loss=1.5304 | physical=0.5786
Epoch 009/020 | val_acc=0.4857 | val_loss=1.2910 | physical=0.5749
Epoch 010/020 | val_acc=0.3500 | val_loss=1.5212 | physical=0.5532
Epoch 011/020 | val_acc=0.4857 | val_loss=1.2550 | physical=0.5798
Epoch 012/020 | val_acc=0.5286 | val_loss=1.1547 | physical=0.5636
Epoch 013/020 | val_acc=0.4071 | val_loss=1.3822 | physical=0.4987
Epoch 014/020 | val_acc=0.5000 | val_loss=1.1954 | physical=0.4854
Epoch 015/020 | val_acc=0.4643 | val_loss=1.5376 | physical=0.5338
Epoch 016/020 | val_acc=0.3071 | val_loss=1.8442 | physical=0.5362
Epoch 017/020 | val_acc=0.3643 | val_loss=1.3516 | physical=0.5589
Epoch 018/020 | val_acc=0.4714 | val_loss=1.2407 | physical=0.4851
Epoch 019/020 | val_acc=0.6000 | val_loss=1.0345 | physical=0.4635
Epoch 020/020 | val_acc=0.5000 | val_loss=1.2088 | physical=0.4857
{"checkpoint": "results/stage38/lora_physical_pretrain_checkpoint_seed13_45652089.pth", "best": {"validation_accuracy": 0.6, "validation_loss": 1.0345310756138393, "epoch": 19}}

========== LoRa25 Different Days Indoor 10-Known 3-Round Incremental Experiment ==========
Dataset: /mnt/users/xj62kv/OpenSet_Incremental_SEI/datasets/lora25_compact/lora25_diffdays_indoor_aligned_group_256.npz
Save dir: results/stage38/lora_physical_pretrain_seed13_45652089
Device: cuda
Protocol: 10 known + 5 unknown R1 + 5 unknown R2 + 5 unknown R3
LoRa split: IQ_1-6 train | IQ_7 validation | IQ_8-10 held-out evaluation
Old-class prototype bonus beta: 0.0
Incremental dual-view consistency weight: 0.0
Cross-day feature domain alignment weight: 0.0
Pseudo-label cluster reliability weighting: False (floor=0.2)
Closed-set training loss: CE + 0.1 * SupCon(T=0.2)
Sample-level protocol: 60% backbone train + 10% validation + 30% held-out evaluation
Fusion: fixed alpha | alpha=0.7
No-drop consolidation (ablation): rounds=5, threshold=0.78, coverage=100%
MV-ACC: mcs_ratio=0.045, min_samples=5, merge_th=0.74, sub_prototypes=5, split_factor=1.75, split_sil=0.3, coverage=100%, strict_alignment=Hungarian

[Splits]
Day1 known train IQ_1-6 train: (840, 2, 256), classes=10, labels=0-9
Initial eval 30%:     (420, 2, 256), classes=10, labels=0-9, day=Day 1
Unknown R1 IQ_1-7 discovery: (490, 2, 256), classes=5, labels=10-14, day=Day 2
After R1 IQ_8-10 eval: (630, 2, 256), classes=15, labels=0-14, day=Day 2
Unknown R2 IQ_1-7 discovery: (490, 2, 256), classes=5, labels=15-19, day=Day 3
After R2 IQ_8-10 eval: (840, 2, 256), classes=20, labels=0-19, day=Day 3
Unknown R3 IQ_1-7 discovery: (490, 2, 256), classes=5, labels=20-24, day=Day 4
After R3 IQ_8-10 eval: (1050, 2, 256), classes=25, labels=0-24, day=Day 4
[Load] checkpoint=results/stage38/lora_physical_pretrain_checkpoint_seed13_45652089.pth

[Extract] Deep embeddings
[CF-LCG] view=all24_base | purity=0.347 | gate_open=False
[CF-LCG] global binary gate closed; Local CF-LCG remains sample-adaptive.
[MV-ACC calibration] Day1 validation only: ratio=0.03, merge_threshold=0.74

[MV-ACC-CIL] End-to-end pseudo-label class-incremental learning
[joint registration] R1: kept=394/490 top_fraction=0.80; all discovery samples remain in current-round training
[joint registration] R2: kept=394/490 top_fraction=0.80; all discovery samples remain in current-round training
[joint registration] R3: kept=394/490 top_fraction=0.80; all discovery samples remain in current-round training

========== Representative Class-Incremental Baselines: Shared Graph-fusion pseudo-labels ==========

========== Representative Class-Incremental Baselines: End-to-end with neutral Deep-HDBSCAN discovery ==========

========== Table 1: Unknown Discovery / Clustering Results ==========
              Method Round Discovery Day  True New Classes  Samples  Initial Cluster Count  Final Cluster Count  Cluster Count Error  Over-clustering Ratio  Assignment Coverage  Noise Points  Clusters  Noise      NMI      ARI   Purity  Hungarian Acc        Discovery Backend Discovery Feature Adapter                          GPCC Backend  GPCC Target Clusters GPCC Selected Candidate                                                                                                                                                                                                                                                                                                                                                                                                                                                                                                                                                  GPCC Candidate Scores  GPCC Silhouette  GPCC Prototype Margin Mean  GPCC Silhouette Confidence Mean  GPCC Confidence Mean  GPCC Confidence Min  GPCC Cluster Stability  GPCC Cluster Size CV  GPCC Uses HDBSCAN                    Recording-Consensus Backend  Recording-Consensus Groups  Recording-Consensus Threshold  Recording-Consensus Accepted Groups  Recording-Consensus Changed Samples  Recording-Consensus Mean Consistency  Recording-Consensus Min Consistency       Cross-Day Adapter  Cross-Day Epochs  Cross-Day Batch Size  Cross-Day LR  Cross-Day Consistency Weight  Cross-Day CORAL Weight  Cross-Day Known Samples  Cross-Day Discovery Samples  Cross-Day Final Total  Cross-Day Final CE  Cross-Day Final Consistency  Cross-Day Final CORAL                    LoRa SSL Adapter  LoRa SSL Epochs  LoRa SSL Batch Size  LoRa SSL LR  LoRa SSL CE Weight  LoRa SSL Instance Weight  LoRa SSL Teacher Weight  LoRa SSL Temperature  LoRa SSL Known Samples  LoRa SSL Discovery Samples  LoRa SSL Final Total  LoRa SSL Final CE  LoRa SSL Final Instance  LoRa SSL Final Teacher
MV-ACC-CIL discovery    R1         Day 2                 5      490                      5                    5                    0                    1.0                  1.0             0         5    0.0 0.515871 0.450026 0.575510       0.567347 Recording-Consensus-GPCC                      none graph_prototype_controlled_clustering                     5            kmeans_joint   {'kmeans_joint': {'score': 0.5145059527408352, 'silhouette': 0.22665071487426758, 'balance': 0.6992402977999399, 'stability': 1.0, 'cluster_size_cv': 0.4301235256983296}, 'kmeans_graph': {'score': 0.27780714868775785, 'silhouette': 0.11650361120700836, 'balance': 0.6766678056236721, 'stability': 0.3135864055966752, 'cluster_size_cv': 0.477830024849961}, 'agglomerative_joint': {'score': 0.4580114754879956, 'silhouette': 0.21162566542625427, 'balance': 0.8169144214320923, 'stability': 0.7129379008685492, 'cluster_size_cv': 0.22411843121455682}}         0.226651                    0.332769                         0.613325              0.441747             0.017369                     1.0              0.430124              False symbol_gpcc_with_selective_recording_consensus                          35                           0.65                                   22                                   55                              0.736735                             0.285714 train_consistency_coral                 2                   128       0.00001                           0.5                    0.05                      840                          490               0.833290            0.826624                     0.004372               0.089603 instance_contrastive_teacher_anchor                3                  128      0.00001                 1.0                       0.5                      0.2                   0.2                     840                         490              2.912874           0.793691                 4.236845                0.003803
MV-ACC-CIL discovery    R2         Day 3                 5      490                      5                    5                    0                    1.0                  1.0             0         5    0.0 0.325430 0.277359 0.500000       0.491837 Recording-Consensus-GPCC                      none graph_prototype_controlled_clustering                     5            kmeans_joint {'kmeans_joint': {'score': 0.5118988608401904, 'silhouette': 0.1835765540599823, 'balance': 0.8046587805360012, 'stability': 1.0, 'cluster_size_cv': 0.24276280106441847}, 'kmeans_graph': {'score': 0.28458512256521584, 'silhouette': 0.11559741199016571, 'balance': 0.7195882000325413, 'stability': 0.30835562385646553, 'cluster_size_cv': 0.38968371070395236}, 'agglomerative_joint': {'score': 0.3736344228683017, 'silhouette': 0.17382846772670746, 'balance': 0.7010998345135305, 'stability': 0.5512351948636258, 'cluster_size_cv': 0.4263303894428476}}         0.183577                    0.275474                         0.591788              0.392172             0.018572                     1.0              0.242763              False symbol_gpcc_with_selective_recording_consensus                          35                           0.65                                   13                                   34                              0.610204                             0.285714 train_consistency_coral                 2                   128       0.00001                           0.5                    0.05                      840                          490               1.196840            1.190389                     0.002909               0.099938 instance_contrastive_teacher_anchor                3                  128      0.00001                 1.0                       0.5                      0.2                   0.2                     840                         490              3.266583           1.182735                 4.166405                0.003224
MV-ACC-CIL discovery    R3         Day 4                 5      490                      5                    5                    0                    1.0                  1.0             0         5    0.0 0.613700 0.552374 0.687755       0.677551 Recording-Consensus-GPCC                      none graph_prototype_controlled_clustering                     5            kmeans_joint  {'kmeans_joint': {'score': 0.5314268732025208, 'silhouette': 0.22743913531303406, 'balance': 0.7816767439017601, 'stability': 1.0, 'cluster_size_cv': 0.2793012044959577}, 'kmeans_graph': {'score': 0.30862238223481675, 'silhouette': 0.12573254108428955, 'balance': 0.6843068008501831, 'stability': 0.41043249787368336, 'cluster_size_cv': 0.461332838951183}, 'agglomerative_joint': {'score': 0.46899510194520555, 'silhouette': 0.2116563469171524, 'balance': 0.7544638100543591, 'stability': 0.8067653965195996, 'cluster_size_cv': 0.32544462262272056}}         0.227439                    0.324776                         0.613720              0.437493             0.045366                     1.0              0.279301              False symbol_gpcc_with_selective_recording_consensus                          35                           0.65                                   24                                   55                              0.755102                             0.285714 train_consistency_coral                 2                   128       0.00001                           0.5                    0.05                      840                          490               1.507065            1.505172                     0.001060               0.027254 instance_contrastive_teacher_anchor                3                  128      0.00001                 1.0                       0.5                      0.2                   0.2                     840                         490              3.609108           1.530454                 4.156666                0.001607
Saved: results/stage38/lora_physical_pretrain_seed13_45652089/clustering_results.csv

========== Table 2: Incremental Recognition Results ==========
    Method    Stage Eval Day              Eval Split  Seen Classes True New Classes Discovered Clusters Enrolled Clusters  Eval Samples  Overall Acc  Old Acc  New Acc  Initial Known Acc  Forgetting Rate  Macro F1
MV-ACC-CIL  Initial    Day 1 day1_eval_initial_30pct            10                -                   -                 -           420     0.511905 0.511905      NaN           0.511905         0.000000  0.467155
MV-ACC-CIL After R1    Day 2   eval_r1_30pct_15_seen            15                5                   5                 5           630     0.366667 0.390476 0.319048           0.390476         0.121429  0.313827
MV-ACC-CIL After R2    Day 3   eval_r2_30pct_20_seen            20                5                   5                 5           840     0.302381 0.279365 0.371429           0.378571         0.133333  0.241275
MV-ACC-CIL After R3    Day 4   eval_r3_30pct_25_seen            25                5                   5                 5          1050     0.221905 0.150000 0.509524           0.254762         0.257143  0.164146
Saved: results/stage38/lora_physical_pretrain_seed13_45652089/incremental_results.csv

========== Table 3: Per-Round Summary Results ==========
    Method Round  Cluster Count  Incremental Pseudo-label Classes  Cluster Count Error  Sample Coverage   Purity      NMI      ARI  Hungarian Acc  Overall Acc  New Acc  Forgetting Rate
MV-ACC-CIL    R1              5                                 5                    0         1.000000 0.575510 0.515871 0.450026       0.567347     0.366667 0.319048         0.121429
MV-ACC-CIL    R2              5                                 5                    0         1.000000 0.500000 0.325430 0.277359       0.491837     0.302381 0.371429         0.133333
MV-ACC-CIL    R3              5                                 5                    0         1.000000 0.687755 0.613700 0.552374       0.677551     0.221905 0.509524         0.257143
Saved: results/stage38/lora_physical_pretrain_seed13_45652089/per_round_summary_results.csv

========== Table 4: Shared-Discovery Baseline Details ==========
     Method    Stage Eval Day              Eval Split  Seen Classes True New Classes Discovered Clusters Enrolled Clusters  Eval Samples  Overall Acc  Old Acc  New Acc  Initial Known Acc  Forgetting Rate  Macro F1
     Ft-CNN  Initial    Day 1 day1_eval_initial_30pct            10                -                   -                 -           420     0.500000 0.500000      NaN           0.500000         0.000000  0.436977
        LwF  Initial    Day 1 day1_eval_initial_30pct            10                -                   -                 -           420     0.500000 0.500000      NaN           0.500000         0.000000  0.436977
       EEIL  Initial    Day 1 day1_eval_initial_30pct            10                -                   -                 -           420     0.500000 0.500000      NaN           0.500000         0.000000  0.436977
      iCaRL  Initial    Day 1 day1_eval_initial_30pct            10                -                   -                 -           420     0.550000 0.550000      NaN           0.550000         0.000000  0.537997
TPCIL-style  Initial    Day 1 day1_eval_initial_30pct            10                -                   -                 -           420     0.550000 0.550000      NaN           0.550000         0.000000  0.538356
  DOI-style  Initial    Day 1 day1_eval_initial_30pct            10                -                   -                 -           420     0.550000 0.550000      NaN           0.550000         0.000000  0.537997
     Ft-CNN After R1    Day 2   eval_r1_30pct_15_seen            15                5                   5                 5           630     0.328571 0.323810 0.338095           0.323810         0.176190  0.246111
        LwF After R1    Day 2   eval_r1_30pct_15_seen            15                5                   5                 5           630     0.319048 0.290476 0.376190           0.290476         0.209524  0.227974
      iCaRL After R1    Day 2   eval_r1_30pct_15_seen            15                5                   5                 5           630     0.395238 0.492857 0.200000           0.492857         0.057143  0.391953
       EEIL After R1    Day 2   eval_r1_30pct_15_seen            15                5                   5                 5           630     0.244444 0.261905 0.209524           0.261905         0.238095  0.180555
TPCIL-style After R1    Day 2   eval_r1_30pct_15_seen            15                5                   5                 5           630     0.407937 0.516667 0.190476           0.516667         0.033333  0.403388
  DOI-style After R1    Day 2   eval_r1_30pct_15_seen            15                5                   5                 5           630     0.398413 0.485714 0.223810           0.485714         0.064286  0.397654
     Ft-CNN After R2    Day 3   eval_r2_30pct_20_seen            20                5                   5                 5           840     0.258333 0.255556 0.266667           0.364286         0.135714  0.207055
        LwF After R2    Day 3   eval_r2_30pct_20_seen            20                5                   5                 5           840     0.250000 0.258730 0.223810           0.342857         0.157143  0.196556
      iCaRL After R2    Day 3   eval_r2_30pct_20_seen            20                5                   5                 5           840     0.339286 0.392063 0.180952           0.478571         0.071429  0.322691
       EEIL After R2    Day 3   eval_r2_30pct_20_seen            20                5                   5                 5           840     0.245238 0.242857 0.252381           0.311905         0.188095  0.182552
TPCIL-style After R2    Day 3   eval_r2_30pct_20_seen            20                5                   5                 5           840     0.347619 0.398413 0.195238           0.502381         0.047619  0.328862
  DOI-style After R2    Day 3   eval_r2_30pct_20_seen            20                5                   5                 5           840     0.340476 0.406349 0.142857           0.509524         0.040476  0.323397
     Ft-CNN After R3    Day 4   eval_r3_30pct_25_seen            25                5                   5                 5          1050     0.180952 0.138095 0.352381           0.271429         0.228571  0.112402
        LwF After R3    Day 4   eval_r3_30pct_25_seen            25                5                   5                 5          1050     0.167619 0.135714 0.295238           0.259524         0.240476  0.110015
      iCaRL After R3    Day 4   eval_r3_30pct_25_seen            25                5                   5                 5          1050     0.266667 0.285714 0.190476           0.385714         0.164286  0.256599
       EEIL After R3    Day 4   eval_r3_30pct_25_seen            25                5                   5                 5          1050     0.204762 0.169048 0.347619           0.261905         0.238095  0.138916
TPCIL-style After R3    Day 4   eval_r3_30pct_25_seen            25                5                   5                 5          1050     0.243810 0.258333 0.185714           0.371429         0.178571  0.228374
  DOI-style After R3    Day 4   eval_r3_30pct_25_seen            25                5                   5                 5          1050     0.248571 0.278571 0.128571           0.376190         0.173810  0.237993
Saved: results/stage38/lora_physical_pretrain_seed13_45652089/shared_discovery_baseline_results.csv

========== Table 5: Shared-Discovery Controlled Comparison ==========
     Method   R1 Acc  R1 Forgetting   R2 Acc  R2 Forgetting   R3 Acc  R3 Forgetting  Avg Acc  Avg Forgetting
     Ft-CNN 0.328571       0.176190 0.258333       0.135714 0.180952       0.228571 0.255952        0.180159
        LwF 0.319048       0.209524 0.250000       0.157143 0.167619       0.240476 0.245556        0.202381
      iCaRL 0.395238       0.057143 0.339286       0.071429 0.266667       0.164286 0.333730        0.097619
       EEIL 0.244444       0.238095 0.245238       0.188095 0.204762       0.238095 0.231481        0.221429
TPCIL-style 0.407937       0.033333 0.347619       0.047619 0.243810       0.178571 0.333122        0.086508
  DOI-style 0.398413       0.064286 0.340476       0.040476 0.248571       0.173810 0.329153        0.092857
 MV-ACC-CIL 0.366667       0.121429 0.302381       0.133333 0.221905       0.257143 0.296984        0.170635
Saved: results/stage38/lora_physical_pretrain_seed13_45652089/shared_discovery_comparison_results.csv

========== Table 6: End-to-End Open-Set Incremental Comparison ==========
                    Method   R1 Acc  R1 Forgetting   R2 Acc  R2 Forgetting   R3 Acc  R3 Forgetting  Avg Acc  Avg Forgetting
     Deep-HDBSCAN + Ft-CNN 0.338095       0.088095 0.277381       0.066667 0.151429       0.259524 0.255635        0.138095
        Deep-HDBSCAN + LwF 0.282540       0.188095 0.230952       0.183333 0.190476       0.238095 0.234656        0.203175
      Deep-HDBSCAN + iCaRL 0.407937       0.028571 0.322619       0.040476 0.230476       0.150000 0.320344        0.073016
       Deep-HDBSCAN + EEIL 0.319048       0.121429 0.265476       0.088095 0.204762       0.116667 0.263095        0.108730
Deep-HDBSCAN + TPCIL-style 0.412698       0.007143 0.320238       0.023810 0.213333       0.173810 0.315423        0.068254
  Deep-HDBSCAN + DOI-style 0.406349       0.033333 0.319048       0.038095 0.223810       0.157143 0.316402        0.076190
                MV-ACC-CIL 0.366667       0.121429 0.302381       0.133333 0.221905       0.257143 0.296984        0.170635
Saved: results/stage38/lora_physical_pretrain_seed13_45652089/end_to_end_comparison_results.csv

========== Table 7: Full End-to-End System Comparison (Main Table) ==========
                    Method                                  Discovery Module                            Incremental Module   R1 Acc  R1 Forgetting   R2 Acc  R2 Forgetting   R3 Acc  R3 Forgetting  Avg Acc  Avg Forgetting
     Deep-HDBSCAN + Ft-CNN                          Deep embedding + HDBSCAN                                   Fine-tuning 0.338095       0.088095 0.277381       0.066667 0.151429       0.259524 0.255635        0.138095
        Deep-HDBSCAN + LwF                          Deep embedding + HDBSCAN                        Knowledge distillation 0.282540       0.188095 0.230952       0.183333 0.190476       0.238095 0.234656        0.203175
      Deep-HDBSCAN + iCaRL                          Deep embedding + HDBSCAN        Exemplar replay + prototype classifier 0.407937       0.028571 0.322619       0.040476 0.230476       0.150000 0.320344        0.073016
       Deep-HDBSCAN + EEIL                          Deep embedding + HDBSCAN                         Replay + distillation 0.319048       0.121429 0.265476       0.088095 0.204762       0.116667 0.263095        0.108730
Deep-HDBSCAN + TPCIL-style                          Deep embedding + HDBSCAN            Topology-aware prototype smoothing 0.412698       0.007143 0.320238       0.023810 0.213333       0.173810 0.315423        0.068254
  Deep-HDBSCAN + DOI-style                          Deep embedding + HDBSCAN DOI-inspired prototype preservation/alignment 0.406349       0.033333 0.319048       0.038095 0.223810       0.157143 0.316402        0.076190
                MV-ACC-CIL SupCon deep/RF graphs + adaptive fusion + HDBSCAN                 Network replay + distillation 0.366667       0.121429 0.302381       0.133333 0.221905       0.257143 0.296984        0.170635
Saved: results/stage38/lora_physical_pretrain_seed13_45652089/end_to_end_system_comparison.csv
Visualizations saved under: results/stage38/lora_physical_pretrain_seed13_45652089/visualizations
Core comparison panels saved under: results/stage38/lora_physical_pretrain_seed13_45652089/visualizations/core_comparison
运行 Stage 38 LoRa physical pretrain：seed=31
Epoch 001/020 | val_acc=0.0929 | val_loss=2.5801 | physical=1.0107
Epoch 002/020 | val_acc=0.1929 | val_loss=2.1499 | physical=1.0028
Epoch 003/020 | val_acc=0.3071 | val_loss=1.9733 | physical=0.9377
Epoch 004/020 | val_acc=0.2857 | val_loss=1.8027 | physical=0.8427
Epoch 005/020 | val_acc=0.3000 | val_loss=1.7132 | physical=0.8163
Epoch 006/020 | val_acc=0.2643 | val_loss=1.8474 | physical=0.7404
Epoch 007/020 | val_acc=0.4357 | val_loss=1.3953 | physical=0.6453
Epoch 008/020 | val_acc=0.4500 | val_loss=1.4311 | physical=0.6057
Epoch 009/020 | val_acc=0.4429 | val_loss=1.3958 | physical=0.5829
Epoch 010/020 | val_acc=0.5357 | val_loss=1.2218 | physical=0.6062
Epoch 011/020 | val_acc=0.4643 | val_loss=1.2849 | physical=0.6197
Epoch 012/020 | val_acc=0.5000 | val_loss=1.2286 | physical=0.4706
Epoch 013/020 | val_acc=0.4643 | val_loss=1.4018 | physical=0.5146
Epoch 014/020 | val_acc=0.4214 | val_loss=1.2966 | physical=0.5269
Epoch 015/020 | val_acc=0.3357 | val_loss=1.5894 | physical=0.4967
Epoch 016/020 | val_acc=0.5357 | val_loss=1.1975 | physical=0.4640
Epoch 017/020 | val_acc=0.4929 | val_loss=1.1487 | physical=0.4344
Epoch 018/020 | val_acc=0.4500 | val_loss=1.5174 | physical=0.4376
Epoch 019/020 | val_acc=0.5071 | val_loss=1.2000 | physical=0.4370
Epoch 020/020 | val_acc=0.4643 | val_loss=1.3370 | physical=0.3909
{"checkpoint": "results/stage38/lora_physical_pretrain_checkpoint_seed31_45652089.pth", "best": {"validation_accuracy": 0.5357142857142857, "validation_loss": 1.1974971226283482, "epoch": 16}}

========== LoRa25 Different Days Indoor 10-Known 3-Round Incremental Experiment ==========
Dataset: /mnt/users/xj62kv/OpenSet_Incremental_SEI/datasets/lora25_compact/lora25_diffdays_indoor_aligned_group_256.npz
Save dir: results/stage38/lora_physical_pretrain_seed31_45652089
Device: cuda
Protocol: 10 known + 5 unknown R1 + 5 unknown R2 + 5 unknown R3
LoRa split: IQ_1-6 train | IQ_7 validation | IQ_8-10 held-out evaluation
Old-class prototype bonus beta: 0.0
Incremental dual-view consistency weight: 0.0
Cross-day feature domain alignment weight: 0.0
Pseudo-label cluster reliability weighting: False (floor=0.2)
Closed-set training loss: CE + 0.1 * SupCon(T=0.2)
Sample-level protocol: 60% backbone train + 10% validation + 30% held-out evaluation
Fusion: fixed alpha | alpha=0.7
No-drop consolidation (ablation): rounds=5, threshold=0.78, coverage=100%
MV-ACC: mcs_ratio=0.045, min_samples=5, merge_th=0.74, sub_prototypes=5, split_factor=1.75, split_sil=0.3, coverage=100%, strict_alignment=Hungarian

[Splits]
Day1 known train IQ_1-6 train: (840, 2, 256), classes=10, labels=0-9
Initial eval 30%:     (420, 2, 256), classes=10, labels=0-9, day=Day 1
Unknown R1 IQ_1-7 discovery: (490, 2, 256), classes=5, labels=10-14, day=Day 2
After R1 IQ_8-10 eval: (630, 2, 256), classes=15, labels=0-14, day=Day 2
Unknown R2 IQ_1-7 discovery: (490, 2, 256), classes=5, labels=15-19, day=Day 3
After R2 IQ_8-10 eval: (840, 2, 256), classes=20, labels=0-19, day=Day 3
Unknown R3 IQ_1-7 discovery: (490, 2, 256), classes=5, labels=20-24, day=Day 4
After R3 IQ_8-10 eval: (1050, 2, 256), classes=25, labels=0-24, day=Day 4
[Load] checkpoint=results/stage38/lora_physical_pretrain_checkpoint_seed31_45652089.pth

[Extract] Deep embeddings
[CF-LCG] view=all24_base | purity=0.347 | gate_open=False
[CF-LCG] global binary gate closed; Local CF-LCG remains sample-adaptive.
[MV-ACC calibration] Day1 validation only: ratio=0.03, merge_threshold=0.74

[MV-ACC-CIL] End-to-end pseudo-label class-incremental learning
[joint registration] R1: kept=393/490 top_fraction=0.80; all discovery samples remain in current-round training
[joint registration] R2: kept=395/490 top_fraction=0.80; all discovery samples remain in current-round training
[joint registration] R3: kept=394/490 top_fraction=0.80; all discovery samples remain in current-round training

========== Representative Class-Incremental Baselines: Shared Graph-fusion pseudo-labels ==========

========== Representative Class-Incremental Baselines: End-to-end with neutral Deep-HDBSCAN discovery ==========

========== Table 1: Unknown Discovery / Clustering Results ==========
              Method Round Discovery Day  True New Classes  Samples  Initial Cluster Count  Final Cluster Count  Cluster Count Error  Over-clustering Ratio  Assignment Coverage  Noise Points  Clusters  Noise      NMI      ARI   Purity  Hungarian Acc        Discovery Backend Discovery Feature Adapter                          GPCC Backend  GPCC Target Clusters GPCC Selected Candidate                                                                                                                                                                                                                                                                                                                                                                                                                                                                                                                                                   GPCC Candidate Scores  GPCC Silhouette  GPCC Prototype Margin Mean  GPCC Silhouette Confidence Mean  GPCC Confidence Mean  GPCC Confidence Min  GPCC Cluster Stability  GPCC Cluster Size CV  GPCC Uses HDBSCAN                    Recording-Consensus Backend  Recording-Consensus Groups  Recording-Consensus Threshold  Recording-Consensus Accepted Groups  Recording-Consensus Changed Samples  Recording-Consensus Mean Consistency  Recording-Consensus Min Consistency       Cross-Day Adapter  Cross-Day Epochs  Cross-Day Batch Size  Cross-Day LR  Cross-Day Consistency Weight  Cross-Day CORAL Weight  Cross-Day Known Samples  Cross-Day Discovery Samples  Cross-Day Final Total  Cross-Day Final CE  Cross-Day Final Consistency  Cross-Day Final CORAL                    LoRa SSL Adapter  LoRa SSL Epochs  LoRa SSL Batch Size  LoRa SSL LR  LoRa SSL CE Weight  LoRa SSL Instance Weight  LoRa SSL Teacher Weight  LoRa SSL Temperature  LoRa SSL Known Samples  LoRa SSL Discovery Samples  LoRa SSL Final Total  LoRa SSL Final CE  LoRa SSL Final Instance  LoRa SSL Final Teacher
MV-ACC-CIL discovery    R1         Day 2                 5      490                      5                    5                    0                    1.0                  1.0             0         5    0.0 0.413534 0.345959 0.540816       0.502041 Recording-Consensus-GPCC                      none graph_prototype_controlled_clustering                     5            kmeans_joint {'kmeans_joint': {'score': 0.5236368420450352, 'silhouette': 0.17563863098621368, 'balance': 0.8851779750130884, 'stability': 1.0, 'cluster_size_cv': 0.12971631494244285}, 'kmeans_graph': {'score': 0.41570947956795257, 'silhouette': 0.15982671082019806, 'balance': 0.8801736602818865, 'stability': 0.6070802262418652, 'cluster_size_cv': 0.13613942921188715}, 'agglomerative_joint': {'score': 0.4074680664134579, 'silhouette': 0.18650901317596436, 'balance': 0.7276376484655129, 'stability': 0.6374423178942996, 'cluster_size_cv': 0.37431041687969485}}         0.175639                    0.268327                         0.587819              0.384733             0.083925                     1.0              0.129716              False symbol_gpcc_with_selective_recording_consensus                          35                           0.65                                   12                                   26                              0.657143                             0.357143 train_consistency_coral                 2                   128       0.00001                           0.5                    0.05                      840                          490               0.756289            0.749617                     0.002975               0.103702 instance_contrastive_teacher_anchor                3                  128      0.00001                 1.0                       0.5                      0.2                   0.2                     840                         490              2.756332           0.727316                 4.057129                0.002255
MV-ACC-CIL discovery    R2         Day 3                 5      490                      5                    5                    0                    1.0                  1.0             0         5    0.0 0.300345 0.250599 0.536735       0.536735 Recording-Consensus-GPCC                      none graph_prototype_controlled_clustering                     5            kmeans_joint    {'kmeans_joint': {'score': 0.4974358255296995, 'silhouette': 0.13728363811969757, 'balance': 0.8596491228193291, 'stability': 1.0, 'cluster_size_cv': 0.16326530610578927}, 'kmeans_graph': {'score': 0.40789635376682876, 'silhouette': 0.13487137854099274, 'balance': 0.842113262617405, 'stability': 0.6611777721832068, 'cluster_size_cv': 0.1874887196193314}, 'agglomerative_joint': {'score': 0.3658767549284567, 'silhouette': 0.11987977474927902, 'balance': 0.7401617686845938, 'stability': 0.6076421003177378, 'cluster_size_cv': 0.3510560019564202}}         0.137284                    0.231449                         0.568642              0.348700             0.055929                     1.0              0.163265              False symbol_gpcc_with_selective_recording_consensus                          35                           0.65                                    8                                   25                              0.577551                             0.285714 train_consistency_coral                 2                   128       0.00001                           0.5                    0.05                      840                          490               1.092052            1.086839                     0.002372               0.080558 instance_contrastive_teacher_anchor                3                  128      0.00001                 1.0                       0.5                      0.2                   0.2                     840                         490              3.073407           1.076055                 3.993790                0.002283
MV-ACC-CIL discovery    R3         Day 4                 5      490                      5                    5                    0                    1.0                  1.0             0         5    0.0 0.580683 0.488739 0.628571       0.628571 Recording-Consensus-GPCC                      none graph_prototype_controlled_clustering                     5            kmeans_joint   {'kmeans_joint': {'score': 0.5252109379108456, 'silhouette': 0.19641076028347015, 'balance': 0.835925098774685, 'stability': 1.0, 'cluster_size_cv': 0.1962794291806995}, 'kmeans_graph': {'score': 0.33124432530310766, 'silhouette': 0.12370036542415619, 'balance': 0.7415340965014424, 'stability': 0.45960922007813293, 'cluster_size_cv': 0.3485556560622089}, 'agglomerative_joint': {'score': 0.41392263831773995, 'silhouette': 0.17549453675746918, 'balance': 0.7944646841037971, 'stability': 0.6340308251214899, 'cluster_size_cv': 0.2587091912437352}}         0.196411                    0.292228                         0.598205              0.408004             0.048993                     1.0              0.196279              False symbol_gpcc_with_selective_recording_consensus                          35                           0.65                                   19                                   54                              0.685714                             0.357143 train_consistency_coral                 2                   128       0.00001                           0.5                    0.05                      840                          490               1.510615            1.508403                     0.001063               0.033600 instance_contrastive_teacher_anchor                3                  128      0.00001                 1.0                       0.5                      0.2                   0.2                     840                         490              3.277637           1.387216                 3.780326                0.001291
Saved: results/stage38/lora_physical_pretrain_seed31_45652089/clustering_results.csv

========== Table 2: Incremental Recognition Results ==========
    Method    Stage Eval Day              Eval Split  Seen Classes True New Classes Discovered Clusters Enrolled Clusters  Eval Samples  Overall Acc  Old Acc  New Acc  Initial Known Acc  Forgetting Rate  Macro F1
MV-ACC-CIL  Initial    Day 1 day1_eval_initial_30pct            10                -                   -                 -           420     0.516667 0.516667      NaN           0.516667         0.000000  0.503882
MV-ACC-CIL After R1    Day 2   eval_r1_30pct_15_seen            15                5                   5                 5           630     0.360317 0.423810 0.233333           0.423810         0.092857  0.352761
MV-ACC-CIL After R2    Day 3   eval_r2_30pct_20_seen            20                5                   5                 5           840     0.322619 0.326984 0.309524           0.397619         0.119048  0.297872
MV-ACC-CIL After R3    Day 4   eval_r3_30pct_25_seen            25                5                   5                 5          1050     0.249524 0.203571 0.433333           0.302381         0.214286  0.202041
Saved: results/stage38/lora_physical_pretrain_seed31_45652089/incremental_results.csv

========== Table 3: Per-Round Summary Results ==========
    Method Round  Cluster Count  Incremental Pseudo-label Classes  Cluster Count Error  Sample Coverage   Purity      NMI      ARI  Hungarian Acc  Overall Acc  New Acc  Forgetting Rate
MV-ACC-CIL    R1              5                                 5                    0         1.000000 0.540816 0.413534 0.345959       0.502041     0.360317 0.233333         0.092857
MV-ACC-CIL    R2              5                                 5                    0         1.000000 0.536735 0.300345 0.250599       0.536735     0.322619 0.309524         0.119048
MV-ACC-CIL    R3              5                                 5                    0         1.000000 0.628571 0.580683 0.488739       0.628571     0.249524 0.433333         0.214286
Saved: results/stage38/lora_physical_pretrain_seed31_45652089/per_round_summary_results.csv

========== Table 4: Shared-Discovery Baseline Details ==========
     Method    Stage Eval Day              Eval Split  Seen Classes True New Classes Discovered Clusters Enrolled Clusters  Eval Samples  Overall Acc  Old Acc  New Acc  Initial Known Acc  Forgetting Rate  Macro F1
     Ft-CNN  Initial    Day 1 day1_eval_initial_30pct            10                -                   -                 -           420     0.452381 0.452381      NaN           0.452381         0.000000  0.377402
        LwF  Initial    Day 1 day1_eval_initial_30pct            10                -                   -                 -           420     0.452381 0.452381      NaN           0.452381         0.000000  0.377402
       EEIL  Initial    Day 1 day1_eval_initial_30pct            10                -                   -                 -           420     0.452381 0.452381      NaN           0.452381         0.000000  0.377402
      iCaRL  Initial    Day 1 day1_eval_initial_30pct            10                -                   -                 -           420     0.590476 0.590476      NaN           0.590476         0.000000  0.587285
TPCIL-style  Initial    Day 1 day1_eval_initial_30pct            10                -                   -                 -           420     0.590476 0.590476      NaN           0.590476         0.000000  0.585613
  DOI-style  Initial    Day 1 day1_eval_initial_30pct            10                -                   -                 -           420     0.590476 0.590476      NaN           0.590476         0.000000  0.587285
     Ft-CNN After R1    Day 2   eval_r1_30pct_15_seen            15                5                   5                 5           630     0.317460 0.402381 0.147619           0.402381         0.050000  0.239470
        LwF After R1    Day 2   eval_r1_30pct_15_seen            15                5                   5                 5           630     0.338095 0.385714 0.242857           0.385714         0.066667  0.249343
      iCaRL After R1    Day 2   eval_r1_30pct_15_seen            15                5                   5                 5           630     0.395238 0.447619 0.290476           0.447619         0.142857  0.392398
       EEIL After R1    Day 2   eval_r1_30pct_15_seen            15                5                   5                 5           630     0.298413 0.283333 0.328571           0.283333         0.169048  0.233680
TPCIL-style After R1    Day 2   eval_r1_30pct_15_seen            15                5                   5                 5           630     0.395238 0.471429 0.242857           0.471429         0.119048  0.390537
  DOI-style After R1    Day 2   eval_r1_30pct_15_seen            15                5                   5                 5           630     0.377778 0.442857 0.247619           0.442857         0.147619  0.378337
     Ft-CNN After R2    Day 3   eval_r2_30pct_20_seen            20                5                   5                 5           840     0.241667 0.215873 0.319048           0.321429         0.130952  0.182488
        LwF After R2    Day 3   eval_r2_30pct_20_seen            20                5                   5                 5           840     0.273810 0.249206 0.347619           0.373810         0.078571  0.219711
      iCaRL After R2    Day 3   eval_r2_30pct_20_seen            20                5                   5                 5           840     0.365476 0.415873 0.214286           0.504762         0.085714  0.347810
       EEIL After R2    Day 3   eval_r2_30pct_20_seen            20                5                   5                 5           840     0.290476 0.252381 0.404762           0.302381         0.150000  0.207716
TPCIL-style After R2    Day 3   eval_r2_30pct_20_seen            20                5                   5                 5           840     0.363095 0.417460 0.200000           0.530952         0.059524  0.345659
  DOI-style After R2    Day 3   eval_r2_30pct_20_seen            20                5                   5                 5           840     0.365476 0.417460 0.209524           0.492857         0.097619  0.354291
     Ft-CNN After R3    Day 4   eval_r3_30pct_25_seen            25                5                   5                 5          1050     0.152381 0.126190 0.257143           0.252381         0.200000  0.101863
        LwF After R3    Day 4   eval_r3_30pct_25_seen            25                5                   5                 5          1050     0.181905 0.144048 0.333333           0.288095         0.164286  0.126173
      iCaRL After R3    Day 4   eval_r3_30pct_25_seen            25                5                   5                 5          1050     0.248571 0.263095 0.190476           0.347619         0.242857  0.232574
       EEIL After R3    Day 4   eval_r3_30pct_25_seen            25                5                   5                 5          1050     0.207619 0.208333 0.204762           0.285714         0.166667  0.155769
TPCIL-style After R3    Day 4   eval_r3_30pct_25_seen            25                5                   5                 5          1050     0.244762 0.257143 0.195238           0.371429         0.219048  0.227318
  DOI-style After R3    Day 4   eval_r3_30pct_25_seen            25                5                   5                 5          1050     0.251429 0.273810 0.161905           0.342857         0.247619  0.232472
Saved: results/stage38/lora_physical_pretrain_seed31_45652089/shared_discovery_baseline_results.csv

========== Table 5: Shared-Discovery Controlled Comparison ==========
     Method   R1 Acc  R1 Forgetting   R2 Acc  R2 Forgetting   R3 Acc  R3 Forgetting  Avg Acc  Avg Forgetting
     Ft-CNN 0.317460       0.050000 0.241667       0.130952 0.152381       0.200000 0.237169        0.126984
        LwF 0.338095       0.066667 0.273810       0.078571 0.181905       0.164286 0.264603        0.103175
      iCaRL 0.395238       0.142857 0.365476       0.085714 0.248571       0.242857 0.336429        0.157143
       EEIL 0.298413       0.169048 0.290476       0.150000 0.207619       0.166667 0.265503        0.161905
TPCIL-style 0.395238       0.119048 0.363095       0.059524 0.244762       0.219048 0.334365        0.132540
  DOI-style 0.377778       0.147619 0.365476       0.097619 0.251429       0.247619 0.331561        0.164286
 MV-ACC-CIL 0.360317       0.092857 0.322619       0.119048 0.249524       0.214286 0.310820        0.142063
Saved: results/stage38/lora_physical_pretrain_seed31_45652089/shared_discovery_comparison_results.csv

========== Table 6: End-to-End Open-Set Incremental Comparison ==========
                    Method   R1 Acc  R1 Forgetting   R2 Acc  R2 Forgetting   R3 Acc  R3 Forgetting  Avg Acc  Avg Forgetting
     Deep-HDBSCAN + Ft-CNN 0.341270      -0.021429 0.259524       0.045238 0.156190       0.192857 0.252328        0.072222
        Deep-HDBSCAN + LwF 0.334921      -0.019048 0.269048       0.030952 0.137143       0.240476 0.247037        0.084127
      Deep-HDBSCAN + iCaRL 0.396825       0.140476 0.355952       0.088095 0.264762       0.216667 0.339180        0.148413
       Deep-HDBSCAN + EEIL 0.350794      -0.042857 0.263095       0.047619 0.212381       0.052381 0.275423        0.019048
Deep-HDBSCAN + TPCIL-style 0.400000       0.085714 0.346429       0.061905 0.256190       0.192857 0.334206        0.113492
  Deep-HDBSCAN + DOI-style 0.403175       0.123810 0.353571       0.088095 0.261905       0.214286 0.339550        0.142063
                MV-ACC-CIL 0.360317       0.092857 0.322619       0.119048 0.249524       0.214286 0.310820        0.142063
Saved: results/stage38/lora_physical_pretrain_seed31_45652089/end_to_end_comparison_results.csv

========== Table 7: Full End-to-End System Comparison (Main Table) ==========
                    Method                                  Discovery Module                            Incremental Module   R1 Acc  R1 Forgetting   R2 Acc  R2 Forgetting   R3 Acc  R3 Forgetting  Avg Acc  Avg Forgetting
     Deep-HDBSCAN + Ft-CNN                          Deep embedding + HDBSCAN                                   Fine-tuning 0.341270      -0.021429 0.259524       0.045238 0.156190       0.192857 0.252328        0.072222
        Deep-HDBSCAN + LwF                          Deep embedding + HDBSCAN                        Knowledge distillation 0.334921      -0.019048 0.269048       0.030952 0.137143       0.240476 0.247037        0.084127
      Deep-HDBSCAN + iCaRL                          Deep embedding + HDBSCAN        Exemplar replay + prototype classifier 0.396825       0.140476 0.355952       0.088095 0.264762       0.216667 0.339180        0.148413
       Deep-HDBSCAN + EEIL                          Deep embedding + HDBSCAN                         Replay + distillation 0.350794      -0.042857 0.263095       0.047619 0.212381       0.052381 0.275423        0.019048
Deep-HDBSCAN + TPCIL-style                          Deep embedding + HDBSCAN            Topology-aware prototype smoothing 0.400000       0.085714 0.346429       0.061905 0.256190       0.192857 0.334206        0.113492
  Deep-HDBSCAN + DOI-style                          Deep embedding + HDBSCAN DOI-inspired prototype preservation/alignment 0.403175       0.123810 0.353571       0.088095 0.261905       0.214286 0.339550        0.142063
                MV-ACC-CIL SupCon deep/RF graphs + adaptive fusion + HDBSCAN                 Network replay + distillation 0.360317       0.092857 0.322619       0.119048 0.249524       0.214286 0.310820        0.142063
Saved: results/stage38/lora_physical_pretrain_seed31_45652089/end_to_end_system_comparison.csv
Visualizations saved under: results/stage38/lora_physical_pretrain_seed31_45652089/visualizations
Core comparison panels saved under: results/stage38/lora_physical_pretrain_seed31_45652089/visualizations/core_comparison
Stage 38 三种子报告：results/stage38/STAGE38_LORA_PHYSICAL_PRETRAIN_MULTISEED_REPORT_45652089.md
Stage 38 LoRa 物理域自监督预训练三种子确认完成。
