Stage59 data_root=/mnt/usmidet/billy_test/OpenSet_Incremental_SEI/stage45-worktree
Stage59 s28_npz=results/stage46/lora25_diffdays_indoor_raw1024_s28_46103936.npz
Stage59 python=/mnt/users/xj62kv/OpenSet_Incremental_SEI/.venv/bin/python
== Stage59 variant kmeans: consensus=0.0, save_dir=results/stage59/lora_s59_kmeans_46274803 ==
{
  "schema_version": "stage59_lora_physical_descriptor_proto_v1",
  "dataset_path": "results/stage46/lora25_diffdays_indoor_raw1024_s28_46103936.npz",
  "save_dir": "results/stage59/lora_s59_kmeans_46274803",
  "seed": 7,
  "pca_dim": 64,
  "spectrum_bins": 32,
  "recording_consensus_threshold": 0.0,
  "r3": {
    "overall": 0.05095238095238095,
    "old": 0.05654761904761905,
    "new": 0.02857142857142857,
    "forgetting": 0.13214285714285712,
    "macro_f1": 0.03994509656054011
  },
  "stage48_multiseed": {
    "overall": 0.2803,
    "old": 0.2312,
    "new": 0.477,
    "forgetting": 0.1802
  },
  "gate": "FAIL"
}
== Stage59 variant kmeans_rec065: consensus=0.65, save_dir=results/stage59/lora_s59_kmeans_rec065_46274803 ==
{
  "schema_version": "stage59_lora_physical_descriptor_proto_v1",
  "dataset_path": "results/stage46/lora25_diffdays_indoor_raw1024_s28_46103936.npz",
  "save_dir": "results/stage59/lora_s59_kmeans_rec065_46274803",
  "seed": 7,
  "pca_dim": 64,
  "spectrum_bins": 32,
  "recording_consensus_threshold": 0.65,
  "r3": {
    "overall": 0.05333333333333334,
    "old": 0.05892857142857143,
    "new": 0.030952380952380953,
    "forgetting": 0.13452380952380952,
    "macro_f1": 0.040720298682673
  },
  "stage48_multiseed": {
    "overall": 0.2803,
    "old": 0.2312,
    "new": 0.477,
    "forgetting": 0.1802
  },
  "gate": "FAIL"
}
