
========== WiSig ManyTx 10-Known 3-Round Incremental Experiment ==========
Dataset: C:\Users\123\Downloads\ManyTx.pkl\ManyTx.pkl
Save dir: C:\Users\123\PycharmProjects\OpenSet_Incremental_SEI\results\manytx_rx2_mvacc_cil_seed7
Device: cuda
Protocol: 10 known + 10 unknown R1 + 10 unknown R2 + 10 unknown R3
Receiver setting: selected_rx_list=[2] | mode=single-Rx
Equalization index: 0 | minimum samples/Tx/day: 40
Frozen protocol: C:\Users\123\PycharmProjects\OpenSet_Incremental_SEI\results\manytx_rx2_mvacc_cil_seed7\manytx_protocol.json
Old-class prototype bonus beta: 0.0
Closed-set training loss: CE + 0.1 * SupCon(T=0.2)
Sample-level protocol: 60% backbone train + 10% validation + 30% held-out evaluation
Fusion: bounded edge-wise adaptive | alpha_min=0.65, alpha_max=0.95
No-drop consolidation (ablation): rounds=5, threshold=0.78, coverage=100%
MV-ACC: mcs_ratio=0.045, min_samples=5, merge_th=0.78, sub_prototypes=5, split_factor=1.75, split_sil=0.3, coverage=100%, strict_alignment=Hungarian

[Splits]
Day1 known train 70%: (350, 2, 256), classes=10, labels=0-9
Initial eval 30%:     (150, 2, 256), classes=10, labels=0-9, day=2021_03_01
Unknown R1 70%:     (350, 2, 256), classes=10, labels=10-19, day=2021_03_08
After R1 eval 30%:  (300, 2, 256), classes=20, labels=0-19, day=2021_03_08
Unknown R2 70%:     (350, 2, 256), classes=10, labels=20-29, day=2021_03_15
After R2 eval 30%:  (450, 2, 256), classes=30, labels=0-29, day=2021_03_15
Unknown R3 70%:     (350, 2, 256), classes=10, labels=30-39, day=2021_03_23
After R3 eval 30%:  (600, 2, 256), classes=40, labels=0-39, day=2021_03_23

[Train-v2] classes=10 | train=300 | validation=50 | validation_fraction=0.142857
[Train-v2] RF augmentation=True | SupCon projection=64
Epoch 001/020 | train_loss=2.7182 | train_acc=0.2148 | val_acc=0.1000 | val_loss=2.3033
Epoch 002/020 | train_loss=2.1832 | train_acc=0.4609 | val_acc=0.1000 | val_loss=2.3204
Epoch 003/020 | train_loss=1.8755 | train_acc=0.6406 | val_acc=0.1000 | val_loss=2.4278
Epoch 004/020 | train_loss=1.5146 | train_acc=0.8047 | val_acc=0.1000 | val_loss=2.7963
Epoch 005/020 | train_loss=1.2156 | train_acc=0.8984 | val_acc=0.1000 | val_loss=3.7617
Epoch 006/020 | train_loss=1.0157 | train_acc=0.8906 | val_acc=0.1000 | val_loss=4.9686
Epoch 007/020 | train_loss=0.8095 | train_acc=0.9609 | val_acc=0.1000 | val_loss=6.4564
Epoch 008/020 | train_loss=0.7055 | train_acc=0.9453 | val_acc=0.1000 | val_loss=7.8602
Epoch 009/020 | train_loss=0.6341 | train_acc=0.9492 | val_acc=0.1000 | val_loss=9.0781
Epoch 010/020 | train_loss=0.5948 | train_acc=0.9414 | val_acc=0.1000 | val_loss=10.0625
Epoch 011/020 | train_loss=0.5363 | train_acc=0.9492 | val_acc=0.1000 | val_loss=10.0810
Epoch 012/020 | train_loss=0.5477 | train_acc=0.9297 | val_acc=0.1000 | val_loss=10.5732
Epoch 013/020 | train_loss=0.4890 | train_acc=0.9570 | val_acc=0.1000 | val_loss=11.5579
Epoch 014/020 | train_loss=0.5019 | train_acc=0.9492 | val_acc=0.1000 | val_loss=10.7605
Epoch 015/020 | train_loss=0.4236 | train_acc=0.9805 | val_acc=0.1000 | val_loss=9.6624
Epoch 016/020 | train_loss=0.4024 | train_acc=0.9883 | val_acc=0.1000 | val_loss=8.6127
Epoch 017/020 | train_loss=0.3912 | train_acc=0.9922 | val_acc=0.1000 | val_loss=6.7203
Epoch 018/020 | train_loss=0.3759 | train_acc=0.9961 | val_acc=0.2600 | val_loss=4.5315
Epoch 019/020 | train_loss=0.3812 | train_acc=0.9883 | val_acc=0.3200 | val_loss=3.3107
Epoch 020/020 | train_loss=0.3471 | train_acc=1.0000 | val_acc=0.3800 | val_loss=2.0686
[Train-v2] best_val_acc=0.3800 | best_val_loss=2.0686 | saved=C:\Users\123\PycharmProjects\OpenSet_Incremental_SEI\results\manytx_rx2_mvacc_cil_seed7\closedset_manytx_rx2_day1_10known.pth
[Load] checkpoint=C:\Users\123\PycharmProjects\OpenSet_Incremental_SEI\results\manytx_rx2_mvacc_cil_seed7\closedset_manytx_rx2_day1_10known.pth

[Extract] Deep embeddings
[CF-LCG] view=all24_base | purity=0.382 | gate_open=False

[MV-ACC calibration | Day1 held-out known labels only]
 Candidate Min Cluster Ratio  Candidate Merge Threshold  Final Cluster Count  Cluster Count Error   Purity      NMI      ARI  Hungarian Acc  Calibration Score
                    0.030000                   0.740000                    1                    9 0.100000 0.000000 0.000000       0.100000          -2.150000
                    0.030000                   0.780000                    1                    9 0.100000 0.000000 0.000000       0.100000          -2.150000
                    0.030000                   0.820000                    1                    9 0.100000 0.000000 0.000000       0.100000          -2.150000
                    0.030000                   0.860000                    1                    9 0.100000 0.000000 0.000000       0.100000          -2.150000
                    0.045000                   0.740000                    1                    9 0.100000 0.000000 0.000000       0.100000          -2.150000
                    0.045000                   0.780000                    1                    9 0.100000 0.000000 0.000000       0.100000          -2.150000
                    0.045000                   0.820000                    1                    9 0.100000 0.000000 0.000000       0.100000          -2.150000
                    0.045000                   0.860000                    1                    9 0.100000 0.000000 0.000000       0.100000          -2.150000
                    0.060000                   0.740000                    1                    9 0.100000 0.000000 0.000000       0.100000          -2.150000
                    0.060000                   0.780000                    1                    9 0.100000 0.000000 0.000000       0.100000          -2.150000
                    0.060000                   0.820000                    1                    9 0.100000 0.000000 0.000000       0.100000          -2.150000
                    0.060000                   0.860000                    1                    9 0.100000 0.000000 0.000000       0.100000          -2.150000
                    0.080000                   0.740000                    1                    9 0.100000 0.000000 0.000000       0.100000          -2.150000
                    0.080000                   0.780000                    1                    9 0.100000 0.000000 0.000000       0.100000          -2.150000
                    0.080000                   0.820000                    1                    9 0.100000 0.000000 0.000000       0.100000          -2.150000
                    0.080000                   0.860000                    1                    9 0.100000 0.000000 0.000000       0.100000          -2.150000
[MV-ACC calibration] frozen ratio=0.045, merge_threshold=0.78, informative=False | saved=C:\Users\123\PycharmProjects\OpenSet_Incremental_SEI\results\manytx_rx2_mvacc_cil_seed7\mvacc_day1_known_calibration.csv

[MV-ACC-CIL] End-to-end pseudo-label class-incremental learning

========== Table 1: Unknown Discovery / Clustering Results ==========
              Method Round Discovery Day  True New Classes  Samples  Initial Cluster Count  Final Cluster Count  Cluster Count Error  Over-clustering Ratio  Clusters  Noise      NMI      ARI   Purity  Hungarian Acc           Fusion  Alpha Min  Alpha Max  Adaptive Weight Mean  Adaptive Weight Min  Adaptive Weight Max  Iter Merge Rounds  Iter Merge Total Merges  Iter Merge Threshold  Noise Before Reassignment  Noise Reassigned  Assignment Coverage  Assignment Score Mean  Assignment Score Min  No-cluster Fallback  Adaptive Split Count  Adaptive Split Size Factor  Adaptive Split Silhouette Threshold  Adaptive Split Silhouette Mean  MVACC Min Cluster Size  MVACC Min Cluster Ratio  MVACC Min Samples
MV-ACC-CIL discovery    R1         Day 2                10      350                     12                   10                    0                    1.0        10    0.0 0.917753 0.890672 0.945714       0.945714 bounded_adaptive       0.65       0.95              0.795515                 0.65                 0.95                 12                        3                  0.78                          8                 8                  1.0               0.886642              0.841374                False                     1                        1.75                                  0.3                        0.472491                      10                 0.028571                  5
MV-ACC-CIL discovery    R2         Day 3                10      350                     12                   11                    1                    1.1        11    0.0 0.946635 0.920229 0.977143       0.934286 bounded_adaptive       0.65       0.95              0.798453                 0.65                 0.95                 12                        1                  0.78                          0                 0                  1.0                    NaN                   NaN                False                     0                        1.75                                  0.3                             NaN                      10                 0.028571                  5
MV-ACC-CIL discovery    R3         Day 4                10      350                     10                   10                    0                    1.0        10    0.0 0.889666 0.803355 0.888571       0.888571 bounded_adaptive       0.65       0.95              0.803230                 0.65                 0.95                 12                        0                  0.78                         10                10                  1.0               0.861585              0.751243                False                     0                        1.75                                  0.3                             NaN                      10                 0.028571                  5
Saved: C:\Users\123\PycharmProjects\OpenSet_Incremental_SEI\results\manytx_rx2_mvacc_cil_seed7\clustering_results.csv

========== Table 2: Incremental Recognition Results ==========
    Method    Stage   Eval Day              Eval Split  Seen Classes True New Classes Discovered Clusters Enrolled Clusters  Eval Samples  Overall Acc  Old Acc  New Acc  Initial Known Acc  Forgetting Rate  Macro F1
MV-ACC-CIL  Initial 2021_03_01 day1_eval_initial_30pct            10                -                   -                 -           150     0.426667 0.426667      NaN           0.426667         0.000000  0.369701
MV-ACC-CIL After R1 2021_03_08   eval_r1_30pct_20_seen            20               10                  10                10           300     0.303333 0.100000 0.506667           0.100000         0.326667  0.204695
MV-ACC-CIL After R2 2021_03_15   eval_r2_30pct_30_seen            30               10                  11                11           450     0.244444 0.116667 0.500000           0.000000         0.426667  0.135572
MV-ACC-CIL After R3 2021_03_23   eval_r3_30pct_40_seen            40               10                  10                10           600     0.261667 0.166667 0.546667           0.000000         0.426667  0.179790
Saved: C:\Users\123\PycharmProjects\OpenSet_Incremental_SEI\results\manytx_rx2_mvacc_cil_seed7\incremental_results.csv

========== Table 3: Per-Round Summary Results ==========
    Method Round  Cluster Count  Incremental Pseudo-label Classes  Cluster Count Error  Sample Coverage  Purity  NMI  ARI  Hungarian Acc  Overall Acc  New Acc  Forgetting Rate
MV-ACC-CIL    R1             10                                10                  NaN              NaN     NaN  NaN  NaN            NaN     0.303333 0.506667         0.326667
MV-ACC-CIL    R2             11                                11                  NaN              NaN     NaN  NaN  NaN            NaN     0.244444 0.500000         0.426667
MV-ACC-CIL    R3             10                                10                  NaN              NaN     NaN  NaN  NaN            NaN     0.261667 0.546667         0.426667
Saved: C:\Users\123\PycharmProjects\OpenSet_Incremental_SEI\results\manytx_rx2_mvacc_cil_seed7\per_round_summary_results.csv
