
========== LoRa25 Different Days Indoor 10-Known 3-Round Incremental Experiment ==========
Dataset: results/stage46/lora25_diffdays_indoor_raw1024_s28_46103936.npz
Save dir: results/stage50/lora_seed31_rec065_r1_46125959
Device: cuda
Protocol: 10 known + 5 unknown R1 + 5 unknown R2 + 5 unknown R3
LoRa split: IQ_1-6 train | IQ_7 validation | IQ_8-10 held-out evaluation
Old-class prototype bonus beta: 0.0
Incremental dual-view consistency weight: 0.0
Cross-day feature domain alignment weight: 0.0
Pseudo-label cluster reliability weighting: False (floor=0.2)
Closed-set training loss: CE + 0.1 * SupCon(T=0.2)
Sample-level protocol: 60% backbone train + 10% validation + 30% held-out evaluation
Fusion: fixed alpha | alpha=0.7
No-drop consolidation (ablation): rounds=5, threshold=0.78, coverage=100%
MV-ACC: mcs_ratio=0.045, min_samples=5, merge_th=0.74, sub_prototypes=5, split_factor=1.75, split_sil=0.3, coverage=100%, strict_alignment=Hungarian

[Splits]
Day1 known train IQ_1-6 train: (1680, 2, 1024), classes=10, labels=0-9
Initial eval 30%:     (840, 2, 1024), classes=10, labels=0-9, day=Day 1
Unknown R1 IQ_1-7 discovery: (980, 2, 1024), classes=5, labels=10-14, day=Day 2
After R1 IQ_8-10 eval: (1260, 2, 1024), classes=15, labels=0-14, day=Day 2
Unknown R2 IQ_1-7 discovery: (980, 2, 1024), classes=5, labels=15-19, day=Day 3
After R2 IQ_8-10 eval: (1680, 2, 1024), classes=20, labels=0-19, day=Day 3
Unknown R3 IQ_1-7 discovery: (980, 2, 1024), classes=5, labels=20-24, day=Day 4
After R3 IQ_8-10 eval: (2100, 2, 1024), classes=25, labels=0-24, day=Day 4

[Train-v2] classes=10 | train=1680 | validation=280 | validation_fraction=0.142857
[Train-v2] RF augmentation=True | SupCon projection=64
Epoch 001/020 | train_loss=2.9185 | train_acc=0.1202 | val_acc=0.1857 | val_loss=2.3183
Epoch 002/020 | train_loss=2.7336 | train_acc=0.1965 | val_acc=0.1071 | val_loss=2.3774
Epoch 003/020 | train_loss=2.5727 | train_acc=0.2163 | val_acc=0.1821 | val_loss=2.0417
Epoch 004/020 | train_loss=2.2658 | train_acc=0.3179 | val_acc=0.1536 | val_loss=1.9391
Epoch 005/020 | train_loss=2.0485 | train_acc=0.3972 | val_acc=0.1821 | val_loss=2.2704
Epoch 006/020 | train_loss=1.9761 | train_acc=0.4237 | val_acc=0.2643 | val_loss=1.7744
Epoch 007/020 | train_loss=1.8948 | train_acc=0.4435 | val_acc=0.4857 | val_loss=1.4132
Epoch 008/020 | train_loss=1.8366 | train_acc=0.4645 | val_acc=0.4071 | val_loss=1.4473
Epoch 009/020 | train_loss=1.7001 | train_acc=0.4994 | val_acc=0.3071 | val_loss=1.4826
Epoch 010/020 | train_loss=1.6278 | train_acc=0.5361 | val_acc=0.3571 | val_loss=1.4602
Epoch 011/020 | train_loss=1.5016 | train_acc=0.5877 | val_acc=0.1857 | val_loss=2.4073
Epoch 012/020 | train_loss=1.4688 | train_acc=0.5697 | val_acc=0.5179 | val_loss=1.1980
Epoch 013/020 | train_loss=1.3609 | train_acc=0.6250 | val_acc=0.3929 | val_loss=1.7531
Epoch 014/020 | train_loss=1.4329 | train_acc=0.5841 | val_acc=0.5036 | val_loss=1.3484
Epoch 015/020 | train_loss=1.3266 | train_acc=0.6382 | val_acc=0.6107 | val_loss=0.9973
Epoch 016/020 | train_loss=1.2989 | train_acc=0.6160 | val_acc=0.4679 | val_loss=1.1531
Epoch 017/020 | train_loss=1.2728 | train_acc=0.6334 | val_acc=0.4750 | val_loss=1.3259
Epoch 018/020 | train_loss=1.1844 | train_acc=0.6803 | val_acc=0.4643 | val_loss=1.8909
Epoch 019/020 | train_loss=1.1672 | train_acc=0.6779 | val_acc=0.4929 | val_loss=1.2286
Epoch 020/020 | train_loss=1.1871 | train_acc=0.6701 | val_acc=0.4714 | val_loss=1.6504
[Train-v2] best_val_acc=0.6107 | best_val_loss=0.9973 | saved=results/stage50/lora_seed31_rec065_r1_46125959/closedset_lora25_lora_chirp_10known.pth
[Load] checkpoint=results/stage50/lora_seed31_rec065_r1_46125959/closedset_lora25_lora_chirp_10known.pth

[Extract] Deep embeddings
[CF-LCG] view=all24_base | purity=0.359 | gate_open=False
[CF-LCG] global binary gate closed; Local CF-LCG remains sample-adaptive.
[MV-ACC calibration] Day1 validation only: ratio=0.03, merge_threshold=0.74

[MV-ACC-CIL] End-to-end pseudo-label class-incremental learning

========== Table 1: Unknown Discovery / Clustering Results ==========
              Method Round Discovery Day  True New Classes  Samples  Initial Cluster Count  Final Cluster Count  Cluster Count Error  Over-clustering Ratio  Assignment Coverage  Noise Points  Clusters  Noise      NMI      ARI   Purity  Hungarian Acc        Discovery Backend Discovery Feature Adapter                          GPCC Backend  GPCC Target Clusters GPCC Selected Candidate                                                                                                                                                                                                                                                                                                                                                                                                                                                                                                                                                GPCC Candidate Scores  GPCC Silhouette  GPCC Prototype Margin Mean  GPCC Silhouette Confidence Mean  GPCC Confidence Mean  GPCC Confidence Min  GPCC Cluster Stability  GPCC Cluster Size CV  GPCC Uses HDBSCAN                    Recording-Consensus Backend  Recording-Consensus Groups  Recording-Consensus Threshold  Recording-Consensus Accepted Groups  Recording-Consensus Changed Samples  Recording-Consensus Mean Consistency  Recording-Consensus Min Consistency       Cross-Day Adapter  Cross-Day Epochs  Cross-Day Batch Size  Cross-Day LR  Cross-Day Consistency Weight  Cross-Day CORAL Weight  Cross-Day Known Samples  Cross-Day Discovery Samples  Cross-Day Final Total  Cross-Day Final CE  Cross-Day Final Consistency  Cross-Day Final CORAL                    LoRa SSL Adapter  LoRa SSL Epochs  LoRa SSL Batch Size  LoRa SSL LR  LoRa SSL CE Weight  LoRa SSL Instance Weight  LoRa SSL Teacher Weight  LoRa SSL Temperature  LoRa SSL Known Samples  LoRa SSL Discovery Samples  LoRa SSL Final Total  LoRa SSL Final CE  LoRa SSL Final Instance  LoRa SSL Final Teacher
MV-ACC-CIL discovery    R1         Day 2                 5      980                      5                    5                    0                    1.0                  1.0             0         5    0.0 0.467906 0.405747 0.568367       0.543878 Recording-Consensus-GPCC                      none graph_prototype_controlled_clustering                     5            kmeans_joint {'kmeans_joint': {'score': 0.5316552917979688, 'silhouette': 0.21859890222549438, 'balance': 0.8071294778697344, 'stability': 1.0, 'cluster_size_cv': 0.23895859018717897}, 'kmeans_graph': {'score': 0.3307857057789815, 'silhouette': 0.1493331342935562, 'balance': 0.6944806489972394, 'stability': 0.4390254084723107, 'cluster_size_cv': 0.43992493015305745}, 'agglomerative_joint': {'score': 0.42611081020487174, 'silhouette': 0.2288765162229538, 'balance': 0.739999383601488, 'stability': 0.6089153982477981, 'cluster_size_cv': 0.35135247698872435}}         0.218599                    0.311606                         0.609299              0.423726             0.019813                     1.0              0.238959              False symbol_gpcc_with_selective_recording_consensus                          35                           0.65                                   22                                  103                              0.717347                             0.321429 train_consistency_coral                 2                    96       0.00001                           0.5                    0.05                     1680                          980               0.803197            0.790281                     0.001413               0.244189 instance_contrastive_teacher_anchor                3                   96      0.00001                 1.0                       0.5                      0.2                   0.2                    1680                         980              2.627935           0.762519                 3.730066                0.001917
MV-ACC-CIL discovery    R2         Day 3                 5      980                      5                    5                    0                    1.0                  1.0             0         5    0.0 0.285380 0.217723 0.451020       0.440816 Recording-Consensus-GPCC                      none graph_prototype_controlled_clustering                     5            kmeans_joint      {'kmeans_joint': {'score': 0.5357978240294586, 'silhouette': 0.1887168437242508, 'balance': 0.9100177999056037, 'stability': 1.0, 'cluster_size_cv': 0.09887960444700117}, 'kmeans_graph': {'score': 0.2458936686529486, 'silhouette': 0.11248820275068283, 'balance': 0.6231767524423636, 'stability': 0.23755922660640122, 'cluster_size_cv': 0.6046811696373222}, 'agglomerative_joint': {'score': 0.3837476098625155, 'silhouette': 0.1748814731836319, 'balance': 0.7652169499476523, 'stability': 0.5380776384879499, 'cluster_size_cv': 0.306818935556}}         0.188717                    0.280847                         0.594359              0.396844             0.015261                     1.0              0.098880              False symbol_gpcc_with_selective_recording_consensus                          35                           0.65                                   14                                   69                              0.628571                             0.321429 train_consistency_coral                 2                    96       0.00001                           0.5                    0.05                     1680                          980               1.167364            1.157350                     0.000676               0.193534 instance_contrastive_teacher_anchor                3                   96      0.00001                 1.0                       0.5                      0.2                   0.2                    1680                         980              2.721781           1.022609                 3.397805                0.001346
MV-ACC-CIL discovery    R3         Day 4                 5      980                      5                    5                    0                    1.0                  1.0             0         5    0.0 0.509942 0.453090 0.652041       0.640816 Recording-Consensus-GPCC                      none graph_prototype_controlled_clustering                     5            kmeans_joint   {'kmeans_joint': {'score': 0.5409512730273903, 'silhouette': 0.2369856834411621, 'balance': 0.8030457356737559, 'stability': 1.0, 'cluster_size_cv': 0.24525908746778818}, 'kmeans_graph': {'score': 0.2460567448252593, 'silhouette': 0.14707723259925842, 'balance': 0.545937680003184, 'stability': 0.2239069235801215, 'cluster_size_cv': 0.8317109014973426}, 'agglomerative_joint': {'score': 0.48098649786501413, 'silhouette': 0.217765673995018, 'balance': 0.8087160943314253, 'stability': 0.7978886332058767, 'cluster_size_cv': 0.23652788291138355}}         0.236986                    0.330488                         0.618493              0.441976             0.058588                     1.0              0.245259              False symbol_gpcc_with_selective_recording_consensus                          35                           0.65                                   24                                  111                              0.750000                             0.392857 train_consistency_coral                 2                    96       0.00001                           0.5                    0.05                     1680                          980               1.427403            1.424170                     0.000434               0.060310 instance_contrastive_teacher_anchor                3                   96      0.00001                 1.0                       0.5                      0.2                   0.2                    1680                         980              2.853824           1.250023                 3.207142                0.001149
Saved: results/stage50/lora_seed31_rec065_r1_46125959/clustering_results.csv

========== Table 2: Incremental Recognition Results ==========
    Method    Stage Eval Day              Eval Split  Seen Classes True New Classes Discovered Clusters Enrolled Clusters  Eval Samples  Overall Acc  Old Acc  New Acc  Initial Known Acc  Forgetting Rate  Macro F1
MV-ACC-CIL  Initial    Day 1 day1_eval_initial_30pct            10                -                   -                 -           840     0.597619 0.597619      NaN           0.597619         0.000000  0.547109
MV-ACC-CIL After R1    Day 2   eval_r1_30pct_15_seen            15                5                   5                 5          1260     0.338095 0.442857 0.128571           0.442857         0.154762  0.297187
MV-ACC-CIL After R2    Day 3   eval_r2_30pct_20_seen            20                5                   5                 5          1680     0.327381 0.332540 0.311905           0.480952         0.116667  0.287400
MV-ACC-CIL After R3    Day 4   eval_r3_30pct_25_seen            25                5                   5                 5          2100     0.265714 0.226190 0.423810           0.355952         0.241667  0.208944
Saved: results/stage50/lora_seed31_rec065_r1_46125959/incremental_results.csv

========== Table 3: Per-Round Summary Results ==========
    Method Round  Cluster Count  Incremental Pseudo-label Classes  Cluster Count Error  Sample Coverage   Purity      NMI      ARI  Hungarian Acc  Overall Acc  New Acc  Forgetting Rate
MV-ACC-CIL    R1              5                                 5                    0         1.000000 0.568367 0.467906 0.405747       0.543878     0.338095 0.128571         0.154762
MV-ACC-CIL    R2              5                                 5                    0         1.000000 0.451020 0.285380 0.217723       0.440816     0.327381 0.311905         0.116667
MV-ACC-CIL    R3              5                                 5                    0         1.000000 0.652041 0.509942 0.453090       0.640816     0.265714 0.423810         0.241667
Saved: results/stage50/lora_seed31_rec065_r1_46125959/per_round_summary_results.csv
