Traceback (most recent call last):
  File "/mnt/users/xj62kv/OpenSet_Incremental_SEI/.venv/lib64/python3.11/site-packages/pandas/compat/_optional.py", line 158, in import_optional_dependency
    module = importlib.import_module(name)
             ^^^^^^^^^^^^^^^^^^^^^^^^^^^^^
  File "/usr/lib64/python3.11/importlib/__init__.py", line 126, in import_module
    return _bootstrap._gcd_import(name[level:], package, level)
           ^^^^^^^^^^^^^^^^^^^^^^^^^^^^^^^^^^^^^^^^^^^^^^^^^^^^
  File "<frozen importlib._bootstrap>", line 1204, in _gcd_import
  File "<frozen importlib._bootstrap>", line 1176, in _find_and_load
  File "<frozen importlib._bootstrap>", line 1140, in _find_and_load_unlocked
ModuleNotFoundError: No module named 'tabulate'

The above exception was the direct cause of the following exception:

Traceback (most recent call last):
  File "/mnt/usmidet/billy_test/OpenSet_Incremental_SEI/stage45-worktree/tools/stage49_lora_seed31_rec065_repeat_report.py", line 153, in <module>
    raise SystemExit(main())
                     ^^^^^^
  File "/mnt/usmidet/billy_test/OpenSet_Incremental_SEI/stage45-worktree/tools/stage49_lora_seed31_rec065_repeat_report.py", line 101, in main
    table_md = table.to_markdown(index=False, floatfmt=".4f")
               ^^^^^^^^^^^^^^^^^^^^^^^^^^^^^^^^^^^^^^^^^^^^^^
  File "/mnt/users/xj62kv/OpenSet_Incremental_SEI/.venv/lib64/python3.11/site-packages/pandas/core/frame.py", line 2983, in to_markdown
    tabulate = import_optional_dependency("tabulate")
               ^^^^^^^^^^^^^^^^^^^^^^^^^^^^^^^^^^^^^^
  File "/mnt/users/xj62kv/OpenSet_Incremental_SEI/.venv/lib64/python3.11/site-packages/pandas/compat/_optional.py", line 161, in import_optional_dependency
    raise ImportError(msg) from err
ImportError: `Import tabulate` failed.  Use pip or conda to install the tabulate package.
