运行 Stage 27 LoRa Chirp backbone：seed=7

========== LoRa25 Different Days Indoor 10-Known 3-Round Incremental Experiment ==========
Dataset: /mnt/users/xj62kv/OpenSet_Incremental_SEI/datasets/lora25_compact/lora25_diffdays_indoor_aligned_group_256.npz
Save dir: results/stage27/lora_chirp_seed7_45350982
Device: cuda
Protocol: 10 known + 5 unknown R1 + 5 unknown R2 + 5 unknown R3
LoRa split: IQ_1-6 train | IQ_7 validation | IQ_8-10 held-out evaluation
Old-class prototype bonus beta: 0.0
Incremental dual-view consistency weight: 0.0
Cross-day feature domain alignment weight: 0.0
Pseudo-label cluster reliability weighting: False (floor=0.2)
Closed-set training loss: CE + 0.1 * SupCon(T=0.2)
Sample-level protocol: 60% backbone train + 10% validation + 30% held-out evaluation
Fusion: fixed alpha | alpha=0.7
No-drop consolidation (ablation): rounds=5, threshold=0.78, coverage=100%
MV-ACC: mcs_ratio=0.045, min_samples=5, merge_th=0.74, sub_prototypes=5, split_factor=1.75, split_sil=0.3, coverage=100%, strict_alignment=Hungarian

[Splits]
Day1 known train IQ_1-6 train: (840, 2, 256), classes=10, labels=0-9
Initial eval 30%:     (420, 2, 256), classes=10, labels=0-9, day=Day 1
Unknown R1 IQ_1-7 discovery: (490, 2, 256), classes=5, labels=10-14, day=Day 2
After R1 IQ_8-10 eval: (630, 2, 256), classes=15, labels=0-14, day=Day 2
Unknown R2 IQ_1-7 discovery: (490, 2, 256), classes=5, labels=15-19, day=Day 3
After R2 IQ_8-10 eval: (840, 2, 256), classes=20, labels=0-19, day=Day 3
Unknown R3 IQ_1-7 discovery: (490, 2, 256), classes=5, labels=20-24, day=Day 4
After R3 IQ_8-10 eval: (1050, 2, 256), classes=25, labels=0-24, day=Day 4

[Train-v2] classes=10 | train=840 | validation=140 | validation_fraction=0.142857
[Train-v2] RF augmentation=True | SupCon projection=64
Epoch 001/020 | train_loss=3.0501 | train_acc=0.1120 | val_acc=0.1000 | val_loss=2.6253
Epoch 002/020 | train_loss=2.8512 | train_acc=0.1159 | val_acc=0.1000 | val_loss=2.3494
Epoch 003/020 | train_loss=2.8177 | train_acc=0.1576 | val_acc=0.1643 | val_loss=2.2391
Epoch 004/020 | train_loss=2.6856 | train_acc=0.2174 | val_acc=0.1571 | val_loss=2.3183
Epoch 005/020 | train_loss=2.4204 | train_acc=0.2734 | val_acc=0.2286 | val_loss=1.8977
Epoch 006/020 | train_loss=2.2837 | train_acc=0.3307 | val_acc=0.1143 | val_loss=3.0402
Epoch 007/020 | train_loss=2.0975 | train_acc=0.3203 | val_acc=0.1286 | val_loss=2.4610
Epoch 008/020 | train_loss=2.0071 | train_acc=0.3659 | val_acc=0.3214 | val_loss=1.5787
Epoch 009/020 | train_loss=1.8677 | train_acc=0.4128 | val_acc=0.4786 | val_loss=1.3482
Epoch 010/020 | train_loss=1.8294 | train_acc=0.4414 | val_acc=0.3714 | val_loss=1.5116
Epoch 011/020 | train_loss=1.7479 | train_acc=0.4622 | val_acc=0.2429 | val_loss=1.9518
Epoch 012/020 | train_loss=1.8281 | train_acc=0.4154 | val_acc=0.4786 | val_loss=1.2657
Epoch 013/020 | train_loss=1.7411 | train_acc=0.4688 | val_acc=0.3500 | val_loss=1.5571
Epoch 014/020 | train_loss=1.6269 | train_acc=0.5299 | val_acc=0.3500 | val_loss=1.3966
Epoch 015/020 | train_loss=1.4757 | train_acc=0.6107 | val_acc=0.5000 | val_loss=1.1722
Epoch 016/020 | train_loss=1.4462 | train_acc=0.6003 | val_acc=0.3571 | val_loss=1.4367
Epoch 017/020 | train_loss=1.3935 | train_acc=0.5807 | val_acc=0.4714 | val_loss=1.1137
Epoch 018/020 | train_loss=1.3655 | train_acc=0.5885 | val_acc=0.6286 | val_loss=1.0512
Epoch 019/020 | train_loss=1.2812 | train_acc=0.6667 | val_acc=0.3643 | val_loss=1.4557
Epoch 020/020 | train_loss=1.3005 | train_acc=0.6107 | val_acc=0.5429 | val_loss=1.1413
[Train-v2] best_val_acc=0.6286 | best_val_loss=1.0512 | saved=results/stage27/lora_chirp_seed7_45350982/closedset_lora25_lora_chirp_10known.pth
[Load] checkpoint=results/stage27/lora_chirp_seed7_45350982/closedset_lora25_lora_chirp_10known.pth

[Extract] Deep embeddings
[CF-LCG] view=all24_base | purity=0.347 | gate_open=False
[CF-LCG] global binary gate closed; Local CF-LCG remains sample-adaptive.
[MV-ACC calibration] Day1 validation only: ratio=0.03, merge_threshold=0.74

[MV-ACC-CIL] End-to-end pseudo-label class-incremental learning

========== Table 1: Unknown Discovery / Clustering Results ==========
              Method Round Discovery Day  True New Classes  Samples  Initial Cluster Count  Final Cluster Count  Cluster Count Error  Over-clustering Ratio  Assignment Coverage  Noise Points  Clusters  Noise      NMI      ARI   Purity  Hungarian Acc Discovery Backend Discovery Feature Adapter                          GPCC Backend  GPCC Target Clusters GPCC Selected Candidate                                                                                                                                                                                                                                                                                                                                                                                                                                                                                                                                                  GPCC Candidate Scores  GPCC Silhouette  GPCC Prototype Margin Mean  GPCC Silhouette Confidence Mean  GPCC Confidence Mean  GPCC Confidence Min  GPCC Cluster Stability  GPCC Cluster Size CV  GPCC Uses HDBSCAN       Cross-Day Adapter  Cross-Day Epochs  Cross-Day Batch Size  Cross-Day LR  Cross-Day Consistency Weight  Cross-Day CORAL Weight  Cross-Day Known Samples  Cross-Day Discovery Samples  Cross-Day Final Total  Cross-Day Final CE  Cross-Day Final Consistency  Cross-Day Final CORAL                    LoRa SSL Adapter  LoRa SSL Epochs  LoRa SSL Batch Size  LoRa SSL LR  LoRa SSL CE Weight  LoRa SSL Instance Weight  LoRa SSL Teacher Weight  LoRa SSL Temperature  LoRa SSL Known Samples  LoRa SSL Discovery Samples  LoRa SSL Final Total  LoRa SSL Final CE  LoRa SSL Final Instance  LoRa SSL Final Teacher
MV-ACC-CIL discovery    R1         Day 2                 5      490                      5                    5                    0                    1.0                  1.0             0         5    0.0 0.386460 0.322245 0.516327       0.516327              GPCC                      none graph_prototype_controlled_clustering                     5            kmeans_joint  {'kmeans_joint': {'score': 0.5301502761105996, 'silhouette': 0.20460128784179688, 'balance': 0.8380978389880565, 'stability': 1.0, 'cluster_size_cv': 0.19317811534680604}, 'kmeans_graph': {'score': 0.2826631558814464, 'silhouette': 0.12202940881252289, 'balance': 0.6920993639610971, 'stability': 0.3085084329693576, 'cluster_size_cv': 0.4448792356587254}, 'agglomerative_joint': {'score': 0.4504511612349179, 'silhouette': 0.20031623542308807, 'balance': 0.8175986534570985, 'stability': 0.7070300042431988, 'cluster_size_cv': 0.22309399088616846}}         0.204601                    0.293613                         0.602301              0.408073             0.029264                     1.0              0.193178              False train_consistency_coral                 2                   128       0.00001                           0.5                    0.05                      840                          490               0.810301            0.803787                     0.002972               0.100554 instance_contrastive_teacher_anchor                3                  128      0.00001                 1.0                       0.5                      0.2                   0.2                     840                         490              2.936063           0.762602                 4.345859                0.002657
MV-ACC-CIL discovery    R2         Day 3                 5      490                      5                    5                    0                    1.0                  1.0             0         5    0.0 0.287108 0.228548 0.497959       0.487755              GPCC                      none graph_prototype_controlled_clustering                     5            kmeans_joint {'kmeans_joint': {'score': 0.513055057992631, 'silhouette': 0.17032867670059204, 'balance': 0.8468714290365269, 'stability': 1.0, 'cluster_size_cv': 0.18081678719246105}, 'kmeans_graph': {'score': 0.29152561598665505, 'silhouette': 0.11095122992992401, 'balance': 0.7707143673387772, 'stability': 0.30543826422976555, 'cluster_size_cv': 0.29749754562501557}, 'agglomerative_joint': {'score': 0.4033781321391512, 'silhouette': 0.14516468346118927, 'balance': 0.7857551984070622, 'stability': 0.6655460662163387, 'cluster_size_cv': 0.2726610043780425}}         0.170329                    0.267865                         0.585164              0.382860             0.013067                     1.0              0.180817              False train_consistency_coral                 2                   128       0.00001                           0.5                    0.05                      840                          490               1.173423            1.168549                     0.002257               0.074924 instance_contrastive_teacher_anchor                3                  128      0.00001                 1.0                       0.5                      0.2                   0.2                     840                         490              3.220139           1.164599                 4.110081                0.002496
MV-ACC-CIL discovery    R3         Day 4                 5      490                      5                    5                    0                    1.0                  1.0             0         5    0.0 0.491813 0.429860 0.630612       0.620408              GPCC                      none graph_prototype_controlled_clustering                     5            kmeans_joint    {'kmeans_joint': {'score': 0.5386313541544584, 'silhouette': 0.2363656610250473, 'balance': 0.7931512029534119, 'stability': 1.0, 'cluster_size_cv': 0.2607936497812233}, 'kmeans_graph': {'score': 0.3580099372213268, 'silhouette': 0.15616945922374725, 'balance': 0.7340088435036181, 'stability': 0.5012598637901687, 'cluster_size_cv': 0.3623814056881602}, 'agglomerative_joint': {'score': 0.48536097211793816, 'silhouette': 0.22154493629932404, 'balance': 0.7611999004261882, 'stability': 0.8450851082722892, 'cluster_size_cv': 0.3137153583968021}}         0.236366                    0.340022                         0.618183              0.450311             0.028265                     1.0              0.260794              False train_consistency_coral                 2                   128       0.00001                           0.5                    0.05                      840                          490               1.539759            1.537302                     0.001048               0.038657 instance_contrastive_teacher_anchor                3                  128      0.00001                 1.0                       0.5                      0.2                   0.2                     840                         490              3.552936           1.576366                 3.952601                0.001348
Saved: results/stage27/lora_chirp_seed7_45350982/clustering_results.csv

========== Table 2: Incremental Recognition Results ==========
    Method    Stage Eval Day              Eval Split  Seen Classes True New Classes Discovered Clusters Enrolled Clusters  Eval Samples  Overall Acc  Old Acc  New Acc  Initial Known Acc  Forgetting Rate  Macro F1
MV-ACC-CIL  Initial    Day 1 day1_eval_initial_30pct            10                -                   -                 -           420     0.588095 0.588095      NaN           0.588095         0.000000  0.562920
MV-ACC-CIL After R1    Day 2   eval_r1_30pct_15_seen            15                5                   5                 5           630     0.369841 0.419048 0.271429           0.419048         0.169048  0.339479
MV-ACC-CIL After R2    Day 3   eval_r2_30pct_20_seen            20                5                   5                 5           840     0.311905 0.309524 0.319048           0.416667         0.171429  0.261372
MV-ACC-CIL After R3    Day 4   eval_r3_30pct_25_seen            25                5                   5                 5          1050     0.258095 0.198810 0.495238           0.319048         0.269048  0.206287
Saved: results/stage27/lora_chirp_seed7_45350982/incremental_results.csv

========== Table 3: Per-Round Summary Results ==========
    Method Round  Cluster Count  Incremental Pseudo-label Classes  Cluster Count Error  Sample Coverage   Purity      NMI      ARI  Hungarian Acc  Overall Acc  New Acc  Forgetting Rate
MV-ACC-CIL    R1              5                                 5                    0         1.000000 0.516327 0.386460 0.322245       0.516327     0.369841 0.271429         0.169048
MV-ACC-CIL    R2              5                                 5                    0         1.000000 0.497959 0.287108 0.228548       0.487755     0.311905 0.319048         0.171429
MV-ACC-CIL    R3              5                                 5                    0         1.000000 0.630612 0.491813 0.429860       0.620408     0.258095 0.495238         0.269048
Saved: results/stage27/lora_chirp_seed7_45350982/per_round_summary_results.csv
运行 Stage 27 LoRa Chirp backbone：seed=13

========== LoRa25 Different Days Indoor 10-Known 3-Round Incremental Experiment ==========
Dataset: /mnt/users/xj62kv/OpenSet_Incremental_SEI/datasets/lora25_compact/lora25_diffdays_indoor_aligned_group_256.npz
Save dir: results/stage27/lora_chirp_seed13_45350982
Device: cuda
Protocol: 10 known + 5 unknown R1 + 5 unknown R2 + 5 unknown R3
LoRa split: IQ_1-6 train | IQ_7 validation | IQ_8-10 held-out evaluation
Old-class prototype bonus beta: 0.0
Incremental dual-view consistency weight: 0.0
Cross-day feature domain alignment weight: 0.0
Pseudo-label cluster reliability weighting: False (floor=0.2)
Closed-set training loss: CE + 0.1 * SupCon(T=0.2)
Sample-level protocol: 60% backbone train + 10% validation + 30% held-out evaluation
Fusion: fixed alpha | alpha=0.7
No-drop consolidation (ablation): rounds=5, threshold=0.78, coverage=100%
MV-ACC: mcs_ratio=0.045, min_samples=5, merge_th=0.74, sub_prototypes=5, split_factor=1.75, split_sil=0.3, coverage=100%, strict_alignment=Hungarian

[Splits]
Day1 known train IQ_1-6 train: (840, 2, 256), classes=10, labels=0-9
Initial eval 30%:     (420, 2, 256), classes=10, labels=0-9, day=Day 1
Unknown R1 IQ_1-7 discovery: (490, 2, 256), classes=5, labels=10-14, day=Day 2
After R1 IQ_8-10 eval: (630, 2, 256), classes=15, labels=0-14, day=Day 2
Unknown R2 IQ_1-7 discovery: (490, 2, 256), classes=5, labels=15-19, day=Day 3
After R2 IQ_8-10 eval: (840, 2, 256), classes=20, labels=0-19, day=Day 3
Unknown R3 IQ_1-7 discovery: (490, 2, 256), classes=5, labels=20-24, day=Day 4
After R3 IQ_8-10 eval: (1050, 2, 256), classes=25, labels=0-24, day=Day 4

[Train-v2] classes=10 | train=840 | validation=140 | validation_fraction=0.142857
[Train-v2] RF augmentation=True | SupCon projection=64
Epoch 001/020 | train_loss=3.0196 | train_acc=0.0964 | val_acc=0.1000 | val_loss=2.5872
Epoch 002/020 | train_loss=2.7857 | train_acc=0.1641 | val_acc=0.1857 | val_loss=2.1930
Epoch 003/020 | train_loss=2.4809 | train_acc=0.2695 | val_acc=0.2214 | val_loss=1.9541
Epoch 004/020 | train_loss=2.3542 | train_acc=0.2617 | val_acc=0.2286 | val_loss=1.8936
Epoch 005/020 | train_loss=2.2629 | train_acc=0.2930 | val_acc=0.2571 | val_loss=1.8881
Epoch 006/020 | train_loss=2.2035 | train_acc=0.3281 | val_acc=0.3286 | val_loss=1.7193
Epoch 007/020 | train_loss=1.9971 | train_acc=0.3828 | val_acc=0.3643 | val_loss=1.5721
Epoch 008/020 | train_loss=1.8834 | train_acc=0.4349 | val_acc=0.4143 | val_loss=1.4516
Epoch 009/020 | train_loss=1.8689 | train_acc=0.4479 | val_acc=0.3286 | val_loss=1.5003
Epoch 010/020 | train_loss=1.7184 | train_acc=0.5130 | val_acc=0.3786 | val_loss=1.4424
Epoch 011/020 | train_loss=1.6413 | train_acc=0.5339 | val_acc=0.2571 | val_loss=1.6684
Epoch 012/020 | train_loss=1.5892 | train_acc=0.5430 | val_acc=0.5071 | val_loss=1.1771
Epoch 013/020 | train_loss=1.4777 | train_acc=0.5677 | val_acc=0.3500 | val_loss=1.4416
Epoch 014/020 | train_loss=1.5170 | train_acc=0.5560 | val_acc=0.4643 | val_loss=1.2081
Epoch 015/020 | train_loss=1.4814 | train_acc=0.5846 | val_acc=0.6143 | val_loss=1.0846
Epoch 016/020 | train_loss=1.6088 | train_acc=0.5104 | val_acc=0.4357 | val_loss=1.4531
Epoch 017/020 | train_loss=1.5520 | train_acc=0.5156 | val_acc=0.4643 | val_loss=1.2462
Epoch 018/020 | train_loss=1.4025 | train_acc=0.5872 | val_acc=0.4571 | val_loss=1.2083
Epoch 019/020 | train_loss=1.3526 | train_acc=0.6081 | val_acc=0.4714 | val_loss=1.2611
Epoch 020/020 | train_loss=1.3429 | train_acc=0.5703 | val_acc=0.4357 | val_loss=1.2508
[Train-v2] best_val_acc=0.6143 | best_val_loss=1.0846 | saved=results/stage27/lora_chirp_seed13_45350982/closedset_lora25_lora_chirp_10known.pth
[Load] checkpoint=results/stage27/lora_chirp_seed13_45350982/closedset_lora25_lora_chirp_10known.pth

[Extract] Deep embeddings
[CF-LCG] view=all24_base | purity=0.347 | gate_open=False
[CF-LCG] global binary gate closed; Local CF-LCG remains sample-adaptive.
[MV-ACC calibration] Day1 validation only: ratio=0.03, merge_threshold=0.74

[MV-ACC-CIL] End-to-end pseudo-label class-incremental learning

========== Table 1: Unknown Discovery / Clustering Results ==========
              Method Round Discovery Day  True New Classes  Samples  Initial Cluster Count  Final Cluster Count  Cluster Count Error  Over-clustering Ratio  Assignment Coverage  Noise Points  Clusters  Noise      NMI      ARI   Purity  Hungarian Acc Discovery Backend Discovery Feature Adapter                          GPCC Backend  GPCC Target Clusters GPCC Selected Candidate                                                                                                                                                                                                                                                                                                                                                                                                                                                                                                                                                  GPCC Candidate Scores  GPCC Silhouette  GPCC Prototype Margin Mean  GPCC Silhouette Confidence Mean  GPCC Confidence Mean  GPCC Confidence Min  GPCC Cluster Stability  GPCC Cluster Size CV  GPCC Uses HDBSCAN       Cross-Day Adapter  Cross-Day Epochs  Cross-Day Batch Size  Cross-Day LR  Cross-Day Consistency Weight  Cross-Day CORAL Weight  Cross-Day Known Samples  Cross-Day Discovery Samples  Cross-Day Final Total  Cross-Day Final CE  Cross-Day Final Consistency  Cross-Day Final CORAL                    LoRa SSL Adapter  LoRa SSL Epochs  LoRa SSL Batch Size  LoRa SSL LR  LoRa SSL CE Weight  LoRa SSL Instance Weight  LoRa SSL Teacher Weight  LoRa SSL Temperature  LoRa SSL Known Samples  LoRa SSL Discovery Samples  LoRa SSL Final Total  LoRa SSL Final CE  LoRa SSL Final Instance  LoRa SSL Final Teacher
MV-ACC-CIL discovery    R1         Day 2                 5      490                      5                    5                    0                    1.0                  1.0             0         5    0.0 0.321661 0.273102 0.497959       0.497959              GPCC                      none graph_prototype_controlled_clustering                     5            kmeans_joint {'kmeans_joint': {'score': 0.5048999368667516, 'silhouette': 0.21042576432228088, 'balance': 0.6958288324474858, 'stability': 1.0, 'cluster_size_cv': 0.43713504437956713}, 'kmeans_graph': {'score': 0.3102853823403162, 'silhouette': 0.14408983290195465, 'balance': 0.6364374465625389, 'stability': 0.41499393972693344, 'cluster_size_cv': 0.5712463265653179}, 'agglomerative_joint': {'score': 0.37711962508041613, 'silhouette': 0.17187419533729553, 'balance': 0.7246965135368694, 'stability': 0.5505980597501189, 'cluster_size_cv': 0.3798879687160581}}         0.210426                    0.318170                         0.605213              0.429867             0.025289                     1.0              0.437135              False train_consistency_coral                 2                   128       0.00001                           0.5                    0.05                      840                          490               0.921550            0.914613                     0.004640               0.092355 instance_contrastive_teacher_anchor                3                  128      0.00001                 1.0                       0.5                      0.2                   0.2                     840                         490              3.063985           0.889436                 4.347828                0.003176
MV-ACC-CIL discovery    R2         Day 3                 5      490                      5                    5                    0                    1.0                  1.0             0         5    0.0 0.247920 0.190272 0.448980       0.438776              GPCC                      none graph_prototype_controlled_clustering                     5            kmeans_joint   {'kmeans_joint': {'score': 0.5098718987534678, 'silhouette': 0.18287134170532227, 'balance': 0.7964633040777029, 'stability': 1.0, 'cluster_size_cv': 0.2555506259738994}, 'kmeans_graph': {'score': 0.32265330249033386, 'silhouette': 0.1274976283311844, 'balance': 0.7000476277096014, 'stability': 0.45008032546504867, 'cluster_size_cv': 0.4284742357770361}, 'agglomerative_joint': {'score': 0.4373241056771207, 'silhouette': 0.1676570624113083, 'balance': 0.7923502369446156, 'stability': 0.7465706958479121, 'cluster_size_cv': 0.26206815291190344}}         0.182871                    0.274481                         0.591436              0.391246             0.050963                     1.0              0.255551              False train_consistency_coral                 2                   128       0.00001                           0.5                    0.05                      840                          490               1.336847            1.330296                     0.002551               0.105510 instance_contrastive_teacher_anchor                3                  128      0.00001                 1.0                       0.5                      0.2                   0.2                     840                         490              3.457796           1.349704                 4.215163                0.002553
MV-ACC-CIL discovery    R3         Day 4                 5      490                      5                    5                    0                    1.0                  1.0             0         5    0.0 0.484119 0.400004 0.593878       0.587755              GPCC                      none graph_prototype_controlled_clustering                     5            kmeans_joint   {'kmeans_joint': {'score': 0.5328904491737977, 'silhouette': 0.23056156933307648, 'balance': 0.7804079302030281, 'stability': 1.0, 'cluster_size_cv': 0.28138113581168206}, 'kmeans_graph': {'score': 0.35357311125295754, 'silhouette': 0.1512933075428009, 'balance': 0.7421268293634824, 'stability': 0.4877457049268821, 'cluster_size_cv': 0.3474785716313392}, 'agglomerative_joint': {'score': 0.49225052982515044, 'silhouette': 0.2296658158302307, 'balance': 0.759784944092361, 'stability': 0.8559093692002053, 'cluster_size_cv': 0.31616190578058895}}         0.230562                    0.339132                         0.615281              0.447393             0.029156                     1.0              0.281381              False train_consistency_coral                 2                   128       0.00001                           0.5                    0.05                      840                          490               1.671943            1.669707                     0.001111               0.033597 instance_contrastive_teacher_anchor                3                  128      0.00001                 1.0                       0.5                      0.2                   0.2                     840                         490              3.774284           1.688045                 4.171898                0.001452
Saved: results/stage27/lora_chirp_seed13_45350982/clustering_results.csv

========== Table 2: Incremental Recognition Results ==========
    Method    Stage Eval Day              Eval Split  Seen Classes True New Classes Discovered Clusters Enrolled Clusters  Eval Samples  Overall Acc  Old Acc  New Acc  Initial Known Acc  Forgetting Rate  Macro F1
MV-ACC-CIL  Initial    Day 1 day1_eval_initial_30pct            10                -                   -                 -           420     0.571429 0.571429      NaN           0.571429         0.000000  0.557747
MV-ACC-CIL After R1    Day 2   eval_r1_30pct_15_seen            15                5                   5                 5           630     0.358730 0.385714 0.304762           0.385714         0.185714  0.310938
MV-ACC-CIL After R2    Day 3   eval_r2_30pct_20_seen            20                5                   5                 5           840     0.320238 0.328571 0.295238           0.390476         0.180952  0.277172
MV-ACC-CIL After R3    Day 4   eval_r3_30pct_25_seen            25                5                   5                 5          1050     0.240000 0.178571 0.485714           0.259524         0.311905  0.189980
Saved: results/stage27/lora_chirp_seed13_45350982/incremental_results.csv

========== Table 3: Per-Round Summary Results ==========
    Method Round  Cluster Count  Incremental Pseudo-label Classes  Cluster Count Error  Sample Coverage   Purity      NMI      ARI  Hungarian Acc  Overall Acc  New Acc  Forgetting Rate
MV-ACC-CIL    R1              5                                 5                    0         1.000000 0.497959 0.321661 0.273102       0.497959     0.358730 0.304762         0.185714
MV-ACC-CIL    R2              5                                 5                    0         1.000000 0.448980 0.247920 0.190272       0.438776     0.320238 0.295238         0.180952
MV-ACC-CIL    R3              5                                 5                    0         1.000000 0.593878 0.484119 0.400004       0.587755     0.240000 0.485714         0.311905
Saved: results/stage27/lora_chirp_seed13_45350982/per_round_summary_results.csv
运行 Stage 27 LoRa Chirp backbone：seed=31

========== LoRa25 Different Days Indoor 10-Known 3-Round Incremental Experiment ==========
Dataset: /mnt/users/xj62kv/OpenSet_Incremental_SEI/datasets/lora25_compact/lora25_diffdays_indoor_aligned_group_256.npz
Save dir: results/stage27/lora_chirp_seed31_45350982
Device: cuda
Protocol: 10 known + 5 unknown R1 + 5 unknown R2 + 5 unknown R3
LoRa split: IQ_1-6 train | IQ_7 validation | IQ_8-10 held-out evaluation
Old-class prototype bonus beta: 0.0
Incremental dual-view consistency weight: 0.0
Cross-day feature domain alignment weight: 0.0
Pseudo-label cluster reliability weighting: False (floor=0.2)
Closed-set training loss: CE + 0.1 * SupCon(T=0.2)
Sample-level protocol: 60% backbone train + 10% validation + 30% held-out evaluation
Fusion: fixed alpha | alpha=0.7
No-drop consolidation (ablation): rounds=5, threshold=0.78, coverage=100%
MV-ACC: mcs_ratio=0.045, min_samples=5, merge_th=0.74, sub_prototypes=5, split_factor=1.75, split_sil=0.3, coverage=100%, strict_alignment=Hungarian

[Splits]
Day1 known train IQ_1-6 train: (840, 2, 256), classes=10, labels=0-9
Initial eval 30%:     (420, 2, 256), classes=10, labels=0-9, day=Day 1
Unknown R1 IQ_1-7 discovery: (490, 2, 256), classes=5, labels=10-14, day=Day 2
After R1 IQ_8-10 eval: (630, 2, 256), classes=15, labels=0-14, day=Day 2
Unknown R2 IQ_1-7 discovery: (490, 2, 256), classes=5, labels=15-19, day=Day 3
After R2 IQ_8-10 eval: (840, 2, 256), classes=20, labels=0-19, day=Day 3
Unknown R3 IQ_1-7 discovery: (490, 2, 256), classes=5, labels=20-24, day=Day 4
After R3 IQ_8-10 eval: (1050, 2, 256), classes=25, labels=0-24, day=Day 4

[Train-v2] classes=10 | train=840 | validation=140 | validation_fraction=0.142857
[Train-v2] RF augmentation=True | SupCon projection=64
Epoch 001/020 | train_loss=3.0164 | train_acc=0.1042 | val_acc=0.1000 | val_loss=2.6337
Epoch 002/020 | train_loss=2.7724 | train_acc=0.1992 | val_acc=0.1786 | val_loss=2.3415
Epoch 003/020 | train_loss=2.5082 | train_acc=0.2617 | val_acc=0.2857 | val_loss=2.0338
Epoch 004/020 | train_loss=2.2960 | train_acc=0.3086 | val_acc=0.2643 | val_loss=1.7915
Epoch 005/020 | train_loss=2.2218 | train_acc=0.3294 | val_acc=0.3214 | val_loss=1.6574
Epoch 006/020 | train_loss=2.0665 | train_acc=0.3763 | val_acc=0.1929 | val_loss=2.0837
Epoch 007/020 | train_loss=1.9646 | train_acc=0.3997 | val_acc=0.4143 | val_loss=1.5384
Epoch 008/020 | train_loss=1.8468 | train_acc=0.4583 | val_acc=0.3929 | val_loss=1.4632
Epoch 009/020 | train_loss=1.6877 | train_acc=0.5286 | val_acc=0.4214 | val_loss=1.4769
Epoch 010/020 | train_loss=1.6693 | train_acc=0.5299 | val_acc=0.4571 | val_loss=1.2817
Epoch 011/020 | train_loss=1.5895 | train_acc=0.5456 | val_acc=0.4429 | val_loss=1.3075
Epoch 012/020 | train_loss=1.5815 | train_acc=0.5391 | val_acc=0.5286 | val_loss=1.2070
Epoch 013/020 | train_loss=1.5684 | train_acc=0.5443 | val_acc=0.2714 | val_loss=2.1248
Epoch 014/020 | train_loss=1.4751 | train_acc=0.5677 | val_acc=0.3929 | val_loss=1.3601
Epoch 015/020 | train_loss=1.4022 | train_acc=0.5833 | val_acc=0.1714 | val_loss=1.8719
Epoch 016/020 | train_loss=1.3235 | train_acc=0.6406 | val_acc=0.5214 | val_loss=1.2705
Epoch 017/020 | train_loss=1.2830 | train_acc=0.6693 | val_acc=0.3929 | val_loss=1.3137
Epoch 018/020 | train_loss=1.1952 | train_acc=0.7005 | val_acc=0.5929 | val_loss=1.1094
Epoch 019/020 | train_loss=1.1679 | train_acc=0.6992 | val_acc=0.5429 | val_loss=1.1871
Epoch 020/020 | train_loss=1.1578 | train_acc=0.7174 | val_acc=0.4929 | val_loss=1.3791
[Train-v2] best_val_acc=0.5929 | best_val_loss=1.1094 | saved=results/stage27/lora_chirp_seed31_45350982/closedset_lora25_lora_chirp_10known.pth
[Load] checkpoint=results/stage27/lora_chirp_seed31_45350982/closedset_lora25_lora_chirp_10known.pth

[Extract] Deep embeddings
[CF-LCG] view=all24_base | purity=0.347 | gate_open=False
[CF-LCG] global binary gate closed; Local CF-LCG remains sample-adaptive.
[MV-ACC calibration] Day1 validation only: ratio=0.03, merge_threshold=0.74

[MV-ACC-CIL] End-to-end pseudo-label class-incremental learning

========== Table 1: Unknown Discovery / Clustering Results ==========
              Method Round Discovery Day  True New Classes  Samples  Initial Cluster Count  Final Cluster Count  Cluster Count Error  Over-clustering Ratio  Assignment Coverage  Noise Points  Clusters  Noise      NMI      ARI   Purity  Hungarian Acc Discovery Backend Discovery Feature Adapter                          GPCC Backend  GPCC Target Clusters GPCC Selected Candidate                                                                                                                                                                                                                                                                                                                                                                                                                                                                                                                                                  GPCC Candidate Scores  GPCC Silhouette  GPCC Prototype Margin Mean  GPCC Silhouette Confidence Mean  GPCC Confidence Mean  GPCC Confidence Min  GPCC Cluster Stability  GPCC Cluster Size CV  GPCC Uses HDBSCAN       Cross-Day Adapter  Cross-Day Epochs  Cross-Day Batch Size  Cross-Day LR  Cross-Day Consistency Weight  Cross-Day CORAL Weight  Cross-Day Known Samples  Cross-Day Discovery Samples  Cross-Day Final Total  Cross-Day Final CE  Cross-Day Final Consistency  Cross-Day Final CORAL                    LoRa SSL Adapter  LoRa SSL Epochs  LoRa SSL Batch Size  LoRa SSL LR  LoRa SSL CE Weight  LoRa SSL Instance Weight  LoRa SSL Teacher Weight  LoRa SSL Temperature  LoRa SSL Known Samples  LoRa SSL Discovery Samples  LoRa SSL Final Total  LoRa SSL Final CE  LoRa SSL Final Instance  LoRa SSL Final Teacher
MV-ACC-CIL discovery    R1         Day 2                 5      490                      5                    5                    0                    1.0                  1.0             0         5    0.0 0.396310 0.314146 0.526531       0.524490              GPCC                      none graph_prototype_controlled_clustering                     5            kmeans_joint  {'kmeans_joint': {'score': 0.5229691490012923, 'silhouette': 0.19279031455516815, 'balance': 0.8346723799797493, 'stability': 1.0, 'cluster_size_cv': 0.19807486624184428}, 'kmeans_graph': {'score': 0.40271074465014006, 'silhouette': 0.1803695112466812, 'balance': 0.7675137250531344, 'stability': 0.600019073815354, 'cluster_size_cv': 0.30290829643570294}, 'agglomerative_joint': {'score': 0.4482106746993322, 'silhouette': 0.18452098965644836, 'balance': 0.8408607748390153, 'stability': 0.7142079016819299, 'cluster_size_cv': 0.18925752029692688}}         0.192790                    0.289067                         0.596395              0.403215             0.065048                     1.0              0.198075              False train_consistency_coral                 2                   128       0.00001                           0.5                    0.05                      840                          490               0.687361            0.680834                     0.003577               0.094772 instance_contrastive_teacher_anchor                3                  128      0.00001                 1.0                       0.5                      0.2                   0.2                     840                         490              2.722695           0.670887                 4.102417                0.002997
MV-ACC-CIL discovery    R2         Day 3                 5      490                      5                    5                    0                    1.0                  1.0             0         5    0.0 0.343190 0.258866 0.526531       0.520408              GPCC                      none graph_prototype_controlled_clustering                     5            kmeans_joint        {'kmeans_joint': {'score': 0.5133134084006601, 'silhouette': 0.1523258090019226, 'balance': 0.8976710672480132, 'stability': 1.0, 'cluster_size_cv': 0.1139937962640328}, 'kmeans_graph': {'score': 0.405844591902898, 'silhouette': 0.1506989300251007, 'balance': 0.813917277840549, 'stability': 0.6407068992839313, 'cluster_size_cv': 0.22862608673593693}, 'agglomerative_joint': {'score': 0.371250027331149, 'silhouette': 0.14289122819900513, 'balance': 0.7538824017515025, 'stability': 0.5675334858855827, 'cluster_size_cv': 0.3264668304720871}}         0.152326                    0.248734                         0.576163              0.368040             0.037456                     1.0              0.113994              False train_consistency_coral                 2                   128       0.00001                           0.5                    0.05                      840                          490               1.034500            1.029183                     0.002375               0.082601 instance_contrastive_teacher_anchor                3                  128      0.00001                 1.0                       0.5                      0.2                   0.2                     840                         490              2.980209           0.971792                 4.015800                0.002584
MV-ACC-CIL discovery    R3         Day 4                 5      490                      5                    5                    0                    1.0                  1.0             0         5    0.0 0.521101 0.415435 0.593878       0.591837              GPCC                      none graph_prototype_controlled_clustering                     5            kmeans_joint {'kmeans_joint': {'score': 0.5219488319994022, 'silhouette': 0.23063236474990845, 'balance': 0.7255051569347627, 'stability': 1.0, 'cluster_size_cv': 0.3783499544303306}, 'kmeans_graph': {'score': 0.35630224496079077, 'silhouette': 0.14651350677013397, 'balance': 0.734505184434959, 'stability': 0.5152751174009009, 'cluster_size_cv': 0.36146077820986533}, 'agglomerative_joint': {'score': 0.47957785759613153, 'silhouette': 0.21325352787971497, 'balance': 0.7703821854435111, 'stability': 0.8328479206943443, 'cluster_size_cv': 0.29805701494031467}}         0.230632                    0.346071                         0.615316              0.453740             0.060768                     1.0              0.378350              False train_consistency_coral                 2                   128       0.00001                           0.5                    0.05                      840                          490               1.490466            1.487597                     0.001038               0.047012 instance_contrastive_teacher_anchor                3                  128      0.00001                 1.0                       0.5                      0.2                   0.2                     840                         490              3.231936           1.333944                 3.795430                0.001388
Saved: results/stage27/lora_chirp_seed31_45350982/clustering_results.csv

========== Table 2: Incremental Recognition Results ==========
    Method    Stage Eval Day              Eval Split  Seen Classes True New Classes Discovered Clusters Enrolled Clusters  Eval Samples  Overall Acc  Old Acc  New Acc  Initial Known Acc  Forgetting Rate  Macro F1
MV-ACC-CIL  Initial    Day 1 day1_eval_initial_30pct            10                -                   -                 -           420     0.557143 0.557143      NaN           0.557143         0.000000  0.548836
MV-ACC-CIL After R1    Day 2   eval_r1_30pct_15_seen            15                5                   5                 5           630     0.407937 0.485714 0.252381           0.485714         0.071429  0.385439
MV-ACC-CIL After R2    Day 3   eval_r2_30pct_20_seen            20                5                   5                 5           840     0.313095 0.331746 0.257143           0.426190         0.130952  0.292168
MV-ACC-CIL After R3    Day 4   eval_r3_30pct_25_seen            25                5                   5                 5          1050     0.263810 0.208333 0.485714           0.300000         0.257143  0.214618
Saved: results/stage27/lora_chirp_seed31_45350982/incremental_results.csv

========== Table 3: Per-Round Summary Results ==========
    Method Round  Cluster Count  Incremental Pseudo-label Classes  Cluster Count Error  Sample Coverage   Purity      NMI      ARI  Hungarian Acc  Overall Acc  New Acc  Forgetting Rate
MV-ACC-CIL    R1              5                                 5                    0         1.000000 0.526531 0.396310 0.314146       0.524490     0.407937 0.252381         0.071429
MV-ACC-CIL    R2              5                                 5                    0         1.000000 0.526531 0.343190 0.258866       0.520408     0.313095 0.257143         0.130952
MV-ACC-CIL    R3              5                                 5                    0         1.000000 0.593878 0.521101 0.415435       0.591837     0.263810 0.485714         0.257143
Saved: results/stage27/lora_chirp_seed31_45350982/per_round_summary_results.csv
Stage 27 LoRa Chirp backbone 三种子确认完成。
