
========== WiSig Cross-Day 10-Known 3-Round Incremental Experiment ==========
Dataset: D:\WiSigCustom\WiSig_CrossDay_40Tx_3Rx_4Day_300Sig_equalized.pkl
Save dir: C:\Users\123\PycharmProjects\OpenSet_Incremental_SEI\results\wisig_rx3_mvacc_paper_viz_seed7
Device: cuda
Protocol: 10 known + 10 unknown R1 + 10 unknown R2 + 10 unknown R3
Receiver setting: selected_rx_list=[2] | mode=single-Rx | physical receiver=third
Old-class prototype bonus beta: 0.0
Closed-set training loss: CE + 0.1 * SupCon(T=0.2)
Sample-level protocol: 60% backbone train + 10% validation + 30% held-out evaluation
Fusion: bounded edge-wise adaptive | alpha_min=0.65, alpha_max=0.95
No-drop consolidation (ablation): rounds=5, threshold=0.78, coverage=100%
MV-ACC: mcs_ratio=0.045, min_samples=5, merge_th=0.74, sub_prototypes=5, split_factor=1.75, split_sil=0.3, coverage=100%, strict_alignment=Hungarian

[Splits]
Day1 known train 70%: (2100, 2, 256), classes=10, labels=0-9
Initial eval 30%:     (900, 2, 256), classes=10, labels=0-9, day=2021_03_01
Unknown R1 70%:     (2100, 2, 256), classes=10, labels=10-19, day=2021_03_08
After R1 eval 30%:  (1800, 2, 256), classes=20, labels=0-19, day=2021_03_08
Unknown R2 70%:     (2100, 2, 256), classes=10, labels=20-29, day=2021_03_15
After R2 eval 30%:  (2700, 2, 256), classes=30, labels=0-29, day=2021_03_15
Unknown R3 70%:     (2100, 2, 256), classes=10, labels=30-39, day=2021_03_23
After R3 eval 30%:  (3600, 2, 256), classes=40, labels=0-39, day=2021_03_23
[Load] checkpoint=C:\Users\123\PycharmProjects\OpenSet_Incremental_SEI\results\wisig_rx3_mvacc_cflcg_v3_seed7\closedset_rx3_day1_10known_cflcg_v3.pth

[Extract] Deep embeddings
[CF-LCG] view=all24_base | purity=0.943 | gate_open=True
[MV-ACC calibration] Day1 validation only: ratio=0.045, merge_threshold=0.74

[Build] Prototype feature banks

========== Method: Deep only ==========
[Visualize] Deep only R1: umap
[Visualize] Deep only R1: tsne
[Visualize] Deep only R2: umap
[Visualize] Deep only R2: tsne
[Visualize] Deep only R3: umap
[Visualize] Deep only R3: tsne

========== Method: RF only ==========
[Visualize] RF only R1: umap
[Visualize] RF only R1: tsne
[Visualize] RF only R2: umap
[Visualize] RF only R2: tsne
[Visualize] RF only R3: umap
[Visualize] RF only R3: tsne

========== Method: Graph fusion (raw) ==========
[Visualize] Graph fusion (raw) R1: umap
[Visualize] Graph fusion (raw) R1: tsne
[Visualize] Graph fusion (raw) R2: umap
[Visualize] Graph fusion (raw) R2: tsne
[Visualize] Graph fusion (raw) R3: umap
[Visualize] Graph fusion (raw) R3: tsne

========== Method: No-drop consolidation (ablation) ==========
[Visualize] No-drop consolidation (ablation) R1: umap
[Visualize] No-drop consolidation (ablation) R1: tsne
[Visualize] No-drop consolidation (ablation) R2: umap
[Visualize] No-drop consolidation (ablation) R2: tsne
[Visualize] No-drop consolidation (ablation) R3: umap
[Visualize] No-drop consolidation (ablation) R3: tsne

========== Method: No CF-LCG (MV-ACC) ==========
[Visualize] No CF-LCG (MV-ACC) R1: umap
[Visualize] No CF-LCG (MV-ACC) R1: tsne
[Visualize] No CF-LCG (MV-ACC) R2: umap
[Visualize] No CF-LCG (MV-ACC) R2: tsne
[Visualize] No CF-LCG (MV-ACC) R3: umap
[Visualize] No CF-LCG (MV-ACC) R3: tsne

========== Method: Global CF-LCG (MV-ACC) ==========
[Visualize] Global CF-LCG (MV-ACC) R1: umap
[Visualize] Global CF-LCG (MV-ACC) R1: tsne
[Visualize] Global CF-LCG (MV-ACC) R2: umap
[Visualize] Global CF-LCG (MV-ACC) R2: tsne
[Visualize] Global CF-LCG (MV-ACC) R3: umap
[Visualize] Global CF-LCG (MV-ACC) R3: tsne

========== Method: MV-ACC ==========
[Visualize] MV-ACC R1: umap
[Visualize] MV-ACC R1: tsne
[Visualize] MV-ACC R2: umap
[Visualize] MV-ACC R2: tsne
[Visualize] MV-ACC R3: umap
[Visualize] MV-ACC R3: tsne

========== Table 1: Unknown Discovery / Clustering Results ==========
                          Method Round Discovery Day  True New Classes  Samples  Initial Cluster Count  Final Cluster Count  Cluster Count Error  Over-clustering Ratio  Clusters    Noise      NMI      ARI   Purity  Hungarian Acc           Fusion  Alpha Min  Alpha Max  Adaptive Weight Mean  Adaptive Weight Min  Adaptive Weight Max  Iter Merge Rounds  Iter Merge Total Merges  Iter Merge Threshold  Noise Before Reassignment  Noise Reassigned  Assignment Coverage  Assignment Score Mean  Assignment Score Min No-cluster Fallback  Adaptive Split Count  Adaptive Split Size Factor  Adaptive Split Silhouette Threshold  Adaptive Split Silhouette Mean  MVACC Min Cluster Size  MVACC Min Cluster Ratio  MVACC Min Samples  Local RF Consistency Mean  Local RF Consistency Min
                       Deep only    R1         Day 2                10     2100                     14                   14                    4                    1.4        14 0.090000 0.853104 0.752337 0.897959       0.784762              NaN        NaN        NaN                   NaN                  NaN                  NaN                NaN                      NaN                   NaN                        NaN               NaN                  NaN                    NaN                   NaN                 NaN                   NaN                         NaN                                  NaN                             NaN                     NaN                      NaN                NaN                        NaN                       NaN
                       Deep only    R2         Day 3                10     2100                     13                   13                    3                    1.3        13 0.107143 0.852444 0.785605 0.981333       0.828571              NaN        NaN        NaN                   NaN                  NaN                  NaN                NaN                      NaN                   NaN                        NaN               NaN                  NaN                    NaN                   NaN                 NaN                   NaN                         NaN                                  NaN                             NaN                     NaN                      NaN                NaN                        NaN                       NaN
                       Deep only    R3         Day 4                10     2100                     13                   13                    3                    1.3        13 0.037143 0.908090 0.850191 0.924827       0.863333              NaN        NaN        NaN                   NaN                  NaN                  NaN                NaN                      NaN                   NaN                        NaN               NaN                  NaN                    NaN                   NaN                 NaN                   NaN                         NaN                                  NaN                             NaN                     NaN                      NaN                NaN                        NaN                       NaN
                         RF only    R1         Day 2                10     2100                     21                   21                   11                    2.1        21 0.365714 0.679260 0.334792 0.993243       0.446667              NaN        NaN        NaN                   NaN                  NaN                  NaN                NaN                      NaN                   NaN                        NaN               NaN                  NaN                    NaN                   NaN                 NaN                   NaN                         NaN                                  NaN                             NaN                     NaN                      NaN                NaN                        NaN                       NaN
                         RF only    R2         Day 3                10     2100                     22                   22                   12                    2.2        22 0.097143 0.828170 0.733749 0.999473       0.743333              NaN        NaN        NaN                   NaN                  NaN                  NaN                NaN                      NaN                   NaN                        NaN               NaN                  NaN                    NaN                   NaN                 NaN                   NaN                         NaN                                  NaN                             NaN                     NaN                      NaN                NaN                        NaN                       NaN
                         RF only    R3         Day 4                10     2100                     19                   19                    9                    1.9        19 0.124286 0.850765 0.748312 0.998912       0.745238              NaN        NaN        NaN                   NaN                  NaN                  NaN                NaN                      NaN                   NaN                        NaN               NaN                  NaN                    NaN                   NaN                 NaN                   NaN                         NaN                                  NaN                             NaN                     NaN                      NaN                NaN                        NaN                       NaN
              Graph fusion (raw)    R1         Day 2                10     2100                     31                   31                   21                    3.1        31 0.103333 0.771625 0.621878 0.988317       0.625714 bounded_adaptive       0.65       0.95              0.797671             0.650000                0.950                NaN                      NaN                   NaN                        NaN               NaN                  NaN                    NaN                   NaN                 NaN                   NaN                         NaN                                  NaN                             NaN                     NaN                      NaN                NaN                        NaN                       NaN
              Graph fusion (raw)    R2         Day 3                10     2100                     34                   34                   24                    3.4        34 0.138095 0.730500 0.472751 0.991713       0.520000 bounded_adaptive       0.65       0.95              0.798009             0.650000                0.950                NaN                      NaN                   NaN                        NaN               NaN                  NaN                    NaN                   NaN                 NaN                   NaN                         NaN                                  NaN                             NaN                     NaN                      NaN                NaN                        NaN                       NaN
              Graph fusion (raw)    R3         Day 4                10     2100                     42                   42                   32                    4.2        42 0.142381 0.684269 0.393782 0.937257       0.437619 bounded_adaptive       0.65       0.95              0.796499             0.650000                0.950                NaN                      NaN                   NaN                        NaN               NaN                  NaN                    NaN                   NaN                 NaN                   NaN                         NaN                                  NaN                             NaN                     NaN                      NaN                NaN                        NaN                       NaN
No-drop consolidation (ablation)    R1         Day 2                10     2100                     31                   15                    5                    1.5        15 0.000000 0.877026 0.799604 0.968095       0.776667 bounded_adaptive       0.65       0.95              0.797671             0.650000                0.950                5.0                     16.0                  0.78                      217.0             217.0                  1.0               0.912290              0.724307               False                   NaN                         NaN                                  NaN                             NaN                     NaN                      NaN                NaN                        NaN                       NaN
No-drop consolidation (ablation)    R2         Day 3                10     2100                     34                   16                    6                    1.6        16 0.000000 0.873947 0.779594 0.971429       0.763333 bounded_adaptive       0.65       0.95              0.798009             0.650000                0.950                5.0                     18.0                  0.78                      290.0             290.0                  1.0               0.940527              0.744876               False                   NaN                         NaN                                  NaN                             NaN                     NaN                      NaN                NaN                        NaN                       NaN
No-drop consolidation (ablation)    R3         Day 4                10     2100                     42                   16                    6                    1.6        16 0.000000 0.884568 0.781579 0.934762       0.771905 bounded_adaptive       0.65       0.95              0.796499             0.650000                0.950                5.0                     26.0                  0.78                      299.0             299.0                  1.0               0.947644              0.631715               False                   NaN                         NaN                                  NaN                             NaN                     NaN                      NaN                NaN                        NaN                       NaN
              No CF-LCG (MV-ACC)    R1         Day 2                10     2100                     11                   11                    1                    1.1        11 0.000000 0.902012 0.864751 0.945238       0.896190 bounded_adaptive       0.65       0.95              0.797671             0.650000                0.950               12.0                      1.0                  0.74                      121.0             121.0                  1.0               0.841326              0.694118               False                   1.0                        1.75                                  0.3                        0.540904                    94.0                    0.045                5.0                        NaN                       NaN
              No CF-LCG (MV-ACC)    R2         Day 3                10     2100                      9                   11                    1                    1.1        11 0.000000 0.900726 0.872081 0.939524       0.895238 bounded_adaptive       0.65       0.95              0.798009             0.650000                0.950               12.0                      0.0                  0.74                      104.0             104.0                  1.0               0.757408              0.538897               False                   2.0                        1.75                                  0.3                        0.457771                    94.0                    0.045                5.0                        NaN                       NaN
              No CF-LCG (MV-ACC)    R3         Day 4                10     2100                      9                   10                    0                    1.0        10 0.000000 0.938364 0.898000 0.937619       0.937619 bounded_adaptive       0.65       0.95              0.796499             0.650000                0.950               12.0                      0.0                  0.74                        9.0               9.0                  1.0               0.744768              0.643932               False                   1.0                        1.75                                  0.3                        0.552699                    94.0                    0.045                5.0                        NaN                       NaN
          Global CF-LCG (MV-ACC)    R1         Day 2                10     2100                     11                   11                    1                    1.1        11 0.000000 0.902012 0.864751 0.945238       0.896190 bounded_adaptive       0.65       0.95              0.797671             0.650000                0.950               12.0                      1.0                  0.74                      121.0             121.0                  1.0               0.841326              0.694118               False                   1.0                        1.75                                  0.3                        0.540904                    94.0                    0.045                5.0                        NaN                       NaN
          Global CF-LCG (MV-ACC)    R2         Day 3                10     2100                      9                   11                    1                    1.1        11 0.000000 0.900726 0.872081 0.939524       0.895238 bounded_adaptive       0.65       0.95              0.798009             0.650000                0.950               12.0                      0.0                  0.74                      104.0             104.0                  1.0               0.757408              0.538897               False                   2.0                        1.75                                  0.3                        0.457771                    94.0                    0.045                5.0                        NaN                       NaN
          Global CF-LCG (MV-ACC)    R3         Day 4                10     2100                      9                   10                    0                    1.0        10 0.000000 0.938364 0.898000 0.937619       0.937619 bounded_adaptive       0.65       0.95              0.796499             0.650000                0.950               12.0                      0.0                  0.74                        9.0               9.0                  1.0               0.744768              0.643932               False                   1.0                        1.75                                  0.3                        0.552699                    94.0                    0.045                5.0                        NaN                       NaN
                          MV-ACC    R1         Day 2                10     2100                      9                   10                    0                    1.0        10 0.000000 0.907073 0.881726 0.938571       0.938571 bounded_adaptive       0.65       0.95              0.949753             0.730023                0.995               12.0                      0.0                  0.74                       14.0              14.0                  1.0               0.881814              0.725735               False                   1.0                        1.75                                  0.3                        0.471694                    94.0                    0.045                5.0                   0.272857                       0.1
                          MV-ACC    R2         Day 3                10     2100                      9                   11                    1                    1.1        11 0.000000 0.889776 0.856940 0.924286       0.893810 bounded_adaptive       0.65       0.95              0.945714             0.768497                0.995               12.0                      0.0                  0.74                      129.0             129.0                  1.0               0.755874              0.538965               False                   2.0                        1.75                                  0.3                        0.475408                    94.0                    0.045                5.0                   0.289821                       0.1
                          MV-ACC    R3         Day 4                10     2100                      9                   10                    0                    1.0        10 0.000000 0.918240 0.873741 0.919048       0.919048 bounded_adaptive       0.65       0.95              0.942919             0.771493                0.995               12.0                      0.0                  0.74                       16.0              16.0                  1.0               0.770763              0.643963               False                   1.0                        1.75                                  0.3                        0.588650                    94.0                    0.045                5.0                   0.303000                       0.1
Saved: C:\Users\123\PycharmProjects\OpenSet_Incremental_SEI\results\wisig_rx3_mvacc_paper_viz_seed7\clustering_results.csv

========== Table 2: Incremental Recognition Results ==========
                          Method    Stage   Eval Day              Eval Split  Seen Classes True New Classes Discovered Clusters Enrolled Clusters  Eval Samples  Overall Acc  Old Acc  New Acc  Initial Known Acc  Forgetting Rate  Old Class Bonus  Macro F1
                   Initial model  Initial 2021_03_01 day1_eval_initial_30pct            10                -                   -                 -           900     0.997778 0.997778      NaN           0.997778         0.000000              0.0  0.997778
                       Deep only After R1 2021_03_08   eval_r1_30pct_20_seen            20               10                  14                14          1800     0.835000 0.946667 0.723333           0.946667         0.051111              0.0  0.840207
                       Deep only After R2 2021_03_15   eval_r2_30pct_30_seen            30               10                  13                13          2700     0.707037 0.700556 0.720000           0.850000         0.147778              0.0  0.716162
                       Deep only After R3 2021_03_23   eval_r3_30pct_40_seen            40               10                  13                13          3600     0.593056 0.545926 0.734444           0.858889         0.138889              0.0  0.582362
                         RF only After R1 2021_03_08   eval_r1_30pct_20_seen            20               10                  21                21          1800     0.614444 0.674444 0.554444           0.674444         0.323333              0.0  0.642141
                         RF only After R2 2021_03_15   eval_r2_30pct_30_seen            30               10                  22                22          2700     0.521481 0.414444 0.735556           0.466667         0.531111              0.0  0.548724
                         RF only After R3 2021_03_23   eval_r3_30pct_40_seen            40               10                  19                19          3600     0.422500 0.315185 0.744444           0.583333         0.414444              0.0  0.444369
              Graph fusion (raw) After R1 2021_03_08   eval_r1_30pct_20_seen            20               10                  31                31          1800     0.781111 0.924444 0.637778           0.924444         0.073333              0.0  0.832274
              Graph fusion (raw) After R2 2021_03_15   eval_r2_30pct_30_seen            30               10                  34                34          2700     0.627407 0.703889 0.474444           0.825556         0.172222              0.0  0.705516
              Graph fusion (raw) After R3 2021_03_23   eval_r3_30pct_40_seen            40               10                  42                42          3600     0.436944 0.451852 0.392222           0.818889         0.178889              0.0  0.479271
No-drop consolidation (ablation) After R1 2021_03_08   eval_r1_30pct_20_seen            20               10                  15                15          1800     0.844444 0.933333 0.755556           0.933333         0.064444              0.0  0.887040
No-drop consolidation (ablation) After R2 2021_03_15   eval_r2_30pct_30_seen            30               10                  16                16          2700     0.739259 0.742778 0.732222           0.851111         0.146667              0.0  0.786358
No-drop consolidation (ablation) After R3 2021_03_23   eval_r3_30pct_40_seen            40               10                  16                16          3600     0.590000 0.542963 0.731111           0.823333         0.174444              0.0  0.594062
              No CF-LCG (MV-ACC) After R1 2021_03_08   eval_r1_30pct_20_seen            20               10                  11                11          1800     0.917778 0.944444 0.891111           0.944444         0.053333              0.0  0.923730
              No CF-LCG (MV-ACC) After R2 2021_03_15   eval_r2_30pct_30_seen            30               10                  11                11          2700     0.857037 0.836111 0.898889           0.860000         0.137778              0.0  0.858851
              No CF-LCG (MV-ACC) After R3 2021_03_23   eval_r3_30pct_40_seen            40               10                  10                10          3600     0.697500 0.620741 0.927778           0.866667         0.131111              0.0  0.675567
          Global CF-LCG (MV-ACC) After R1 2021_03_08   eval_r1_30pct_20_seen            20               10                  11                11          1800     0.917778 0.944444 0.891111           0.944444         0.053333              0.0  0.923730
          Global CF-LCG (MV-ACC) After R2 2021_03_15   eval_r2_30pct_30_seen            30               10                  11                11          2700     0.857037 0.836111 0.898889           0.860000         0.137778              0.0  0.858851
          Global CF-LCG (MV-ACC) After R3 2021_03_23   eval_r3_30pct_40_seen            40               10                  10                10          3600     0.697500 0.620741 0.927778           0.866667         0.131111              0.0  0.675567
                          MV-ACC After R1 2021_03_08   eval_r1_30pct_20_seen            20               10                  10                10          1800     0.933889 0.944444 0.923333           0.944444         0.053333              0.0  0.930724
                          MV-ACC After R2 2021_03_15   eval_r2_30pct_30_seen            30               10                  11                11          2700     0.867037 0.858889 0.883333           0.860000         0.137778              0.0  0.866818
                          MV-ACC After R3 2021_03_23   eval_r3_30pct_40_seen            40               10                  10                10          3600     0.701944 0.631852 0.912222           0.861111         0.136667              0.0  0.678918
Saved: C:\Users\123\PycharmProjects\OpenSet_Incremental_SEI\results\wisig_rx3_mvacc_paper_viz_seed7\incremental_results.csv

========== Table 3: Per-Round Summary Results ==========
                          Method Round  Cluster Count  Incremental Pseudo-label Classes  Cluster Count Error  Sample Coverage   Purity      NMI      ARI  Hungarian Acc  Overall Acc  New Acc  Forgetting Rate
                       Deep only    R1             14                                14                    4         0.910000 0.897959 0.853104 0.752337       0.784762     0.835000 0.723333         0.051111
                       Deep only    R2             13                                13                    3         0.892857 0.981333 0.852444 0.785605       0.828571     0.707037 0.720000         0.147778
                       Deep only    R3             13                                13                    3         0.962857 0.924827 0.908090 0.850191       0.863333     0.593056 0.734444         0.138889
                         RF only    R1             21                                21                   11         0.634286 0.993243 0.679260 0.334792       0.446667     0.614444 0.554444         0.323333
                         RF only    R2             22                                22                   12         0.902857 0.999473 0.828170 0.733749       0.743333     0.521481 0.735556         0.531111
                         RF only    R3             19                                19                    9         0.875714 0.998912 0.850765 0.748312       0.745238     0.422500 0.744444         0.414444
              Graph fusion (raw)    R1             31                                31                   21         0.896667 0.988317 0.771625 0.621878       0.625714     0.781111 0.637778         0.073333
              Graph fusion (raw)    R2             34                                34                   24         0.861905 0.991713 0.730500 0.472751       0.520000     0.627407 0.474444         0.172222
              Graph fusion (raw)    R3             42                                42                   32         0.857619 0.937257 0.684269 0.393782       0.437619     0.436944 0.392222         0.178889
No-drop consolidation (ablation)    R1             15                                15                    5         1.000000 0.968095 0.877026 0.799604       0.776667     0.844444 0.755556         0.064444
No-drop consolidation (ablation)    R2             16                                16                    6         1.000000 0.971429 0.873947 0.779594       0.763333     0.739259 0.732222         0.146667
No-drop consolidation (ablation)    R3             16                                16                    6         1.000000 0.934762 0.884568 0.781579       0.771905     0.590000 0.731111         0.174444
                          MV-ACC    R1             10                                10                    0         1.000000 0.938571 0.907073 0.881726       0.938571     0.933889 0.923333         0.053333
                          MV-ACC    R2             11                                11                    1         1.000000 0.924286 0.889776 0.856940       0.893810     0.867037 0.883333         0.137778
                          MV-ACC    R3             10                                10                    0         1.000000 0.919048 0.918240 0.873741       0.919048     0.701944 0.912222         0.136667
              No CF-LCG (MV-ACC)    R1             11                                11                    1         1.000000 0.945238 0.902012 0.864751       0.896190     0.917778 0.891111         0.053333
          Global CF-LCG (MV-ACC)    R1             11                                11                    1         1.000000 0.945238 0.902012 0.864751       0.896190     0.917778 0.891111         0.053333
              No CF-LCG (MV-ACC)    R2             11                                11                    1         1.000000 0.939524 0.900726 0.872081       0.895238     0.857037 0.898889         0.137778
          Global CF-LCG (MV-ACC)    R2             11                                11                    1         1.000000 0.939524 0.900726 0.872081       0.895238     0.857037 0.898889         0.137778
              No CF-LCG (MV-ACC)    R3             10                                10                    0         1.000000 0.937619 0.938364 0.898000       0.937619     0.697500 0.927778         0.131111
          Global CF-LCG (MV-ACC)    R3             10                                10                    0         1.000000 0.937619 0.938364 0.898000       0.937619     0.697500 0.927778         0.131111
Saved: C:\Users\123\PycharmProjects\OpenSet_Incremental_SEI\results\wisig_rx3_mvacc_paper_viz_seed7\per_round_summary_results.csv
Visualizations saved under: C:\Users\123\PycharmProjects\OpenSet_Incremental_SEI\results\wisig_rx3_mvacc_paper_viz_seed7\visualizations
Core comparison panels saved under: C:\Users\123\PycharmProjects\OpenSet_Incremental_SEI\results\wisig_rx3_mvacc_paper_viz_seed7\visualizations\core_comparison
