
========== LoRa25 Different Days Indoor 10-Known 3-Round Incremental Experiment ==========
Dataset: results/stage82/lora25_diffdays_indoor_raw1024_s28_46808451.npz
Save dir: results/stage82/lora_tx_pool_cil_seed7_46808468
Device: cuda
Protocol: 10 known + 5 unknown R1 + 5 unknown R2 + 5 unknown R3
LoRa split: IQ_1-6 train | IQ_7 validation | IQ_8-10 held-out evaluation
Old-class prototype bonus beta: 0.0
Incremental dual-view consistency weight: 0.0
Cross-day feature domain alignment weight: 0.0
Old replay SupCon weight: 0.0
Pseudo-label cluster reliability weighting: False (floor=0.2)
Closed-set training loss: CE + 0.1 * SupCon(T=0.2)
Sample-level protocol: 60% backbone train + 10% validation + 30% held-out evaluation
Fusion: fixed alpha | alpha=0.7
No-drop consolidation (ablation): rounds=5, threshold=0.78, coverage=100%
MV-ACC: mcs_ratio=0.045, min_samples=5, merge_th=0.74, sub_prototypes=5, split_factor=1.75, split_sil=0.3, coverage=100%, strict_alignment=Hungarian

[Splits]
Day1 known train IQ_1-6 train: (1680, 2, 1024), classes=10, labels=0-9
Initial eval 30%:     (840, 2, 1024), classes=10, labels=0-9, day=Day 1
Unknown R1 IQ_1-7 discovery: (980, 2, 1024), classes=5, labels=10-14, day=Day 2
After R1 IQ_8-10 eval: (1260, 2, 1024), classes=15, labels=0-14, day=Day 2
Unknown R2 IQ_1-7 discovery: (980, 2, 1024), classes=5, labels=15-19, day=Day 3
After R2 IQ_8-10 eval: (1680, 2, 1024), classes=20, labels=0-19, day=Day 3
Unknown R3 IQ_1-7 discovery: (980, 2, 1024), classes=5, labels=20-24, day=Day 4
After R3 IQ_8-10 eval: (2100, 2, 1024), classes=25, labels=0-24, day=Day 4

[Train-v2] classes=10 | train=1680 | validation=280 | validation_fraction=0.142857
[Train-v2] RF augmentation=True | SupCon projection=64
Epoch 001/020 | train_loss=2.9381 | train_acc=0.1016 | val_acc=0.0929 | val_loss=2.3061
Epoch 002/020 | train_loss=2.7523 | train_acc=0.1899 | val_acc=0.2286 | val_loss=2.0263
Epoch 003/020 | train_loss=2.3958 | train_acc=0.2656 | val_acc=0.1107 | val_loss=1.9310
Epoch 004/020 | train_loss=2.3727 | train_acc=0.2500 | val_acc=0.3179 | val_loss=1.7063
Epoch 005/020 | train_loss=2.1406 | train_acc=0.3588 | val_acc=0.2893 | val_loss=1.5842
Epoch 006/020 | train_loss=1.9839 | train_acc=0.4008 | val_acc=0.3071 | val_loss=1.6444
Epoch 007/020 | train_loss=1.9247 | train_acc=0.4008 | val_acc=0.4000 | val_loss=1.4880
Epoch 008/020 | train_loss=1.7845 | train_acc=0.5012 | val_acc=0.3571 | val_loss=1.6760
Epoch 009/020 | train_loss=1.7202 | train_acc=0.5102 | val_acc=0.1571 | val_loss=2.4275
Epoch 010/020 | train_loss=1.7285 | train_acc=0.4772 | val_acc=0.3964 | val_loss=1.4780
Epoch 011/020 | train_loss=1.7111 | train_acc=0.4838 | val_acc=0.1857 | val_loss=1.9994
Epoch 012/020 | train_loss=1.6134 | train_acc=0.5481 | val_acc=0.3429 | val_loss=1.6853
Epoch 013/020 | train_loss=1.4954 | train_acc=0.5823 | val_acc=0.5179 | val_loss=1.2127
Epoch 014/020 | train_loss=1.4205 | train_acc=0.6004 | val_acc=0.3536 | val_loss=1.4638
Epoch 015/020 | train_loss=1.3027 | train_acc=0.6575 | val_acc=0.5393 | val_loss=1.0888
Epoch 016/020 | train_loss=1.4258 | train_acc=0.5715 | val_acc=0.5357 | val_loss=1.1260
Epoch 017/020 | train_loss=1.2552 | train_acc=0.6689 | val_acc=0.5893 | val_loss=1.1206
Epoch 018/020 | train_loss=1.1901 | train_acc=0.6953 | val_acc=0.4643 | val_loss=1.2521
Epoch 019/020 | train_loss=1.1695 | train_acc=0.6803 | val_acc=0.5321 | val_loss=1.2378
Epoch 020/020 | train_loss=1.2960 | train_acc=0.6208 | val_acc=0.3536 | val_loss=1.7304
[Train-v2] best_val_acc=0.5893 | best_val_loss=1.1206 | saved=results/stage82/lora_tx_pool_cil_seed7_46808468/closedset_lora25_lora_chirp_10known.pth
[Load] checkpoint=results/stage82/lora_tx_pool_cil_seed7_46808468/closedset_lora25_lora_chirp_10known.pth

[Extract] Deep embeddings
[CF-LCG] view=all24_base | purity=0.359 | gate_open=False
[CF-LCG] global binary gate closed; Local CF-LCG remains sample-adaptive.
[MV-ACC calibration] Day1 validation only: ratio=0.03, merge_threshold=0.74

[MV-ACC-CIL] End-to-end pseudo-label class-incremental learning

========== Table 1: Unknown Discovery / Clustering Results ==========
              Method Round Discovery Day  True New Classes  Samples  Initial Cluster Count  Final Cluster Count  Cluster Count Error  Over-clustering Ratio  Assignment Coverage  Noise Points  Clusters  Noise      NMI      ARI   Purity  Hungarian Acc        Discovery Backend Discovery Feature Adapter  Transmission Pooling Enabled  Transmission Pooling Groups  Transmission Pooling Mean Group Size Transmission Pooling Feature Mode                          GPCC Backend  GPCC Target Clusters GPCC Selected Candidate                                                                                                                                                                                                                                                                                                                                                                                                                                                                                                                                                GPCC Candidate Scores  GPCC Silhouette  GPCC Prototype Margin Mean  GPCC Silhouette Confidence Mean  GPCC Confidence Mean  GPCC Confidence Min  GPCC Cluster Stability  GPCC Cluster Size CV  GPCC Uses HDBSCAN                    Recording-Consensus Backend  Recording-Consensus Groups  Recording-Consensus Threshold  Recording-Consensus Accepted Groups  Recording-Consensus Changed Samples  Recording-Consensus Mean Consistency  Recording-Consensus Min Consistency       Cross-Day Adapter  Cross-Day Epochs  Cross-Day Batch Size  Cross-Day LR  Cross-Day Consistency Weight  Cross-Day CORAL Weight  Cross-Day Known Samples  Cross-Day Discovery Samples  Cross-Day Final Total  Cross-Day Final CE  Cross-Day Final Consistency  Cross-Day Final CORAL                    LoRa SSL Adapter  LoRa SSL Epochs  LoRa SSL Batch Size  LoRa SSL LR  LoRa SSL CE Weight  LoRa SSL Instance Weight  LoRa SSL Teacher Weight  LoRa SSL Temperature  LoRa SSL Known Samples  LoRa SSL Discovery Samples  LoRa SSL Final Total  LoRa SSL Final CE  LoRa SSL Final Instance  LoRa SSL Final Teacher
MV-ACC-CIL discovery    R1         Day 2                 5      980                      5                    5                    0                    1.0                  1.0             0         5    0.0 0.523220 0.419800 0.600000            0.6 Recording-Consensus-GPCC                      none                          True                           35                                  28.0        norm_weighted_l2_attention graph_prototype_controlled_clustering                     5            kmeans_joint                 {'kmeans_joint': {'score': 0.5613315540839219, 'silhouette': 0.2635389566421509, 'balance': 0.8319256396536943, 'stability': 1.0, 'cluster_size_cv': 0.20203050890013446}, 'kmeans_graph': {'score': 0.28972082141443906, 'silhouette': 0.1304093301296234, 'balance': 0.7133422114778196, 'stability': 0.3013089901903289, 'cluster_size_cv': 0.4018517114363891}, 'agglomerative_joint': {'score': 0.5613315540839219, 'silhouette': 0.2635389566421509, 'balance': 0.8319256396536943, 'stability': 1.0, 'cluster_size_cv': 0.20203050890013446}}         0.263539                    0.363298                         0.631769              0.476158             0.310106                     1.0              0.202031              False symbol_gpcc_with_selective_recording_consensus                          35                           0.65                                    0                                    0                                   1.0                                  1.0 train_consistency_coral                 2                    96       0.00001                           0.5                    0.05                     1680                          980               0.751388            0.738857                     0.001626               0.234359 instance_contrastive_teacher_anchor                3                   96      0.00001                 1.0                       0.5                      0.2                   0.2                    1680                         980              2.679271           0.737661                 3.882659                0.001404
MV-ACC-CIL discovery    R2         Day 3                 5      980                      5                    5                    0                    1.0                  1.0             0         5    0.0 0.556390 0.440139 0.600000            0.6 Recording-Consensus-GPCC                      none                          True                           35                                  28.0        norm_weighted_l2_attention graph_prototype_controlled_clustering                     5            kmeans_joint  {'kmeans_joint': {'score': 0.5311520756844241, 'silhouette': 0.23942206799983978, 'balance': 0.7473496914225616, 'stability': 1.0, 'cluster_size_cv': 0.33806170187415857}, 'kmeans_graph': {'score': 0.2523570261901976, 'silhouette': 0.1276993453502655, 'balance': 0.7090113239345789, 'stability': 0.16128048584254315, 'cluster_size_cv': 0.4104147088238479}, 'agglomerative_joint': {'score': 0.4641186511236495, 'silhouette': 0.2335895448923111, 'balance': 0.7407807395567216, 'stability': 0.749953014086136, 'cluster_size_cv': 0.34992710609402916}}         0.239422                    0.355738                         0.619711              0.464928             0.107300                     1.0              0.338062              False symbol_gpcc_with_selective_recording_consensus                          35                           0.65                                    0                                    0                                   1.0                                  1.0 train_consistency_coral                 2                    96       0.00001                           0.5                    0.05                     1680                          980               0.958408            0.949248                     0.000758               0.175609 instance_contrastive_teacher_anchor                3                   96      0.00001                 1.0                       0.5                      0.2                   0.2                    1680                         980              2.620095           0.956912                 3.325806                0.001401
MV-ACC-CIL discovery    R3         Day 4                 5      980                      5                    5                    0                    1.0                  1.0             0         5    0.0 0.615993 0.504923 0.628571            0.6 Recording-Consensus-GPCC                      none                          True                           35                                  28.0        norm_weighted_l2_attention graph_prototype_controlled_clustering                     5            kmeans_joint {'kmeans_joint': {'score': 0.5429469454969834, 'silhouette': 0.26975974440574646, 'balance': 0.7228954303691143, 'stability': 1.0, 'cluster_size_cv': 0.3833259389804065}, 'kmeans_graph': {'score': 0.20769238521820615, 'silhouette': 0.10449972003698349, 'balance': 0.6268545974210171, 'stability': 0.09938647885464727, 'cluster_size_cv': 0.5952662772422258}, 'agglomerative_joint': {'score': 0.473619865459202, 'silhouette': 0.26728683710098267, 'balance': 0.6976871547006019, 'stability': 0.7482986964541646, 'cluster_size_cv': 0.4333071682094096}}         0.269760                    0.373125                         0.634880              0.483893             0.266988                     1.0              0.383326              False symbol_gpcc_with_selective_recording_consensus                          35                           0.65                                    0                                    0                                   1.0                                  1.0 train_consistency_coral                 2                    96       0.00001                           0.5                    0.05                     1680                          980               1.248180            1.243717                     0.000526               0.084004 instance_contrastive_teacher_anchor                3                   96      0.00001                 1.0                       0.5                      0.2                   0.2                    1680                         980              2.701062           1.098699                 3.204356                0.000928
Saved: results/stage82/lora_tx_pool_cil_seed7_46808468/clustering_results.csv

========== Table 2: Incremental Recognition Results ==========
    Method    Stage Eval Day              Eval Split  Seen Classes True New Classes Discovered Clusters Enrolled Clusters  Eval Samples  Overall Acc  Old Acc  New Acc  Initial Known Acc  Forgetting Rate  Macro F1
MV-ACC-CIL  Initial    Day 1 day1_eval_initial_30pct            10                -                   -                 -           840     0.577381 0.577381      NaN           0.577381         0.000000  0.524803
MV-ACC-CIL After R1    Day 2   eval_r1_30pct_15_seen            15                5                   5                 5          1260     0.354762 0.446429 0.171429           0.446429         0.130952  0.316493
MV-ACC-CIL After R2    Day 3   eval_r2_30pct_20_seen            20                5                   5                 5          1680     0.298214 0.338889 0.176190           0.459524         0.117857  0.267904
MV-ACC-CIL After R3    Day 4   eval_r3_30pct_25_seen            25                5                   5                 5          2100     0.267143 0.231548 0.409524           0.375000         0.202381  0.217157
Saved: results/stage82/lora_tx_pool_cil_seed7_46808468/incremental_results.csv

========== Table 3: Per-Round Summary Results ==========
    Method Round  Cluster Count  Incremental Pseudo-label Classes  Cluster Count Error  Sample Coverage   Purity      NMI      ARI  Hungarian Acc  Overall Acc  New Acc  Forgetting Rate
MV-ACC-CIL    R1              5                                 5                    0         1.000000 0.600000 0.523220 0.419800       0.600000     0.354762 0.171429         0.130952
MV-ACC-CIL    R2              5                                 5                    0         1.000000 0.600000 0.556390 0.440139       0.600000     0.298214 0.176190         0.117857
MV-ACC-CIL    R3              5                                 5                    0         1.000000 0.628571 0.615993 0.504923       0.600000     0.267143 0.409524         0.202381
Saved: results/stage82/lora_tx_pool_cil_seed7_46808468/per_round_summary_results.csv
Stage82 报告：results/stage82/STAGE82_LORA_TRANSMISSION_POOLING_CIL_SEED7_REPORT_46808468.md
Stage82 LoRa transmission pooling CIL seed7 完成。
