
========== WiSig Cross-Day 10-Known 3-Round Incremental Experiment ==========
Dataset: D:\WiSigCustom\WiSig_CrossDay_40Tx_3Rx_4Day_300Sig_equalized.pkl
Save dir: C:\Users\123\PycharmProjects\OpenSet_Incremental_SEI\results\wisig_rx3_mvacc_cil_seed7
Device: cuda
Protocol: 10 known + 10 unknown R1 + 10 unknown R2 + 10 unknown R3
Receiver setting: selected_rx_list=[2] | mode=single-Rx | physical receiver=third
Old-class prototype bonus beta: 0.0
Closed-set training loss: CE + 0.1 * SupCon(T=0.2)
Sample-level protocol: 60% backbone train + 10% validation + 30% held-out evaluation
Fusion: bounded edge-wise adaptive | alpha_min=0.65, alpha_max=0.95
No-drop consolidation (ablation): rounds=5, threshold=0.78, coverage=100%
MV-ACC: mcs_ratio=0.045, min_samples=5, merge_th=0.74, sub_prototypes=5, split_factor=1.75, split_sil=0.3, coverage=100%, strict_alignment=Hungarian

[Splits]
Day1 known train 70%: (2100, 2, 256), classes=10, labels=0-9
Initial eval 30%:     (900, 2, 256), classes=10, labels=0-9, day=2021_03_01
Unknown R1 70%:     (2100, 2, 256), classes=10, labels=10-19, day=2021_03_08
After R1 eval 30%:  (1800, 2, 256), classes=20, labels=0-19, day=2021_03_08
Unknown R2 70%:     (2100, 2, 256), classes=10, labels=20-29, day=2021_03_15
After R2 eval 30%:  (2700, 2, 256), classes=30, labels=0-29, day=2021_03_15
Unknown R3 70%:     (2100, 2, 256), classes=10, labels=30-39, day=2021_03_23
After R3 eval 30%:  (3600, 2, 256), classes=40, labels=0-39, day=2021_03_23

[Train-v2] classes=10 | train=1800 | validation=300 | validation_fraction=0.142857
[Train-v2] RF augmentation=True | SupCon projection=64
Epoch 001/020 | train_loss=2.3861 | train_acc=0.2667 | val_acc=0.1000 | val_loss=2.3283
Epoch 002/020 | train_loss=1.6830 | train_acc=0.5413 | val_acc=0.3233 | val_loss=1.3669
Epoch 003/020 | train_loss=1.2595 | train_acc=0.6596 | val_acc=0.6767 | val_loss=0.8801
Epoch 004/020 | train_loss=0.9442 | train_acc=0.7667 | val_acc=0.7900 | val_loss=0.5038
Epoch 005/020 | train_loss=0.7437 | train_acc=0.8633 | val_acc=0.8833 | val_loss=0.3212
Epoch 006/020 | train_loss=0.5864 | train_acc=0.9185 | val_acc=0.8400 | val_loss=0.3746
Epoch 007/020 | train_loss=0.5060 | train_acc=0.9481 | val_acc=0.9700 | val_loss=0.3577
Epoch 008/020 | train_loss=0.4312 | train_acc=0.9911 | val_acc=0.8400 | val_loss=0.6290
Epoch 009/020 | train_loss=0.3954 | train_acc=0.9944 | val_acc=0.9800 | val_loss=0.2849
Epoch 010/020 | train_loss=0.3630 | train_acc=0.9983 | val_acc=0.9967 | val_loss=0.1731
Epoch 011/020 | train_loss=0.3531 | train_acc=0.9983 | val_acc=0.9967 | val_loss=0.2247
Epoch 012/020 | train_loss=0.3415 | train_acc=1.0000 | val_acc=0.9967 | val_loss=0.1806
Epoch 013/020 | train_loss=0.3389 | train_acc=0.9983 | val_acc=0.9967 | val_loss=0.1890
Epoch 014/020 | train_loss=0.3361 | train_acc=0.9994 | val_acc=0.9967 | val_loss=0.1551
Epoch 015/020 | train_loss=0.3388 | train_acc=0.9983 | val_acc=0.9967 | val_loss=0.1443
Epoch 016/020 | train_loss=0.3374 | train_acc=0.9994 | val_acc=0.9967 | val_loss=0.1384
Epoch 017/020 | train_loss=0.3336 | train_acc=1.0000 | val_acc=0.9967 | val_loss=0.1601
Epoch 018/020 | train_loss=0.3355 | train_acc=0.9983 | val_acc=0.9967 | val_loss=0.1940
Epoch 019/020 | train_loss=0.3346 | train_acc=0.9989 | val_acc=0.9967 | val_loss=0.1697
Epoch 020/020 | train_loss=0.3320 | train_acc=1.0000 | val_acc=0.9967 | val_loss=0.1429
[Train-v2] best_val_acc=0.9967 | best_val_loss=0.1384 | saved=C:\Users\123\PycharmProjects\OpenSet_Incremental_SEI\results\wisig_rx3_mvacc_cil_seed7\closedset_rx3_day1_10known_cil.pth
[Load] checkpoint=C:\Users\123\PycharmProjects\OpenSet_Incremental_SEI\results\wisig_rx3_mvacc_cil_seed7\closedset_rx3_day1_10known_cil.pth

[Extract] Deep embeddings
[CF-LCG] view=all24_base | purity=0.943 | gate_open=True
[MV-ACC calibration] Day1 validation only: ratio=0.045, merge_threshold=0.74

[MV-ACC-CIL] End-to-end pseudo-label class-incremental learning

========== Table 1: Unknown Discovery / Clustering Results ==========
              Method Round Discovery Day  True New Classes  Samples  Initial Cluster Count  Final Cluster Count  Cluster Count Error  Over-clustering Ratio  Clusters  Noise      NMI      ARI   Purity  Hungarian Acc           Fusion  Alpha Min  Alpha Max  Adaptive Weight Mean  Adaptive Weight Min  Adaptive Weight Max  Local RF Consistency Mean  Local RF Consistency Min  Iter Merge Rounds  Iter Merge Total Merges  Iter Merge Threshold  Noise Before Reassignment  Noise Reassigned  Assignment Coverage  Assignment Score Mean  Assignment Score Min  No-cluster Fallback  Adaptive Split Count  Adaptive Split Size Factor  Adaptive Split Silhouette Threshold  Adaptive Split Silhouette Mean  MVACC Min Cluster Size  MVACC Min Cluster Ratio  MVACC Min Samples
MV-ACC-CIL discovery    R1         Day 2                10     2100                      9                   10                    0                    1.0        10    0.0 0.907073 0.881726 0.938571       0.938571 bounded_adaptive       0.65       0.95              0.949753             0.730023                0.995                   0.272857                       0.1                 12                        0                  0.74                         14                14                  1.0               0.881814              0.725735                False                     1                        1.75                                  0.3                        0.471694                      94                    0.045                  5
MV-ACC-CIL discovery    R2         Day 3                10     2100                      9                   11                    1                    1.1        11    0.0 0.881215 0.837407 0.918095       0.888095 bounded_adaptive       0.65       0.95              0.944920             0.755000                0.995                   0.294036                       0.1                 12                        0                  0.74                        116               116                  1.0               0.738601              0.531528                False                     2                        1.75                                  0.3                        0.481006                      94                    0.045                  5
MV-ACC-CIL discovery    R3         Day 4                10     2100                      9                   10                    0                    1.0        10    0.0 0.920666 0.873056 0.918095       0.918095 bounded_adaptive       0.65       0.95              0.941990             0.756410                0.995                   0.308179                       0.1                 12                        0                  0.74                         11                11                  1.0               0.755922              0.702454                False                     1                        1.75                                  0.3                        0.616854                      94                    0.045                  5
Saved: C:\Users\123\PycharmProjects\OpenSet_Incremental_SEI\results\wisig_rx3_mvacc_cil_seed7\clustering_results.csv

========== Table 2: Incremental Recognition Results ==========
    Method    Stage   Eval Day              Eval Split  Seen Classes True New Classes Discovered Clusters Enrolled Clusters  Eval Samples  Overall Acc  Old Acc  New Acc  Initial Known Acc  Forgetting Rate  Macro F1
MV-ACC-CIL  Initial 2021_03_01 day1_eval_initial_30pct            10                -                   -                 -           900     0.997778 0.997778      NaN           0.997778         0.000000  0.997778
MV-ACC-CIL After R1 2021_03_08   eval_r1_30pct_20_seen            20               10                  10                10          1800     0.501111 0.991111 0.011111           0.991111         0.006667  0.362490
MV-ACC-CIL After R2 2021_03_15   eval_r2_30pct_30_seen            30               10                  11                11          2700     0.485926 0.575556 0.306667           0.987778         0.010000  0.376278
MV-ACC-CIL After R3 2021_03_23   eval_r3_30pct_40_seen            40               10                  10                10          3600     0.436389 0.431481 0.451111           0.947778         0.050000  0.334859
Saved: C:\Users\123\PycharmProjects\OpenSet_Incremental_SEI\results\wisig_rx3_mvacc_cil_seed7\incremental_results.csv

========== Table 3: Per-Round Summary Results ==========
    Method Round  Cluster Count  Incremental Pseudo-label Classes  Cluster Count Error  Sample Coverage  Purity  NMI  ARI  Hungarian Acc  Overall Acc  New Acc  Forgetting Rate
MV-ACC-CIL    R1             10                                10                  NaN              NaN     NaN  NaN  NaN            NaN     0.501111 0.011111         0.006667
MV-ACC-CIL    R2             11                                11                  NaN              NaN     NaN  NaN  NaN            NaN     0.485926 0.306667         0.010000
MV-ACC-CIL    R3             10                                10                  NaN              NaN     NaN  NaN  NaN            NaN     0.436389 0.451111         0.050000
Saved: C:\Users\123\PycharmProjects\OpenSet_Incremental_SEI\results\wisig_rx3_mvacc_cil_seed7\per_round_summary_results.csv
