Stage48 s28_npz=results/stage46/lora25_diffdays_indoor_raw1024_s28_46103936.npz
Stage48 python=/mnt/users/xj62kv/OpenSet_Incremental_SEI/.venv/bin/python

========== LoRa25 Different Days Indoor 10-Known 3-Round Incremental Experiment ==========
Dataset: results/stage46/lora25_diffdays_indoor_raw1024_s28_46103936.npz
Save dir: results/stage48/lora_s28_rec065_seed7_46124799
Device: cuda
Protocol: 10 known + 5 unknown R1 + 5 unknown R2 + 5 unknown R3
LoRa split: IQ_1-6 train | IQ_7 validation | IQ_8-10 held-out evaluation
Old-class prototype bonus beta: 0.0
Incremental dual-view consistency weight: 0.0
Cross-day feature domain alignment weight: 0.0
Pseudo-label cluster reliability weighting: False (floor=0.2)
Closed-set training loss: CE + 0.1 * SupCon(T=0.2)
Sample-level protocol: 60% backbone train + 10% validation + 30% held-out evaluation
Fusion: fixed alpha | alpha=0.7
No-drop consolidation (ablation): rounds=5, threshold=0.78, coverage=100%
MV-ACC: mcs_ratio=0.045, min_samples=5, merge_th=0.74, sub_prototypes=5, split_factor=1.75, split_sil=0.3, coverage=100%, strict_alignment=Hungarian

[Splits]
Day1 known train IQ_1-6 train: (1680, 2, 1024), classes=10, labels=0-9
Initial eval 30%:     (840, 2, 1024), classes=10, labels=0-9, day=Day 1
Unknown R1 IQ_1-7 discovery: (980, 2, 1024), classes=5, labels=10-14, day=Day 2
After R1 IQ_8-10 eval: (1260, 2, 1024), classes=15, labels=0-14, day=Day 2
Unknown R2 IQ_1-7 discovery: (980, 2, 1024), classes=5, labels=15-19, day=Day 3
After R2 IQ_8-10 eval: (1680, 2, 1024), classes=20, labels=0-19, day=Day 3
Unknown R3 IQ_1-7 discovery: (980, 2, 1024), classes=5, labels=20-24, day=Day 4
After R3 IQ_8-10 eval: (2100, 2, 1024), classes=25, labels=0-24, day=Day 4

[Train-v2] classes=10 | train=1680 | validation=280 | validation_fraction=0.142857
[Train-v2] RF augmentation=True | SupCon projection=64
Epoch 001/020 | train_loss=2.9381 | train_acc=0.1016 | val_acc=0.0929 | val_loss=2.3062
Epoch 002/020 | train_loss=2.7523 | train_acc=0.1899 | val_acc=0.2286 | val_loss=2.0258
Epoch 003/020 | train_loss=2.3978 | train_acc=0.2656 | val_acc=0.1179 | val_loss=1.9943
Epoch 004/020 | train_loss=2.3353 | train_acc=0.2488 | val_acc=0.1286 | val_loss=1.9953
Epoch 005/020 | train_loss=2.0960 | train_acc=0.3486 | val_acc=0.3643 | val_loss=1.5407
Epoch 006/020 | train_loss=1.9504 | train_acc=0.4153 | val_acc=0.4679 | val_loss=1.4658
Epoch 007/020 | train_loss=1.8889 | train_acc=0.4111 | val_acc=0.3786 | val_loss=1.4799
Epoch 008/020 | train_loss=1.8602 | train_acc=0.4333 | val_acc=0.3607 | val_loss=1.5724
Epoch 009/020 | train_loss=1.6965 | train_acc=0.5355 | val_acc=0.3464 | val_loss=1.4714
Epoch 010/020 | train_loss=1.6097 | train_acc=0.5174 | val_acc=0.4107 | val_loss=1.2999
Epoch 011/020 | train_loss=1.5206 | train_acc=0.5607 | val_acc=0.5643 | val_loss=1.1798
Epoch 012/020 | train_loss=1.4961 | train_acc=0.5679 | val_acc=0.4214 | val_loss=1.7139
Epoch 013/020 | train_loss=1.4400 | train_acc=0.5697 | val_acc=0.3750 | val_loss=1.4607
Epoch 014/020 | train_loss=1.3760 | train_acc=0.6292 | val_acc=0.2786 | val_loss=1.9018
Epoch 015/020 | train_loss=1.3188 | train_acc=0.6292 | val_acc=0.5393 | val_loss=1.1094
Epoch 016/020 | train_loss=1.2873 | train_acc=0.6298 | val_acc=0.4821 | val_loss=1.2145
Epoch 017/020 | train_loss=1.2684 | train_acc=0.6502 | val_acc=0.3786 | val_loss=1.4904
Epoch 018/020 | train_loss=1.2225 | train_acc=0.6689 | val_acc=0.4679 | val_loss=1.2164
Epoch 019/020 | train_loss=1.2164 | train_acc=0.6556 | val_acc=0.3929 | val_loss=1.4307
Epoch 020/020 | train_loss=1.2315 | train_acc=0.6460 | val_acc=0.4643 | val_loss=1.2599
[Train-v2] best_val_acc=0.5643 | best_val_loss=1.1798 | saved=results/stage48/lora_s28_rec065_seed7_46124799/closedset_lora25_lora_chirp_10known.pth
[Load] checkpoint=results/stage48/lora_s28_rec065_seed7_46124799/closedset_lora25_lora_chirp_10known.pth

[Extract] Deep embeddings
[CF-LCG] view=all24_base | purity=0.359 | gate_open=False
[CF-LCG] global binary gate closed; Local CF-LCG remains sample-adaptive.
[MV-ACC calibration] Day1 validation only: ratio=0.03, merge_threshold=0.74

[MV-ACC-CIL] End-to-end pseudo-label class-incremental learning

========== Table 1: Unknown Discovery / Clustering Results ==========
              Method Round Discovery Day  True New Classes  Samples  Initial Cluster Count  Final Cluster Count  Cluster Count Error  Over-clustering Ratio  Assignment Coverage  Noise Points  Clusters  Noise      NMI      ARI   Purity  Hungarian Acc        Discovery Backend Discovery Feature Adapter                          GPCC Backend  GPCC Target Clusters GPCC Selected Candidate                                                                                                                                                                                                                                                                                                                                                                                                                                                                                                                                                 GPCC Candidate Scores  GPCC Silhouette  GPCC Prototype Margin Mean  GPCC Silhouette Confidence Mean  GPCC Confidence Mean  GPCC Confidence Min  GPCC Cluster Stability  GPCC Cluster Size CV  GPCC Uses HDBSCAN                    Recording-Consensus Backend  Recording-Consensus Groups  Recording-Consensus Threshold  Recording-Consensus Accepted Groups  Recording-Consensus Changed Samples  Recording-Consensus Mean Consistency  Recording-Consensus Min Consistency       Cross-Day Adapter  Cross-Day Epochs  Cross-Day Batch Size  Cross-Day LR  Cross-Day Consistency Weight  Cross-Day CORAL Weight  Cross-Day Known Samples  Cross-Day Discovery Samples  Cross-Day Final Total  Cross-Day Final CE  Cross-Day Final Consistency  Cross-Day Final CORAL                    LoRa SSL Adapter  LoRa SSL Epochs  LoRa SSL Batch Size  LoRa SSL LR  LoRa SSL CE Weight  LoRa SSL Instance Weight  LoRa SSL Teacher Weight  LoRa SSL Temperature  LoRa SSL Known Samples  LoRa SSL Discovery Samples  LoRa SSL Final Total  LoRa SSL Final CE  LoRa SSL Final Instance  LoRa SSL Final Teacher
MV-ACC-CIL discovery    R1         Day 2                 5      980                      5                    5                    0                    1.0                  1.0             0         5    0.0 0.412860 0.358687 0.583673       0.583673 Recording-Consensus-GPCC                      none graph_prototype_controlled_clustering                     5            kmeans_joint {'kmeans_joint': {'score': 0.5461705534511303, 'silhouette': 0.20878398418426514, 'balance': 0.9066968107489222, 'stability': 1.0, 'cluster_size_cv': 0.10290450803947392}, 'kmeans_graph': {'score': 0.3689501072133608, 'silhouette': 0.14900198578834534, 'balance': 0.7914185736306655, 'stability': 0.5148612012145509, 'cluster_size_cv': 0.2635538681035228}, 'agglomerative_joint': {'score': 0.4580500477903222, 'silhouette': 0.21691597998142242, 'balance': 0.7418301152150341, 'stability': 0.7615209430301323, 'cluster_size_cv': 0.34801753055028006}}         0.208784                    0.298453                         0.604392              0.414314             0.053506                     1.0              0.102905              False symbol_gpcc_with_selective_recording_consensus                          35                           0.65                                   19                                   87                              0.694898                             0.392857 train_consistency_coral                 2                    96       0.00001                           0.5                    0.05                     1680                          980               0.953097            0.937536                     0.001550               0.295720 instance_contrastive_teacher_anchor                3                   96      0.00001                 1.0                       0.5                      0.2                   0.2                    1680                         980              2.961689           0.933776                 4.055266                0.001398
MV-ACC-CIL discovery    R2         Day 3                 5      980                      5                    5                    0                    1.0                  1.0             0         5    0.0 0.403857 0.327137 0.531633       0.531633 Recording-Consensus-GPCC                      none graph_prototype_controlled_clustering                     5            kmeans_joint {'kmeans_joint': {'score': 0.5408316262732097, 'silhouette': 0.209613636136055, 'balance': 0.8777206319918971, 'stability': 1.0, 'cluster_size_cv': 0.13931467889800242}, 'kmeans_graph': {'score': 0.30840336887610975, 'silhouette': 0.12338120490312576, 'balance': 0.6752930455713285, 'stability': 0.42194038826049957, 'cluster_size_cv': 0.4808385878666271}, 'agglomerative_joint': {'score': 0.4283688215175212, 'silhouette': 0.18023522198200226, 'balance': 0.7636178381181354, 'stability': 0.7060635272151714, 'cluster_size_cv': 0.30955557882776313}}         0.209614                    0.307898                         0.604807              0.421164             0.050800                     1.0              0.139315              False symbol_gpcc_with_selective_recording_consensus                          35                           0.65                                   18                                   91                              0.673469                             0.321429 train_consistency_coral                 2                    96       0.00001                           0.5                    0.05                     1680                          980               1.163441            1.152847                     0.000511               0.206777 instance_contrastive_teacher_anchor                3                   96      0.00001                 1.0                       0.5                      0.2                   0.2                    1680                         980              2.981145           1.152379                 3.657224                0.000769
MV-ACC-CIL discovery    R3         Day 4                 5      980                      5                    5                    0                    1.0                  1.0             0         5    0.0 0.552340 0.452097 0.602041       0.577551 Recording-Consensus-GPCC                      none graph_prototype_controlled_clustering                     5            kmeans_joint {'kmeans_joint': {'score': 0.5512078417501083, 'silhouette': 0.2583506107330322, 'balance': 0.7955750292347024, 'stability': 1.0, 'cluster_size_cv': 0.25695247242983815}, 'kmeans_graph': {'score': 0.3574463176772269, 'silhouette': 0.18332406878471375, 'balance': 0.7651672808079413, 'stability': 0.41433849473618434, 'cluster_size_cv': 0.3069037648134908}, 'agglomerative_joint': {'score': 0.4697487505413783, 'silhouette': 0.24864794313907623, 'balance': 0.7312220569734854, 'stability': 0.7469918816807571, 'cluster_size_cv': 0.36757362618269684}}         0.258351                    0.356418                         0.629175              0.463200             0.043903                     1.0              0.256952              False symbol_gpcc_with_selective_recording_consensus                          35                           0.65                                   23                                  103                              0.765306                             0.428571 train_consistency_coral                 2                    96       0.00001                           0.5                    0.05                     1680                          980               1.443406            1.438911                     0.000554               0.084348 instance_contrastive_teacher_anchor                3                   96      0.00001                 1.0                       0.5                      0.2                   0.2                    1680                         980              2.959710           1.344974                 3.229169                0.000757
Saved: results/stage48/lora_s28_rec065_seed7_46124799/clustering_results.csv

========== Table 2: Incremental Recognition Results ==========
    Method    Stage Eval Day              Eval Split  Seen Classes True New Classes Discovered Clusters Enrolled Clusters  Eval Samples  Overall Acc  Old Acc  New Acc  Initial Known Acc  Forgetting Rate  Macro F1
MV-ACC-CIL  Initial    Day 1 day1_eval_initial_30pct            10                -                   -                 -           840     0.526190 0.526190      NaN           0.526190         0.000000  0.499423
MV-ACC-CIL After R1    Day 2   eval_r1_30pct_15_seen            15                5                   5                 5          1260     0.300000 0.350000 0.200000           0.350000         0.176190  0.276120
MV-ACC-CIL After R2    Day 3   eval_r2_30pct_20_seen            20                5                   5                 5          1680     0.308929 0.330952 0.242857           0.451190         0.075000  0.285252
MV-ACC-CIL After R3    Day 4   eval_r3_30pct_25_seen            25                5                   5                 5          2100     0.280952 0.222024 0.516667           0.353571         0.172619  0.231672
Saved: results/stage48/lora_s28_rec065_seed7_46124799/incremental_results.csv

========== Table 3: Per-Round Summary Results ==========
    Method Round  Cluster Count  Incremental Pseudo-label Classes  Cluster Count Error  Sample Coverage   Purity      NMI      ARI  Hungarian Acc  Overall Acc  New Acc  Forgetting Rate
MV-ACC-CIL    R1              5                                 5                    0         1.000000 0.583673 0.412860 0.358687       0.583673     0.300000 0.200000         0.176190
MV-ACC-CIL    R2              5                                 5                    0         1.000000 0.531633 0.403857 0.327137       0.531633     0.308929 0.242857         0.075000
MV-ACC-CIL    R3              5                                 5                    0         1.000000 0.602041 0.552340 0.452097       0.577551     0.280952 0.516667         0.172619
Saved: results/stage48/lora_s28_rec065_seed7_46124799/per_round_summary_results.csv

========== LoRa25 Different Days Indoor 10-Known 3-Round Incremental Experiment ==========
Dataset: results/stage46/lora25_diffdays_indoor_raw1024_s28_46103936.npz
Save dir: results/stage48/lora_s28_rec065_seed13_46124799
Device: cuda
Protocol: 10 known + 5 unknown R1 + 5 unknown R2 + 5 unknown R3
LoRa split: IQ_1-6 train | IQ_7 validation | IQ_8-10 held-out evaluation
Old-class prototype bonus beta: 0.0
Incremental dual-view consistency weight: 0.0
Cross-day feature domain alignment weight: 0.0
Pseudo-label cluster reliability weighting: False (floor=0.2)
Closed-set training loss: CE + 0.1 * SupCon(T=0.2)
Sample-level protocol: 60% backbone train + 10% validation + 30% held-out evaluation
Fusion: fixed alpha | alpha=0.7
No-drop consolidation (ablation): rounds=5, threshold=0.78, coverage=100%
MV-ACC: mcs_ratio=0.045, min_samples=5, merge_th=0.74, sub_prototypes=5, split_factor=1.75, split_sil=0.3, coverage=100%, strict_alignment=Hungarian

[Splits]
Day1 known train IQ_1-6 train: (1680, 2, 1024), classes=10, labels=0-9
Initial eval 30%:     (840, 2, 1024), classes=10, labels=0-9, day=Day 1
Unknown R1 IQ_1-7 discovery: (980, 2, 1024), classes=5, labels=10-14, day=Day 2
After R1 IQ_8-10 eval: (1260, 2, 1024), classes=15, labels=0-14, day=Day 2
Unknown R2 IQ_1-7 discovery: (980, 2, 1024), classes=5, labels=15-19, day=Day 3
After R2 IQ_8-10 eval: (1680, 2, 1024), classes=20, labels=0-19, day=Day 3
Unknown R3 IQ_1-7 discovery: (980, 2, 1024), classes=5, labels=20-24, day=Day 4
After R3 IQ_8-10 eval: (2100, 2, 1024), classes=25, labels=0-24, day=Day 4

[Train-v2] classes=10 | train=1680 | validation=280 | validation_fraction=0.142857
[Train-v2] RF augmentation=True | SupCon projection=64
Epoch 001/020 | train_loss=2.9770 | train_acc=0.1040 | val_acc=0.1036 | val_loss=2.3540
Epoch 002/020 | train_loss=2.8079 | train_acc=0.1671 | val_acc=0.2429 | val_loss=2.1567
Epoch 003/020 | train_loss=2.5451 | train_acc=0.2194 | val_acc=0.1964 | val_loss=1.8466
Epoch 004/020 | train_loss=2.2313 | train_acc=0.2939 | val_acc=0.2607 | val_loss=1.7146
Epoch 005/020 | train_loss=2.1036 | train_acc=0.3293 | val_acc=0.1000 | val_loss=3.6095
Epoch 006/020 | train_loss=2.0676 | train_acc=0.3936 | val_acc=0.3143 | val_loss=1.6131
Epoch 007/020 | train_loss=1.9302 | train_acc=0.4339 | val_acc=0.2714 | val_loss=2.0446
Epoch 008/020 | train_loss=1.7795 | train_acc=0.5108 | val_acc=0.2893 | val_loss=1.7818
Epoch 009/020 | train_loss=1.7739 | train_acc=0.5006 | val_acc=0.3107 | val_loss=1.6314
Epoch 010/020 | train_loss=1.6670 | train_acc=0.5361 | val_acc=0.4964 | val_loss=1.3376
Epoch 011/020 | train_loss=1.6677 | train_acc=0.5252 | val_acc=0.4321 | val_loss=1.3814
Epoch 012/020 | train_loss=1.5265 | train_acc=0.5805 | val_acc=0.3179 | val_loss=1.8059
Epoch 013/020 | train_loss=1.4660 | train_acc=0.6070 | val_acc=0.4357 | val_loss=1.2560
Epoch 014/020 | train_loss=1.4747 | train_acc=0.5745 | val_acc=0.4429 | val_loss=1.2581
Epoch 015/020 | train_loss=1.4636 | train_acc=0.5679 | val_acc=0.1143 | val_loss=3.5597
Epoch 016/020 | train_loss=1.3827 | train_acc=0.6124 | val_acc=0.5607 | val_loss=1.1286
Epoch 017/020 | train_loss=1.3985 | train_acc=0.6046 | val_acc=0.4679 | val_loss=1.3348
Epoch 018/020 | train_loss=1.3261 | train_acc=0.6238 | val_acc=0.4643 | val_loss=1.2983
Epoch 019/020 | train_loss=1.2297 | train_acc=0.6725 | val_acc=0.5607 | val_loss=1.1043
Epoch 020/020 | train_loss=1.2651 | train_acc=0.6454 | val_acc=0.5536 | val_loss=1.1744
[Train-v2] best_val_acc=0.5607 | best_val_loss=1.1043 | saved=results/stage48/lora_s28_rec065_seed13_46124799/closedset_lora25_lora_chirp_10known.pth
[Load] checkpoint=results/stage48/lora_s28_rec065_seed13_46124799/closedset_lora25_lora_chirp_10known.pth

[Extract] Deep embeddings
[CF-LCG] view=all24_base | purity=0.359 | gate_open=False
[CF-LCG] global binary gate closed; Local CF-LCG remains sample-adaptive.
[MV-ACC calibration] Day1 validation only: ratio=0.03, merge_threshold=0.74

[MV-ACC-CIL] End-to-end pseudo-label class-incremental learning

========== Table 1: Unknown Discovery / Clustering Results ==========
              Method Round Discovery Day  True New Classes  Samples  Initial Cluster Count  Final Cluster Count  Cluster Count Error  Over-clustering Ratio  Assignment Coverage  Noise Points  Clusters  Noise      NMI      ARI   Purity  Hungarian Acc        Discovery Backend Discovery Feature Adapter                          GPCC Backend  GPCC Target Clusters GPCC Selected Candidate                                                                                                                                                                                                                                                                                                                                                                                                                                                                                                                                                  GPCC Candidate Scores  GPCC Silhouette  GPCC Prototype Margin Mean  GPCC Silhouette Confidence Mean  GPCC Confidence Mean  GPCC Confidence Min  GPCC Cluster Stability  GPCC Cluster Size CV  GPCC Uses HDBSCAN                    Recording-Consensus Backend  Recording-Consensus Groups  Recording-Consensus Threshold  Recording-Consensus Accepted Groups  Recording-Consensus Changed Samples  Recording-Consensus Mean Consistency  Recording-Consensus Min Consistency       Cross-Day Adapter  Cross-Day Epochs  Cross-Day Batch Size  Cross-Day LR  Cross-Day Consistency Weight  Cross-Day CORAL Weight  Cross-Day Known Samples  Cross-Day Discovery Samples  Cross-Day Final Total  Cross-Day Final CE  Cross-Day Final Consistency  Cross-Day Final CORAL                    LoRa SSL Adapter  LoRa SSL Epochs  LoRa SSL Batch Size  LoRa SSL LR  LoRa SSL CE Weight  LoRa SSL Instance Weight  LoRa SSL Teacher Weight  LoRa SSL Temperature  LoRa SSL Known Samples  LoRa SSL Discovery Samples  LoRa SSL Final Total  LoRa SSL Final CE  LoRa SSL Final Instance  LoRa SSL Final Teacher
MV-ACC-CIL discovery    R1         Day 2                 5      980                      5                    5                    0                    1.0                  1.0             0         5    0.0 0.412305 0.355723 0.541837       0.541837 Recording-Consensus-GPCC                      none graph_prototype_controlled_clustering                     5            kmeans_joint {'kmeans_joint': {'score': 0.5280537750531167, 'silhouette': 0.2295253872871399, 'balance': 0.759074060225949, 'stability': 1.0, 'cluster_size_cv': 0.31739451049392453}, 'kmeans_graph': {'score': 0.24250353258666965, 'silhouette': 0.12826195359230042, 'balance': 0.5621367978664057, 'stability': 0.23812839415049306, 'cluster_size_cv': 0.7789264175473077}, 'agglomerative_joint': {'score': 0.46110429982751044, 'silhouette': 0.22860518097877502, 'balance': 0.7255268870949576, 'stability': 0.7610642914807705, 'cluster_size_cv': 0.37830867165246646}}         0.229525                    0.330654                         0.614763              0.441331             0.038422                     1.0              0.317395              False symbol_gpcc_with_selective_recording_consensus                          35                           0.65                                   22                                  101                              0.744898                             0.392857 train_consistency_coral                 2                    96       0.00001                           0.5                    0.05                     1680                          980               0.721570            0.708786                     0.001743               0.238249 instance_contrastive_teacher_anchor                3                   96      0.00001                 1.0                       0.5                      0.2                   0.2                    1680                         980              2.599802           0.720877                 3.757138                0.001779
MV-ACC-CIL discovery    R2         Day 3                 5      980                      5                    5                    0                    1.0                  1.0             0         5    0.0 0.402350 0.350146 0.557143       0.554082 Recording-Consensus-GPCC                      none graph_prototype_controlled_clustering                     5            kmeans_joint {'kmeans_joint': {'score': 0.5258502041572202, 'silhouette': 0.19893650710582733, 'balance': 0.8321756262450756, 'stability': 1.0, 'cluster_size_cv': 0.20166941744277936}, 'kmeans_graph': {'score': 0.32220485086853723, 'silhouette': 0.14595171809196472, 'balance': 0.7217999967754495, 'stability': 0.3902856262514669, 'cluster_size_cv': 0.3854253317641645}, 'agglomerative_joint': {'score': 0.4023709043387709, 'silhouette': 0.18561972677707672, 'balance': 0.7508472406184742, 'stability': 0.6004424259507354, 'cluster_size_cv': 0.33182882736080666}}         0.198937                    0.292878                         0.599468              0.407920             0.058234                     1.0              0.201669              False symbol_gpcc_with_selective_recording_consensus                          35                           0.65                                   21                                  102                              0.698980                             0.321429 train_consistency_coral                 2                    96       0.00001                           0.5                    0.05                     1680                          980               1.004339            0.993896                     0.000954               0.199326 instance_contrastive_teacher_anchor                3                   96      0.00001                 1.0                       0.5                      0.2                   0.2                    1680                         980              2.650811           0.957295                 3.386644                0.000972
MV-ACC-CIL discovery    R3         Day 4                 5      980                      5                    5                    0                    1.0                  1.0             0         5    0.0 0.568855 0.473557 0.680612       0.673469 Recording-Consensus-GPCC                      none graph_prototype_controlled_clustering                     5            kmeans_joint   {'kmeans_joint': {'score': 0.5500028022883506, 'silhouette': 0.24866952002048492, 'balance': 0.8161728313854195, 'stability': 1.0, 'cluster_size_cv': 0.22523068833661303}, 'kmeans_graph': {'score': 0.3756002780855977, 'silhouette': 0.18793833255767822, 'balance': 0.6829032974964976, 'stability': 0.5426141427183008, 'cluster_size_cv': 0.4643361712646127}, 'agglomerative_joint': {'score': 0.4522769241567667, 'silhouette': 0.23781651258468628, 'balance': 0.7458194056921498, 'stability': 0.689255844387037, 'cluster_size_cv': 0.34080716104719827}}         0.248670                    0.341523                         0.624335              0.450417             0.052559                     1.0              0.225231              False symbol_gpcc_with_selective_recording_consensus                          35                           0.65                                   22                                  100                              0.780612                             0.535714 train_consistency_coral                 2                    96       0.00001                           0.5                    0.05                     1680                          980               1.305743            1.301908                     0.000560               0.071095 instance_contrastive_teacher_anchor                3                   96      0.00001                 1.0                       0.5                      0.2                   0.2                    1680                         980              2.789950           1.127398                 3.324724                0.000947
Saved: results/stage48/lora_s28_rec065_seed13_46124799/clustering_results.csv

========== Table 2: Incremental Recognition Results ==========
    Method    Stage Eval Day              Eval Split  Seen Classes True New Classes Discovered Clusters Enrolled Clusters  Eval Samples  Overall Acc  Old Acc  New Acc  Initial Known Acc  Forgetting Rate  Macro F1
MV-ACC-CIL  Initial    Day 1 day1_eval_initial_30pct            10                -                   -                 -           840     0.561905 0.561905      NaN           0.561905         0.000000  0.491782
MV-ACC-CIL After R1    Day 2   eval_r1_30pct_15_seen            15                5                   5                 5          1260     0.277778 0.285714 0.261905           0.285714         0.276190  0.233969
MV-ACC-CIL After R2    Day 3   eval_r2_30pct_20_seen            20                5                   5                 5          1680     0.352381 0.369841 0.300000           0.525000         0.036905  0.319875
MV-ACC-CIL After R3    Day 4   eval_r3_30pct_25_seen            25                5                   5                 5          2100     0.294762 0.246429 0.488095           0.395238         0.166667  0.246358
Saved: results/stage48/lora_s28_rec065_seed13_46124799/incremental_results.csv

========== Table 3: Per-Round Summary Results ==========
    Method Round  Cluster Count  Incremental Pseudo-label Classes  Cluster Count Error  Sample Coverage   Purity      NMI      ARI  Hungarian Acc  Overall Acc  New Acc  Forgetting Rate
MV-ACC-CIL    R1              5                                 5                    0         1.000000 0.541837 0.412305 0.355723       0.541837     0.277778 0.261905         0.276190
MV-ACC-CIL    R2              5                                 5                    0         1.000000 0.557143 0.402350 0.350146       0.554082     0.352381 0.300000         0.036905
MV-ACC-CIL    R3              5                                 5                    0         1.000000 0.680612 0.568855 0.473557       0.673469     0.294762 0.488095         0.166667
Saved: results/stage48/lora_s28_rec065_seed13_46124799/per_round_summary_results.csv

========== LoRa25 Different Days Indoor 10-Known 3-Round Incremental Experiment ==========
Dataset: results/stage46/lora25_diffdays_indoor_raw1024_s28_46103936.npz
Save dir: results/stage48/lora_s28_rec065_seed31_46124799
Device: cuda
Protocol: 10 known + 5 unknown R1 + 5 unknown R2 + 5 unknown R3
LoRa split: IQ_1-6 train | IQ_7 validation | IQ_8-10 held-out evaluation
Old-class prototype bonus beta: 0.0
Incremental dual-view consistency weight: 0.0
Cross-day feature domain alignment weight: 0.0
Pseudo-label cluster reliability weighting: False (floor=0.2)
Closed-set training loss: CE + 0.1 * SupCon(T=0.2)
Sample-level protocol: 60% backbone train + 10% validation + 30% held-out evaluation
Fusion: fixed alpha | alpha=0.7
No-drop consolidation (ablation): rounds=5, threshold=0.78, coverage=100%
MV-ACC: mcs_ratio=0.045, min_samples=5, merge_th=0.74, sub_prototypes=5, split_factor=1.75, split_sil=0.3, coverage=100%, strict_alignment=Hungarian

[Splits]
Day1 known train IQ_1-6 train: (1680, 2, 1024), classes=10, labels=0-9
Initial eval 30%:     (840, 2, 1024), classes=10, labels=0-9, day=Day 1
Unknown R1 IQ_1-7 discovery: (980, 2, 1024), classes=5, labels=10-14, day=Day 2
After R1 IQ_8-10 eval: (1260, 2, 1024), classes=15, labels=0-14, day=Day 2
Unknown R2 IQ_1-7 discovery: (980, 2, 1024), classes=5, labels=15-19, day=Day 3
After R2 IQ_8-10 eval: (1680, 2, 1024), classes=20, labels=0-19, day=Day 3
Unknown R3 IQ_1-7 discovery: (980, 2, 1024), classes=5, labels=20-24, day=Day 4
After R3 IQ_8-10 eval: (2100, 2, 1024), classes=25, labels=0-24, day=Day 4

[Train-v2] classes=10 | train=1680 | validation=280 | validation_fraction=0.142857
[Train-v2] RF augmentation=True | SupCon projection=64
Epoch 001/020 | train_loss=2.9185 | train_acc=0.1196 | val_acc=0.1857 | val_loss=2.3182
Epoch 002/020 | train_loss=2.7339 | train_acc=0.1965 | val_acc=0.1071 | val_loss=2.3811
Epoch 003/020 | train_loss=2.5740 | train_acc=0.2157 | val_acc=0.1786 | val_loss=2.0429
Epoch 004/020 | train_loss=2.2645 | train_acc=0.3185 | val_acc=0.1714 | val_loss=1.8935
Epoch 005/020 | train_loss=2.0308 | train_acc=0.4219 | val_acc=0.2107 | val_loss=2.0628
Epoch 006/020 | train_loss=1.9417 | train_acc=0.4309 | val_acc=0.3000 | val_loss=1.7893
Epoch 007/020 | train_loss=1.8508 | train_acc=0.4591 | val_acc=0.0964 | val_loss=2.5815
Epoch 008/020 | train_loss=1.8526 | train_acc=0.4609 | val_acc=0.2000 | val_loss=2.5419
Epoch 009/020 | train_loss=1.7383 | train_acc=0.5198 | val_acc=0.3714 | val_loss=1.4125
Epoch 010/020 | train_loss=1.6660 | train_acc=0.5337 | val_acc=0.4000 | val_loss=1.4452
Epoch 011/020 | train_loss=1.5385 | train_acc=0.5817 | val_acc=0.3214 | val_loss=1.4497
Epoch 012/020 | train_loss=1.4747 | train_acc=0.5925 | val_acc=0.2893 | val_loss=1.7874
Epoch 013/020 | train_loss=1.4196 | train_acc=0.5974 | val_acc=0.2893 | val_loss=1.8957
Epoch 014/020 | train_loss=1.4988 | train_acc=0.5745 | val_acc=0.3929 | val_loss=1.8113
Epoch 015/020 | train_loss=1.4205 | train_acc=0.6064 | val_acc=0.4857 | val_loss=1.2190
Epoch 016/020 | train_loss=1.3547 | train_acc=0.6052 | val_acc=0.5214 | val_loss=1.0499
Epoch 017/020 | train_loss=1.3161 | train_acc=0.6148 | val_acc=0.5071 | val_loss=1.2118
Epoch 018/020 | train_loss=1.2484 | train_acc=0.6400 | val_acc=0.6714 | val_loss=0.9494
Epoch 019/020 | train_loss=1.1835 | train_acc=0.6821 | val_acc=0.3107 | val_loss=1.8970
Epoch 020/020 | train_loss=1.2167 | train_acc=0.6502 | val_acc=0.4857 | val_loss=1.5693
[Train-v2] best_val_acc=0.6714 | best_val_loss=0.9494 | saved=results/stage48/lora_s28_rec065_seed31_46124799/closedset_lora25_lora_chirp_10known.pth
[Load] checkpoint=results/stage48/lora_s28_rec065_seed31_46124799/closedset_lora25_lora_chirp_10known.pth

[Extract] Deep embeddings
[CF-LCG] view=all24_base | purity=0.359 | gate_open=False
[CF-LCG] global binary gate closed; Local CF-LCG remains sample-adaptive.
[MV-ACC calibration] Day1 validation only: ratio=0.03, merge_threshold=0.74

[MV-ACC-CIL] End-to-end pseudo-label class-incremental learning

========== Table 1: Unknown Discovery / Clustering Results ==========
              Method Round Discovery Day  True New Classes  Samples  Initial Cluster Count  Final Cluster Count  Cluster Count Error  Over-clustering Ratio  Assignment Coverage  Noise Points  Clusters  Noise      NMI      ARI   Purity  Hungarian Acc        Discovery Backend Discovery Feature Adapter                          GPCC Backend  GPCC Target Clusters GPCC Selected Candidate                                                                                                                                                                                                                                                                                                                                                                                                                                                                                                                                                GPCC Candidate Scores  GPCC Silhouette  GPCC Prototype Margin Mean  GPCC Silhouette Confidence Mean  GPCC Confidence Mean  GPCC Confidence Min  GPCC Cluster Stability  GPCC Cluster Size CV  GPCC Uses HDBSCAN                    Recording-Consensus Backend  Recording-Consensus Groups  Recording-Consensus Threshold  Recording-Consensus Accepted Groups  Recording-Consensus Changed Samples  Recording-Consensus Mean Consistency  Recording-Consensus Min Consistency       Cross-Day Adapter  Cross-Day Epochs  Cross-Day Batch Size  Cross-Day LR  Cross-Day Consistency Weight  Cross-Day CORAL Weight  Cross-Day Known Samples  Cross-Day Discovery Samples  Cross-Day Final Total  Cross-Day Final CE  Cross-Day Final Consistency  Cross-Day Final CORAL                    LoRa SSL Adapter  LoRa SSL Epochs  LoRa SSL Batch Size  LoRa SSL LR  LoRa SSL CE Weight  LoRa SSL Instance Weight  LoRa SSL Teacher Weight  LoRa SSL Temperature  LoRa SSL Known Samples  LoRa SSL Discovery Samples  LoRa SSL Final Total  LoRa SSL Final CE  LoRa SSL Final Instance  LoRa SSL Final Teacher
MV-ACC-CIL discovery    R1         Day 2                 5      980                      5                    5                    0                    1.0                  1.0             0         5    0.0 0.513017 0.425613 0.600000       0.584694 Recording-Consensus-GPCC                      none graph_prototype_controlled_clustering                     5            kmeans_joint {'kmeans_joint': {'score': 0.5240552828690601, 'silhouette': 0.24391403794288635, 'balance': 0.6995128100023629, 'stability': 1.0, 'cluster_size_cv': 0.42956638634912503}, 'kmeans_graph': {'score': 0.29820458763061036, 'silhouette': 0.1404588520526886, 'balance': 0.691116470955477, 'stability': 0.3309156992421449, 'cluster_size_cv': 0.44693411606510786}, 'agglomerative_joint': {'score': 0.4875478571442554, 'silhouette': 0.23065263032913208, 'balance': 0.7014364053432911, 'stability': 0.8816065175782981, 'cluster_size_cv': 0.4256459921132672}}         0.243914                    0.345429                         0.621957              0.454510             0.025502                     1.0              0.429566              False symbol_gpcc_with_selective_recording_consensus                          35                           0.65                                   30                                  140                              0.789796                             0.392857 train_consistency_coral                 2                    96       0.00001                           0.5                    0.05                     1680                          980               0.743206            0.731027                     0.002289               0.220693 instance_contrastive_teacher_anchor                3                   96      0.00001                 1.0                       0.5                      0.2                   0.2                    1680                         980              2.523780           0.705172                 3.636371                0.002111
MV-ACC-CIL discovery    R2         Day 3                 5      980                      5                    5                    0                    1.0                  1.0             0         5    0.0 0.369370 0.286876 0.496939       0.494898 Recording-Consensus-GPCC                      none graph_prototype_controlled_clustering                     5            kmeans_joint    {'kmeans_joint': {'score': 0.5410593830660647, 'silhouette': 0.19439025223255157, 'balance': 0.9207237216908069, 'stability': 1.0, 'cluster_size_cv': 0.086102135137358}, 'kmeans_graph': {'score': 0.2847265686477124, 'silhouette': 0.1172371506690979, 'balance': 0.6369960297882584, 'stability': 0.3713877192882275, 'cluster_size_cv': 0.569868497190487}, 'agglomerative_joint': {'score': 0.37915888347050575, 'silhouette': 0.18517346680164337, 'balance': 0.7722100436855248, 'stability': 0.4914858719699877, 'cluster_size_cv': 0.2949844516749648}}         0.194390                    0.285176                         0.597195              0.401700             0.008843                     1.0              0.086102              False symbol_gpcc_with_selective_recording_consensus                          35                           0.65                                   18                                  101                              0.666327                             0.285714 train_consistency_coral                 2                    96       0.00001                           0.5                    0.05                     1680                          980               1.081414            1.071643                     0.000839               0.187027 instance_contrastive_teacher_anchor                3                   96      0.00001                 1.0                       0.5                      0.2                   0.2                    1680                         980              2.668707           0.999683                 3.337542                0.001263
MV-ACC-CIL discovery    R3         Day 4                 5      980                      5                    5                    0                    1.0                  1.0             0         5    0.0 0.559778 0.476219 0.670408       0.661224 Recording-Consensus-GPCC                      none graph_prototype_controlled_clustering                     5            kmeans_joint {'kmeans_joint': {'score': 0.5379467160948607, 'silhouette': 0.23199798166751862, 'balance': 0.801739130888627, 'stability': 1.0, 'cluster_size_cv': 0.24728850254773735}, 'kmeans_graph': {'score': 0.3042919001350165, 'silhouette': 0.16775116324424744, 'balance': 0.6041297065566708, 'stability': 0.36481127615738485, 'cluster_size_cv': 0.6552736757469718}, 'agglomerative_joint': {'score': 0.40655544442956004, 'silhouette': 0.20634770393371582, 'balance': 0.8024858675280492, 'stability': 0.530268135041626, 'cluster_size_cv': 0.2461278640088289}}         0.231998                    0.322962                         0.615999              0.433456             0.007994                     1.0              0.247289              False symbol_gpcc_with_selective_recording_consensus                          35                           0.65                                   22                                  119                              0.763265                             0.464286 train_consistency_coral                 2                    96       0.00001                           0.5                    0.05                     1680                          980               1.320612            1.316995                     0.000585               0.066497 instance_contrastive_teacher_anchor                3                   96      0.00001                 1.0                       0.5                      0.2                   0.2                    1680                         980              2.770890           1.183139                 3.175034                0.001171
Saved: results/stage48/lora_s28_rec065_seed31_46124799/clustering_results.csv

========== Table 2: Incremental Recognition Results ==========
    Method    Stage Eval Day              Eval Split  Seen Classes True New Classes Discovered Clusters Enrolled Clusters  Eval Samples  Overall Acc  Old Acc  New Acc  Initial Known Acc  Forgetting Rate  Macro F1
MV-ACC-CIL  Initial    Day 1 day1_eval_initial_30pct            10                -                   -                 -           840     0.560714 0.560714      NaN           0.560714         0.000000  0.533317
MV-ACC-CIL After R1    Day 2   eval_r1_30pct_15_seen            15                5                   5                 5          1260     0.252381 0.330952 0.095238           0.330952         0.229762  0.220088
MV-ACC-CIL After R2    Day 3   eval_r2_30pct_20_seen            20                5                   5                 5          1680     0.308333 0.346032 0.195238           0.489286         0.071429  0.281324
MV-ACC-CIL After R3    Day 4   eval_r3_30pct_25_seen            25                5                   5                 5          2100     0.265238 0.225000 0.426190           0.359524         0.201190  0.210758
Saved: results/stage48/lora_s28_rec065_seed31_46124799/incremental_results.csv

========== Table 3: Per-Round Summary Results ==========
    Method Round  Cluster Count  Incremental Pseudo-label Classes  Cluster Count Error  Sample Coverage   Purity      NMI      ARI  Hungarian Acc  Overall Acc  New Acc  Forgetting Rate
MV-ACC-CIL    R1              5                                 5                    0         1.000000 0.600000 0.513017 0.425613       0.584694     0.252381 0.095238         0.229762
MV-ACC-CIL    R2              5                                 5                    0         1.000000 0.496939 0.369370 0.286876       0.494898     0.308333 0.195238         0.071429
MV-ACC-CIL    R3              5                                 5                    0         1.000000 0.670408 0.559778 0.476219       0.661224     0.265238 0.426190         0.201190
Saved: results/stage48/lora_s28_rec065_seed31_46124799/per_round_summary_results.csv
