usage: exp_adsb_mvacc_cil_strict.py [-h] [--data_root DATA_ROOT]
                                    [--save_dir SAVE_DIR]
                                    [--checkpoint CHECKPOINT]
                                    [--train_closedset] [--epochs EPOCHS]
                                    [--batch_size BATCH_SIZE]
                                    [--test_batch_size TEST_BATCH_SIZE]
                                    [--lr LR] [--feat_dim FEAT_DIM]
                                    [--backbone {adsb_long,legacy}]
                                    [--use_supcon]
                                    [--supcon_weight SUPCON_WEIGHT]
                                    [--supcon_temperature SUPCON_TEMPERATURE]
                                    [--closedset_val_ratio CLOSEDSET_VAL_RATIO]
                                    [--projection_hidden_dim PROJECTION_HIDDEN_DIM]
                                    [--projection_dim PROJECTION_DIM]
                                    [--disable_rf_augmentation]
                                    [--disable_cflcg]
                                    [--cflcg_gate_threshold CFLCG_GATE_THRESHOLD]
                                    [--cflcg_local_k CFLCG_LOCAL_K]
                                    [--seed SEED]
                                    [--initial_known_classes INITIAL_KNOWN_CLASSES]
                                    [--round_size ROUND_SIZE]
                                    [--num_rounds NUM_ROUNDS]
                                    [--development_ratio DEVELOPMENT_RATIO]
                                    [--old_class_bonus OLD_CLASS_BONUS]
                                    [--disable_cil_baselines]
                                    [--cil_epochs CIL_EPOCHS]
                                    [--cil_batch_size CIL_BATCH_SIZE]
                                    [--cil_lr CIL_LR]
                                    [--cil_weight_decay CIL_WEIGHT_DECAY]
                                    [--cil_distill_weight CIL_DISTILL_WEIGHT]
                                    [--cil_distill_temperature CIL_DISTILL_TEMPERATURE]
                                    [--memory_per_class MEMORY_PER_CLASS]
                                    [--tpcil_smoothing TPCIL_SMOOTHING]
                                    [--cil_head_warmup_epochs CIL_HEAD_WARMUP_EPOCHS]
                                    [--cil_joint_epochs CIL_JOINT_EPOCHS]
                                    [--incremental_batch_size INCREMENTAL_BATCH_SIZE]
                                    [--cil_classifier_lr CIL_CLASSIFIER_LR]
                                    [--cil_backbone_lr CIL_BACKBONE_LR]
                                    [--cil_replay_weight CIL_REPLAY_WEIGHT]
                                    [--cil_kd_weight CIL_KD_WEIGHT]
                                    [--cil_temperature CIL_TEMPERATURE]
                                    [--cil_supcon_weight CIL_SUPCON_WEIGHT]
                                    [--cil_supcon_threshold CIL_SUPCON_THRESHOLD]
                                    [--radcil_old_new_batch_ratio RADCIL_OLD_NEW_BATCH_RATIO]
                                    [--radcil_prototype_anchor_weight RADCIL_PROTOTYPE_ANCHOR_WEIGHT]
                                    [--pseudo_weight_floor PSEUDO_WEIGHT_FLOOR]
                                    [--min_cluster_size MIN_CLUSTER_SIZE]
                                    [--min_samples MIN_SAMPLES]
                                    [--alpha ALPHA] [--top_k TOP_K]
                                    [--graph_dim GRAPH_DIM]
                                    [--adaptive_fusion]
                                    [--alpha_min ALPHA_MIN]
                                    [--alpha_max ALPHA_MAX]
                                    [--reliability_min_cluster_size RELIABILITY_MIN_CLUSTER_SIZE]
                                    [--reliability_min_prob RELIABILITY_MIN_PROB]
                                    [--reliability_threshold RELIABILITY_THRESHOLD]
                                    [--merge_threshold MERGE_THRESHOLD]
                                    [--no_mutual_nearest]
                                    [--iarc_secondary_min_cluster_size IARC_SECONDARY_MIN_CLUSTER_SIZE]
                                    [--iarc_secondary_min_samples IARC_SECONDARY_MIN_SAMPLES]
                                    [--iarc_min_secondary_size IARC_MIN_SECONDARY_SIZE]
                                    [--iarc_merge_threshold IARC_MERGE_THRESHOLD]
                                    [--iarc_new_threshold IARC_NEW_THRESHOLD]
                                    [--iarc_lambda_deep IARC_LAMBDA_DEEP]
                                    [--iarc_lambda_rf IARC_LAMBDA_RF]
                                    [--iarc_lambda_graph IARC_LAMBDA_GRAPH]
                                    [--iter_merge_threshold ITER_MERGE_THRESHOLD]
                                    [--iter_merge_lambda_deep ITER_MERGE_LAMBDA_DEEP]
                                    [--iter_merge_lambda_rf ITER_MERGE_LAMBDA_RF]
                                    [--iter_merge_lambda_graph ITER_MERGE_LAMBDA_GRAPH]
                                    [--nodrop_merge_rounds NODROP_MERGE_ROUNDS]
                                    [--nodrop_merge_threshold NODROP_MERGE_THRESHOLD]
                                    [--nodrop_assign_lambda_deep NODROP_ASSIGN_LAMBDA_DEEP]
                                    [--nodrop_assign_lambda_rf NODROP_ASSIGN_LAMBDA_RF]
                                    [--nodrop_assign_lambda_graph NODROP_ASSIGN_LAMBDA_GRAPH]
                                    [--mvacc_min_cluster_ratio MVACC_MIN_CLUSTER_RATIO]
                                    [--mvacc_min_samples MVACC_MIN_SAMPLES]
                                    [--mvacc_merge_rounds MVACC_MERGE_ROUNDS]
                                    [--mvacc_merge_threshold MVACC_MERGE_THRESHOLD]
                                    [--disable_mvacc_calibration]
                                    [--mvacc_calibration_ratios MVACC_CALIBRATION_RATIOS]
                                    [--mvacc_calibration_thresholds MVACC_CALIBRATION_THRESHOLDS]
                                    [--mvacc_lambda_deep MVACC_LAMBDA_DEEP]
                                    [--mvacc_lambda_rf MVACC_LAMBDA_RF]
                                    [--mvacc_lambda_graph MVACC_LAMBDA_GRAPH]
                                    [--mvacc_prototypes_per_class MVACC_PROTOTYPES_PER_CLASS]
                                    [--mvacc_split_rounds MVACC_SPLIT_ROUNDS]
                                    [--mvacc_split_size_factor MVACC_SPLIT_SIZE_FACTOR]
                                    [--mvacc_split_min_part_ratio MVACC_SPLIT_MIN_PART_RATIO]
                                    [--mvacc_split_silhouette MVACC_SPLIT_SILHOUETTE]
                                    [--enable_mvacc_target_split]
                                    [--mvacc_target_split_clusters MVACC_TARGET_SPLIT_CLUSTERS]
                                    [--mvacc_target_split_max_added MVACC_TARGET_SPLIT_MAX_ADDED]
                                    [--mvacc_target_split_silhouette MVACC_TARGET_SPLIT_SILHOUETTE]
                                    [--enable_mvacc_adaptive_density]
                                    [--mvacc_adaptive_candidate_ratio MVACC_ADAPTIVE_CANDIDATE_RATIO]
                                    [--mvacc_adaptive_max_added_clusters MVACC_ADAPTIVE_MAX_ADDED_CLUSTERS]
                                    [--mvacc_adaptive_min_silhouette_gain MVACC_ADAPTIVE_MIN_SILHOUETTE_GAIN]
                                    [--mvacc_adaptive_max_confidence_drop MVACC_ADAPTIVE_MAX_CONFIDENCE_DROP]
                                    [--mvacc_adaptive_max_cv_increase MVACC_ADAPTIVE_MAX_CV_INCREASE]
                                    [--mvacc_adaptive_max_small_fraction_increase MVACC_ADAPTIVE_MAX_SMALL_FRACTION_INCREASE]
                                    [--mvacc_adaptive_min_partition_agreement MVACC_ADAPTIVE_MIN_PARTITION_AGREEMENT]
                                    [--enable_visualization]
                                    [--disable_visualization]
                                    [--visualization_method {tsne,pca,umap,both}]
                                    [--save_detailed_visualizations]
exp_adsb_mvacc_cil_strict.py: error: unrecognized arguments: --discovery_only --discovery_backend mvacc
