
========== WiSig Cross-Day 10-Known 3-Round Incremental Experiment ==========
Dataset: D:\WiSigCustom\WiSig_CrossDay_40Tx_3Rx_4Day_300Sig_equalized.pkl
Save dir: C:\Users\123\PycharmProjects\OpenSet_Incremental_SEI\results\wisig_rx3_mvacc_cil_v2_seed7
Device: cuda
Protocol: 10 known + 10 unknown R1 + 10 unknown R2 + 10 unknown R3
Receiver setting: selected_rx_list=[2] | mode=single-Rx | physical receiver=third
Old-class prototype bonus beta: 0.0
Closed-set training loss: CE + 0.1 * SupCon(T=0.2)
Sample-level protocol: 60% backbone train + 10% validation + 30% held-out evaluation
Fusion: bounded edge-wise adaptive | alpha_min=0.65, alpha_max=0.95
No-drop consolidation (ablation): rounds=5, threshold=0.78, coverage=100%
MV-ACC: mcs_ratio=0.045, min_samples=5, merge_th=0.74, sub_prototypes=5, split_factor=1.75, split_sil=0.3, coverage=100%, strict_alignment=Hungarian

[Splits]
Day1 known train 70%: (2100, 2, 256), classes=10, labels=0-9
Initial eval 30%:     (900, 2, 256), classes=10, labels=0-9, day=2021_03_01
Unknown R1 70%:     (2100, 2, 256), classes=10, labels=10-19, day=2021_03_08
After R1 eval 30%:  (1800, 2, 256), classes=20, labels=0-19, day=2021_03_08
Unknown R2 70%:     (2100, 2, 256), classes=10, labels=20-29, day=2021_03_15
After R2 eval 30%:  (2700, 2, 256), classes=30, labels=0-29, day=2021_03_15
Unknown R3 70%:     (2100, 2, 256), classes=10, labels=30-39, day=2021_03_23
After R3 eval 30%:  (3600, 2, 256), classes=40, labels=0-39, day=2021_03_23
[Load] checkpoint=C:\Users\123\PycharmProjects\OpenSet_Incremental_SEI\results\wisig_rx3_mvacc_cil_seed7\closedset_rx3_day1_10known_cil.pth

[Extract] Deep embeddings
[CF-LCG] view=all24_base | purity=0.943 | gate_open=True
[MV-ACC calibration] Day1 validation only: ratio=0.045, merge_threshold=0.74

[MV-ACC-CIL] End-to-end pseudo-label class-incremental learning

========== Table 1: Unknown Discovery / Clustering Results ==========
              Method Round Discovery Day  True New Classes  Samples  Initial Cluster Count  Final Cluster Count  Cluster Count Error  Over-clustering Ratio  Clusters  Noise      NMI      ARI   Purity  Hungarian Acc           Fusion  Alpha Min  Alpha Max  Adaptive Weight Mean  Adaptive Weight Min  Adaptive Weight Max  Local RF Consistency Mean  Local RF Consistency Min  Iter Merge Rounds  Iter Merge Total Merges  Iter Merge Threshold  Noise Before Reassignment  Noise Reassigned  Assignment Coverage  Assignment Score Mean  Assignment Score Min  No-cluster Fallback  Adaptive Split Count  Adaptive Split Size Factor  Adaptive Split Silhouette Threshold  Adaptive Split Silhouette Mean  MVACC Min Cluster Size  MVACC Min Cluster Ratio  MVACC Min Samples
MV-ACC-CIL discovery    R1         Day 2                10     2100                      9                   10                    0                    1.0        10    0.0 0.907073 0.881726 0.938571       0.938571 bounded_adaptive       0.65       0.95              0.949753             0.730023                0.995                   0.272857                       0.1                 12                        0                  0.74                         14                14                  1.0               0.881814              0.725735                False                     1                        1.75                                  0.3                        0.471694                      94                    0.045                  5
MV-ACC-CIL discovery    R2         Day 3                10     2100                     10                   10                    0                    1.0        10    0.0 0.963298 0.960560 0.981905       0.981905 bounded_adaptive       0.65       0.95              0.942099             0.744896                0.995                   0.310143                       0.1                 12                        0                  0.74                         32                32                  1.0               0.709138              0.558618                False                     0                        1.75                                  0.3                             NaN                      94                    0.045                  5
MV-ACC-CIL discovery    R3         Day 4                10     2100                     10                   10                    0                    1.0        10    0.0 0.985231 0.987369 0.994286       0.994286 bounded_adaptive       0.65       0.95              0.936137             0.730023                0.995                   0.339393                       0.1                 12                        0                  0.74                          8                 8                  1.0               0.689564              0.560607                False                     0                        1.75                                  0.3                             NaN                      94                    0.045                  5
Saved: C:\Users\123\PycharmProjects\OpenSet_Incremental_SEI\results\wisig_rx3_mvacc_cil_v2_seed7\clustering_results.csv

========== Table 2: Incremental Recognition Results ==========
    Method    Stage   Eval Day              Eval Split  Seen Classes True New Classes Discovered Clusters Enrolled Clusters  Eval Samples  Overall Acc  Old Acc  New Acc  Initial Known Acc  Forgetting Rate  Macro F1
MV-ACC-CIL  Initial 2021_03_01 day1_eval_initial_30pct            10                -                   -                 -           900     0.997778 0.997778      NaN           0.997778         0.000000  0.997778
MV-ACC-CIL After R1 2021_03_08   eval_r1_30pct_20_seen            20               10                  10                10          1800     0.900556 0.872222 0.928889           0.872222         0.125556  0.894246
MV-ACC-CIL After R2 2021_03_15   eval_r2_30pct_30_seen            30               10                  10                10          2700     0.838889 0.793889 0.928889           0.688889         0.308889  0.824925
MV-ACC-CIL After R3 2021_03_23   eval_r3_30pct_40_seen            40               10                  10                10          3600     0.725000 0.639630 0.981111           0.670000         0.327778  0.688649
Saved: C:\Users\123\PycharmProjects\OpenSet_Incremental_SEI\results\wisig_rx3_mvacc_cil_v2_seed7\incremental_results.csv

========== Table 3: Per-Round Summary Results ==========
    Method Round  Cluster Count  Incremental Pseudo-label Classes  Cluster Count Error  Sample Coverage  Purity  NMI  ARI  Hungarian Acc  Overall Acc  New Acc  Forgetting Rate
MV-ACC-CIL    R1             10                                10                  NaN              NaN     NaN  NaN  NaN            NaN     0.900556 0.928889         0.125556
MV-ACC-CIL    R2             10                                10                  NaN              NaN     NaN  NaN  NaN            NaN     0.838889 0.928889         0.308889
MV-ACC-CIL    R3             10                                10                  NaN              NaN     NaN  NaN  NaN            NaN     0.725000 0.981111         0.327778
Saved: C:\Users\123\PycharmProjects\OpenSet_Incremental_SEI\results\wisig_rx3_mvacc_cil_v2_seed7\per_round_summary_results.csv
