WiSig iCaRL fallback 三种子计划：results/stage3/stage3_wisig_icarl_fallback_multiseed_plan_44771757.json
运行阶段 3 WiSig iCaRL fallback：seed=7, save_dir=results/stage3/wisig_icarl_fallback_multiseed_seed7_44771757

========== WiSig Cross-Day 10-Known 3-Round Incremental Experiment ==========
Dataset: 数据集/WiSig_CrossDay_40Tx_3Rx_4Day_300Sig_equalized.pkl
Save dir: results/stage3/wisig_icarl_fallback_multiseed_seed7_44771757
Device: cuda
Protocol: 10 known + 10 unknown R1 + 10 unknown R2 + 10 unknown R3
Receiver setting: selected_rx_list=[2] | mode=single-Rx | physical receiver=third
Old-class prototype bonus beta: 0.0
Closed-set training loss: CE + 0.1 * SupCon(T=0.2)
Sample-level protocol: 60% backbone train + 10% validation + 30% held-out evaluation
Fusion: fixed alpha | alpha=0.7
No-drop consolidation (ablation): rounds=5, threshold=0.78, coverage=100%
MV-ACC: mcs_ratio=0.045, min_samples=5, merge_th=0.74, sub_prototypes=5, split_factor=1.75, split_sil=0.3, coverage=100%, strict_alignment=Hungarian

[Splits]
Day1 known train 70%: (2100, 2, 256), classes=10, labels=0-9
Initial eval 30%:     (900, 2, 256), classes=10, labels=0-9, day=2021_03_01
Unknown R1 70%: (2100, 2, 256), classes=10, labels=10-19, day=2021_03_08
After R1 30%: (1800, 2, 256), classes=20, labels=0-19, day=2021_03_08
Unknown R2 70%: (2100, 2, 256), classes=10, labels=20-29, day=2021_03_15
After R2 30%: (2700, 2, 256), classes=30, labels=0-29, day=2021_03_15
Unknown R3 70%: (2100, 2, 256), classes=10, labels=30-39, day=2021_03_23
After R3 30%: (3600, 2, 256), classes=40, labels=0-39, day=2021_03_23

[Train-v2] classes=10 | train=1800 | validation=300 | validation_fraction=0.142857
[Train-v2] RF augmentation=True | SupCon projection=64
Epoch 001/020 | train_loss=2.3648 | train_acc=0.2790 | val_acc=0.3000 | val_loss=1.6929
Epoch 002/020 | train_loss=1.6322 | train_acc=0.5603 | val_acc=0.5800 | val_loss=0.8757
Epoch 003/020 | train_loss=1.1552 | train_acc=0.7143 | val_acc=0.4267 | val_loss=1.3721
Epoch 004/020 | train_loss=0.8552 | train_acc=0.8181 | val_acc=0.6467 | val_loss=0.6994
Epoch 005/020 | train_loss=0.6745 | train_acc=0.8862 | val_acc=0.8467 | val_loss=0.4360
Epoch 006/020 | train_loss=0.5604 | train_acc=0.9453 | val_acc=0.8900 | val_loss=0.2786
Epoch 007/020 | train_loss=0.4641 | train_acc=0.9794 | val_acc=0.9800 | val_loss=0.0891
Epoch 008/020 | train_loss=0.4012 | train_acc=0.9911 | val_acc=0.9967 | val_loss=0.0529
Epoch 009/020 | train_loss=0.3730 | train_acc=0.9978 | val_acc=0.8367 | val_loss=0.5897
Epoch 010/020 | train_loss=0.3694 | train_acc=0.9972 | val_acc=0.6300 | val_loss=1.0402
Epoch 011/020 | train_loss=0.3669 | train_acc=0.9933 | val_acc=0.9767 | val_loss=0.1069
Epoch 012/020 | train_loss=0.3438 | train_acc=0.9994 | val_acc=0.9933 | val_loss=0.0293
Epoch 013/020 | train_loss=0.3457 | train_acc=0.9983 | val_acc=1.0000 | val_loss=0.0081
Epoch 014/020 | train_loss=0.3420 | train_acc=0.9983 | val_acc=0.9967 | val_loss=0.0074
Epoch 015/020 | train_loss=0.3393 | train_acc=0.9983 | val_acc=0.9967 | val_loss=0.0095
Epoch 016/020 | train_loss=0.3360 | train_acc=0.9989 | val_acc=1.0000 | val_loss=0.0032
Epoch 017/020 | train_loss=0.3349 | train_acc=0.9994 | val_acc=1.0000 | val_loss=0.0035
Epoch 018/020 | train_loss=0.3322 | train_acc=1.0000 | val_acc=1.0000 | val_loss=0.0030
Epoch 019/020 | train_loss=0.3310 | train_acc=1.0000 | val_acc=1.0000 | val_loss=0.0054
Epoch 020/020 | train_loss=0.3305 | train_acc=1.0000 | val_acc=1.0000 | val_loss=0.0021
[Train-v2] best_val_acc=1.0000 | best_val_loss=0.0021 | saved=results/stage3/wisig_icarl_fallback_multiseed_seed7_44771757/closedset_rx2_day1_10known.pth
[Load] checkpoint=results/stage3/wisig_icarl_fallback_multiseed_seed7_44771757/closedset_rx2_day1_10known.pth

[Extract] Deep embeddings
[CF-LCG] view=all24_base | purity=0.921 | gate_open=True
[MV-ACC calibration] Day1 validation only: ratio=0.045, merge_threshold=0.74

[MV-ACC-CIL + iCaRL-fallback] End-to-end pseudo-label class-incremental learning
[iCaRL fallback calibration] stage=Initial | Day1 validation only | threshold=0.45
[iCaRL fallback calibration] stage=After R1 | Day1 validation only | old_class_count=10 | threshold=0.45
[iCaRL fallback calibration] stage=After R2 | Day1 validation only | old_class_count=20 | threshold=0.55
[iCaRL fallback calibration] stage=After R3 | Day1 validation only | old_class_count=30 | threshold=0.45

========== Table 1: Unknown Discovery / Clustering Results ==========
              Method Round Discovery Day  True New Classes  Samples  Initial Cluster Count  Final Cluster Count  Cluster Count Error  Over-clustering Ratio  Clusters  Noise      NMI      ARI   Purity  Hungarian Acc      Fusion  Alpha  Iter Merge Rounds  Iter Merge Total Merges  Iter Merge Threshold  Noise Before Reassignment  Noise Reassigned  Assignment Coverage  Assignment Score Mean  Assignment Score Min  No-cluster Fallback  Adaptive Split Count  Adaptive Split Size Factor  Adaptive Split Silhouette Threshold  Adaptive Split Silhouette Mean  MVACC Min Cluster Size  MVACC Min Cluster Ratio  MVACC Min Samples
MV-ACC-CIL discovery    R1         Day 2                10     2100                     10                   10                    0                    1.0        10    0.0 0.940787 0.930000 0.966667       0.966667 fixed_alpha    0.7                 12                        0                  0.74                         99                99                  1.0               0.847701              0.644402                False                     0                        1.75                                  0.3                             NaN                      94                    0.045                  5
MV-ACC-CIL discovery    R2         Day 3                10     2100                     10                   10                    0                    1.0        10    0.0 0.931148 0.885591 0.935238       0.935238 fixed_alpha    0.7                 12                        0                  0.74                         25                25                  1.0               0.853277              0.608057                False                     0                        1.75                                  0.3                             NaN                      94                    0.045                  5
MV-ACC-CIL discovery    R3         Day 4                10     2100                     10                   10                    0                    1.0        10    0.0 0.975571 0.975226 0.988571       0.988571 fixed_alpha    0.7                 12                        0                  0.74                         33                33                  1.0               0.812177              0.660579                False                     0                        1.75                                  0.3                             NaN                      94                    0.045                  5
Saved: results/stage3/wisig_icarl_fallback_multiseed_seed7_44771757/clustering_results.csv

========== Table 2: Incremental Recognition Results ==========
                     Method    Stage   Eval Day              Eval Split  Seen Classes True New Classes Discovered Clusters Enrolled Clusters  Eval Samples  Overall Acc  Old Acc  New Acc  Initial Known Acc  Forgetting Rate  Macro F1
MV-ACC-CIL + iCaRL-fallback  Initial 2021_03_01 day1_eval_initial_30pct            10                -                   -                 -           900     0.996667 0.996667      NaN           0.996667         0.000000  0.996667
MV-ACC-CIL + iCaRL-fallback After R1 2021_03_08   eval_r1_30pct_20_seen            20               10                  10                10          1800     0.860000 0.925556 0.794444           0.925556         0.071111  0.847597
MV-ACC-CIL + iCaRL-fallback After R2 2021_03_15   eval_r2_30pct_30_seen            30               10                  10                10          2700     0.771111 0.806667 0.700000           0.866667         0.130000  0.751605
MV-ACC-CIL + iCaRL-fallback After R3 2021_03_23   eval_r3_30pct_40_seen            40               10                  10                10          3600     0.646111 0.612593 0.746667           0.878889         0.117778  0.610203
Saved: results/stage3/wisig_icarl_fallback_multiseed_seed7_44771757/incremental_results.csv

========== Table 3: Per-Round Summary Results ==========
                     Method Round  Cluster Count  Incremental Pseudo-label Classes  Cluster Count Error  Sample Coverage   Purity      NMI      ARI  Hungarian Acc  Overall Acc  New Acc  Forgetting Rate
MV-ACC-CIL + iCaRL-fallback    R1             10                                10                    0         1.000000 0.966667 0.940787 0.930000       0.966667     0.860000 0.794444         0.071111
MV-ACC-CIL + iCaRL-fallback    R2             10                                10                    0         1.000000 0.935238 0.931148 0.885591       0.935238     0.771111 0.700000         0.130000
MV-ACC-CIL + iCaRL-fallback    R3             10                                10                    0         1.000000 0.988571 0.975571 0.975226       0.988571     0.646111 0.746667         0.117778
Saved: results/stage3/wisig_icarl_fallback_multiseed_seed7_44771757/per_round_summary_results.csv
Visualizations saved under: results/stage3/wisig_icarl_fallback_multiseed_seed7_44771757/visualizations
Core comparison panels saved under: results/stage3/wisig_icarl_fallback_multiseed_seed7_44771757/visualizations/core_comparison
运行阶段 3 WiSig iCaRL fallback：seed=13, save_dir=results/stage3/wisig_icarl_fallback_multiseed_seed13_44771757

========== WiSig Cross-Day 10-Known 3-Round Incremental Experiment ==========
Dataset: 数据集/WiSig_CrossDay_40Tx_3Rx_4Day_300Sig_equalized.pkl
Save dir: results/stage3/wisig_icarl_fallback_multiseed_seed13_44771757
Device: cuda
Protocol: 10 known + 10 unknown R1 + 10 unknown R2 + 10 unknown R3
Receiver setting: selected_rx_list=[2] | mode=single-Rx | physical receiver=third
Old-class prototype bonus beta: 0.0
Closed-set training loss: CE + 0.1 * SupCon(T=0.2)
Sample-level protocol: 60% backbone train + 10% validation + 30% held-out evaluation
Fusion: fixed alpha | alpha=0.7
No-drop consolidation (ablation): rounds=5, threshold=0.78, coverage=100%
MV-ACC: mcs_ratio=0.045, min_samples=5, merge_th=0.74, sub_prototypes=5, split_factor=1.75, split_sil=0.3, coverage=100%, strict_alignment=Hungarian

[Splits]
Day1 known train 70%: (2100, 2, 256), classes=10, labels=0-9
Initial eval 30%:     (900, 2, 256), classes=10, labels=0-9, day=2021_03_01
Unknown R1 70%: (2100, 2, 256), classes=10, labels=10-19, day=2021_03_08
After R1 30%: (1800, 2, 256), classes=20, labels=0-19, day=2021_03_08
Unknown R2 70%: (2100, 2, 256), classes=10, labels=20-29, day=2021_03_15
After R2 30%: (2700, 2, 256), classes=30, labels=0-29, day=2021_03_15
Unknown R3 70%: (2100, 2, 256), classes=10, labels=30-39, day=2021_03_23
After R3 30%: (3600, 2, 256), classes=40, labels=0-39, day=2021_03_23

[Train-v2] classes=10 | train=1800 | validation=300 | validation_fraction=0.142857
[Train-v2] RF augmentation=True | SupCon projection=64
Epoch 001/020 | train_loss=2.3712 | train_acc=0.3103 | val_acc=0.3000 | val_loss=1.6720
Epoch 002/020 | train_loss=1.5271 | train_acc=0.6088 | val_acc=0.5600 | val_loss=1.0531
Epoch 003/020 | train_loss=1.0889 | train_acc=0.7494 | val_acc=0.7133 | val_loss=0.7268
Epoch 004/020 | train_loss=0.8077 | train_acc=0.8705 | val_acc=0.9333 | val_loss=0.5538
Epoch 005/020 | train_loss=0.5794 | train_acc=0.9559 | val_acc=0.8767 | val_loss=0.4775
Epoch 006/020 | train_loss=0.4566 | train_acc=0.9872 | val_acc=0.9800 | val_loss=0.0775
Epoch 007/020 | train_loss=0.4016 | train_acc=0.9894 | val_acc=0.9633 | val_loss=0.1670
Epoch 008/020 | train_loss=0.3695 | train_acc=0.9950 | val_acc=0.9067 | val_loss=0.2167
Epoch 009/020 | train_loss=0.3595 | train_acc=0.9972 | val_acc=0.9933 | val_loss=0.0354
Epoch 010/020 | train_loss=0.3525 | train_acc=0.9967 | val_acc=0.9933 | val_loss=0.0211
Epoch 011/020 | train_loss=0.3488 | train_acc=0.9972 | val_acc=1.0000 | val_loss=0.0070
Epoch 012/020 | train_loss=0.3410 | train_acc=0.9989 | val_acc=0.9933 | val_loss=0.0358
Epoch 013/020 | train_loss=0.3384 | train_acc=0.9989 | val_acc=0.9967 | val_loss=0.0200
Epoch 014/020 | train_loss=0.3349 | train_acc=0.9994 | val_acc=1.0000 | val_loss=0.0037
Epoch 015/020 | train_loss=0.3343 | train_acc=0.9989 | val_acc=1.0000 | val_loss=0.0044
Epoch 016/020 | train_loss=0.3340 | train_acc=0.9994 | val_acc=1.0000 | val_loss=0.0026
Epoch 017/020 | train_loss=0.3312 | train_acc=1.0000 | val_acc=1.0000 | val_loss=0.0129
Epoch 018/020 | train_loss=0.3306 | train_acc=1.0000 | val_acc=1.0000 | val_loss=0.0027
Epoch 019/020 | train_loss=0.3298 | train_acc=1.0000 | val_acc=1.0000 | val_loss=0.0017
Epoch 020/020 | train_loss=0.3298 | train_acc=1.0000 | val_acc=1.0000 | val_loss=0.0013
[Train-v2] best_val_acc=1.0000 | best_val_loss=0.0013 | saved=results/stage3/wisig_icarl_fallback_multiseed_seed13_44771757/closedset_rx2_day1_10known.pth
[Load] checkpoint=results/stage3/wisig_icarl_fallback_multiseed_seed13_44771757/closedset_rx2_day1_10known.pth

[Extract] Deep embeddings
[CF-LCG] view=all24_base | purity=0.900 | gate_open=True
[MV-ACC calibration] Day1 validation only: ratio=0.03, merge_threshold=0.74

[MV-ACC-CIL + iCaRL-fallback] End-to-end pseudo-label class-incremental learning
[iCaRL fallback calibration] stage=Initial | Day1 validation only | threshold=0.45
[iCaRL fallback calibration] stage=After R1 | Day1 validation only | old_class_count=10 | threshold=0.45
[iCaRL fallback calibration] stage=After R2 | Day1 validation only | old_class_count=20 | threshold=0.45
[iCaRL fallback calibration] stage=After R3 | Day1 validation only | old_class_count=30 | threshold=0.45

========== Table 1: Unknown Discovery / Clustering Results ==========
              Method Round Discovery Day  True New Classes  Samples  Initial Cluster Count  Final Cluster Count  Cluster Count Error  Over-clustering Ratio  Clusters  Noise      NMI      ARI   Purity  Hungarian Acc      Fusion  Alpha  Iter Merge Rounds  Iter Merge Total Merges  Iter Merge Threshold  Noise Before Reassignment  Noise Reassigned  Assignment Coverage  Assignment Score Mean  Assignment Score Min  No-cluster Fallback  Adaptive Split Count  Adaptive Split Size Factor  Adaptive Split Silhouette Threshold  Adaptive Split Silhouette Mean  MVACC Min Cluster Size  MVACC Min Cluster Ratio  MVACC Min Samples
MV-ACC-CIL discovery    R1         Day 2                10     2100                     10                   10                    0                    1.0        10    0.0 0.944562 0.935600 0.969524       0.969524 fixed_alpha    0.7                 12                        1                  0.74                         45                45                  1.0               0.784287              0.664938                False                     1                        1.75                                  0.3                        0.434726                      63                     0.03                  5
MV-ACC-CIL discovery    R2         Day 3                10     2100                     13                   10                    0                    1.0        10    0.0 0.906069 0.860827 0.920952       0.920952 fixed_alpha    0.7                 12                        3                  0.74                        101               101                  1.0               0.854244              0.679346                False                     0                        1.75                                  0.3                             NaN                      63                     0.03                  5
MV-ACC-CIL discovery    R3         Day 4                10     2100                     16                   12                    2                    1.2        12    0.0 0.929195 0.901986 0.967619       0.911429 fixed_alpha    0.7                 12                        5                  0.74                         50                50                  1.0               0.891397              0.744035                False                     1                        1.75                                  0.3                        0.670438                      63                     0.03                  5
Saved: results/stage3/wisig_icarl_fallback_multiseed_seed13_44771757/clustering_results.csv

========== Table 2: Incremental Recognition Results ==========
                     Method    Stage   Eval Day              Eval Split  Seen Classes True New Classes Discovered Clusters Enrolled Clusters  Eval Samples  Overall Acc  Old Acc  New Acc  Initial Known Acc  Forgetting Rate  Macro F1
MV-ACC-CIL + iCaRL-fallback  Initial 2021_03_01 day1_eval_initial_30pct            10                -                   -                 -           900     0.996667 0.996667      NaN           0.996667         0.000000  0.996673
MV-ACC-CIL + iCaRL-fallback After R1 2021_03_08   eval_r1_30pct_20_seen            20               10                  10                10          1800     0.789444 0.850000 0.728889           0.850000         0.146667  0.760112
MV-ACC-CIL + iCaRL-fallback After R2 2021_03_15   eval_r2_30pct_30_seen            30               10                  10                10          2700     0.676667 0.723889 0.582222           0.741111         0.255556  0.655334
MV-ACC-CIL + iCaRL-fallback After R3 2021_03_23   eval_r3_30pct_40_seen            40               10                  12                12          3600     0.543611 0.483333 0.724444           0.655556         0.341111  0.512055
Saved: results/stage3/wisig_icarl_fallback_multiseed_seed13_44771757/incremental_results.csv

========== Table 3: Per-Round Summary Results ==========
                     Method Round  Cluster Count  Incremental Pseudo-label Classes  Cluster Count Error  Sample Coverage   Purity      NMI      ARI  Hungarian Acc  Overall Acc  New Acc  Forgetting Rate
MV-ACC-CIL + iCaRL-fallback    R1             10                                10                    0         1.000000 0.969524 0.944562 0.935600       0.969524     0.789444 0.728889         0.146667
MV-ACC-CIL + iCaRL-fallback    R2             10                                10                    0         1.000000 0.920952 0.906069 0.860827       0.920952     0.676667 0.582222         0.255556
MV-ACC-CIL + iCaRL-fallback    R3             12                                12                    2         1.000000 0.967619 0.929195 0.901986       0.911429     0.543611 0.724444         0.341111
Saved: results/stage3/wisig_icarl_fallback_multiseed_seed13_44771757/per_round_summary_results.csv
Visualizations saved under: results/stage3/wisig_icarl_fallback_multiseed_seed13_44771757/visualizations
Core comparison panels saved under: results/stage3/wisig_icarl_fallback_multiseed_seed13_44771757/visualizations/core_comparison
运行阶段 3 WiSig iCaRL fallback：seed=31, save_dir=results/stage3/wisig_icarl_fallback_multiseed_seed31_44771757

========== WiSig Cross-Day 10-Known 3-Round Incremental Experiment ==========
Dataset: 数据集/WiSig_CrossDay_40Tx_3Rx_4Day_300Sig_equalized.pkl
Save dir: results/stage3/wisig_icarl_fallback_multiseed_seed31_44771757
Device: cuda
Protocol: 10 known + 10 unknown R1 + 10 unknown R2 + 10 unknown R3
Receiver setting: selected_rx_list=[2] | mode=single-Rx | physical receiver=third
Old-class prototype bonus beta: 0.0
Closed-set training loss: CE + 0.1 * SupCon(T=0.2)
Sample-level protocol: 60% backbone train + 10% validation + 30% held-out evaluation
Fusion: fixed alpha | alpha=0.7
No-drop consolidation (ablation): rounds=5, threshold=0.78, coverage=100%
MV-ACC: mcs_ratio=0.045, min_samples=5, merge_th=0.74, sub_prototypes=5, split_factor=1.75, split_sil=0.3, coverage=100%, strict_alignment=Hungarian

[Splits]
Day1 known train 70%: (2100, 2, 256), classes=10, labels=0-9
Initial eval 30%:     (900, 2, 256), classes=10, labels=0-9, day=2021_03_01
Unknown R1 70%: (2100, 2, 256), classes=10, labels=10-19, day=2021_03_08
After R1 30%: (1800, 2, 256), classes=20, labels=0-19, day=2021_03_08
Unknown R2 70%: (2100, 2, 256), classes=10, labels=20-29, day=2021_03_15
After R2 30%: (2700, 2, 256), classes=30, labels=0-29, day=2021_03_15
Unknown R3 70%: (2100, 2, 256), classes=10, labels=30-39, day=2021_03_23
After R3 30%: (3600, 2, 256), classes=40, labels=0-39, day=2021_03_23

[Train-v2] classes=10 | train=1800 | validation=300 | validation_fraction=0.142857
[Train-v2] RF augmentation=True | SupCon projection=64
Epoch 001/020 | train_loss=2.3843 | train_acc=0.2829 | val_acc=0.2967 | val_loss=1.6118
Epoch 002/020 | train_loss=1.6613 | train_acc=0.5307 | val_acc=0.4400 | val_loss=1.0239
Epoch 003/020 | train_loss=1.3029 | train_acc=0.6278 | val_acc=0.6467 | val_loss=0.8203
Epoch 004/020 | train_loss=0.9712 | train_acc=0.8047 | val_acc=0.3933 | val_loss=1.8990
Epoch 005/020 | train_loss=0.6942 | train_acc=0.9319 | val_acc=0.8967 | val_loss=0.2795
Epoch 006/020 | train_loss=0.5072 | train_acc=0.9771 | val_acc=0.9833 | val_loss=0.1590
Epoch 007/020 | train_loss=0.4328 | train_acc=0.9900 | val_acc=0.9900 | val_loss=0.1118
Epoch 008/020 | train_loss=0.3929 | train_acc=0.9944 | val_acc=1.0000 | val_loss=0.0310
Epoch 009/020 | train_loss=0.3674 | train_acc=0.9972 | val_acc=0.9833 | val_loss=0.0668
Epoch 010/020 | train_loss=0.3543 | train_acc=0.9961 | val_acc=1.0000 | val_loss=0.0133
Epoch 011/020 | train_loss=0.3555 | train_acc=0.9967 | val_acc=1.0000 | val_loss=0.0122
Epoch 012/020 | train_loss=0.3443 | train_acc=0.9989 | val_acc=1.0000 | val_loss=0.0045
Epoch 013/020 | train_loss=0.3432 | train_acc=0.9983 | val_acc=1.0000 | val_loss=0.0043
Epoch 014/020 | train_loss=0.3459 | train_acc=0.9967 | val_acc=1.0000 | val_loss=0.0097
Epoch 015/020 | train_loss=0.3376 | train_acc=0.9994 | val_acc=1.0000 | val_loss=0.0030
Epoch 016/020 | train_loss=0.3356 | train_acc=1.0000 | val_acc=1.0000 | val_loss=0.0059
Epoch 017/020 | train_loss=0.3325 | train_acc=1.0000 | val_acc=1.0000 | val_loss=0.0030
Epoch 018/020 | train_loss=0.3317 | train_acc=1.0000 | val_acc=1.0000 | val_loss=0.0013
Epoch 019/020 | train_loss=0.3299 | train_acc=1.0000 | val_acc=1.0000 | val_loss=0.0013
Epoch 020/020 | train_loss=0.3298 | train_acc=1.0000 | val_acc=1.0000 | val_loss=0.0012
[Train-v2] best_val_acc=1.0000 | best_val_loss=0.0012 | saved=results/stage3/wisig_icarl_fallback_multiseed_seed31_44771757/closedset_rx2_day1_10known.pth
[Load] checkpoint=results/stage3/wisig_icarl_fallback_multiseed_seed31_44771757/closedset_rx2_day1_10known.pth

[Extract] Deep embeddings
[CF-LCG] view=all24_base | purity=0.947 | gate_open=True
[MV-ACC calibration] Day1 validation only: ratio=0.03, merge_threshold=0.74

[MV-ACC-CIL + iCaRL-fallback] End-to-end pseudo-label class-incremental learning
[iCaRL fallback calibration] stage=Initial | Day1 validation only | threshold=0.45
[iCaRL fallback calibration] stage=After R1 | Day1 validation only | old_class_count=10 | threshold=0.45
[iCaRL fallback calibration] stage=After R2 | Day1 validation only | old_class_count=20 | threshold=0.45
[iCaRL fallback calibration] stage=After R3 | Day1 validation only | old_class_count=31 | threshold=0.45

========== Table 1: Unknown Discovery / Clustering Results ==========
              Method Round Discovery Day  True New Classes  Samples  Initial Cluster Count  Final Cluster Count  Cluster Count Error  Over-clustering Ratio  Clusters  Noise      NMI      ARI   Purity  Hungarian Acc      Fusion  Alpha  Iter Merge Rounds  Iter Merge Total Merges  Iter Merge Threshold  Noise Before Reassignment  Noise Reassigned  Assignment Coverage  Assignment Score Mean  Assignment Score Min  No-cluster Fallback  Adaptive Split Count  Adaptive Split Size Factor  Adaptive Split Silhouette Threshold  Adaptive Split Silhouette Mean  MVACC Min Cluster Size  MVACC Min Cluster Ratio  MVACC Min Samples
MV-ACC-CIL discovery    R1         Day 2                10     2100                     12                   10                    0                    1.0        10    0.0 0.901869 0.855943 0.920000       0.920000 fixed_alpha    0.7                 12                        2                  0.74                        207               207                  1.0               0.818778              0.610170                False                     0                        1.75                                  0.3                             NaN                      63                     0.03                  5
MV-ACC-CIL discovery    R2         Day 3                10     2100                     12                   11                    1                    1.1        11    0.0 0.926411 0.906117 0.966667       0.930952 fixed_alpha    0.7                 12                        1                  0.74                         28                28                  1.0               0.904057              0.802570                False                     0                        1.75                                  0.3                             NaN                      63                     0.03                  5
MV-ACC-CIL discovery    R3         Day 4                10     2100                     12                   10                    0                    1.0        10    0.0 0.979086 0.979057 0.990476       0.990476 fixed_alpha    0.7                 12                        2                  0.74                         59                59                  1.0               0.780992              0.689879                False                     0                        1.75                                  0.3                             NaN                      63                     0.03                  5
Saved: results/stage3/wisig_icarl_fallback_multiseed_seed31_44771757/clustering_results.csv

========== Table 2: Incremental Recognition Results ==========
                     Method    Stage   Eval Day              Eval Split  Seen Classes True New Classes Discovered Clusters Enrolled Clusters  Eval Samples  Overall Acc  Old Acc  New Acc  Initial Known Acc  Forgetting Rate  Macro F1
MV-ACC-CIL + iCaRL-fallback  Initial 2021_03_01 day1_eval_initial_30pct            10                -                   -                 -           900     0.996667 0.996667      NaN           0.996667         0.000000  0.996667
MV-ACC-CIL + iCaRL-fallback After R1 2021_03_08   eval_r1_30pct_20_seen            20               10                  10                10          1800     0.797778 0.883333 0.712222           0.883333         0.113333  0.772490
MV-ACC-CIL + iCaRL-fallback After R2 2021_03_15   eval_r2_30pct_30_seen            30               10                  11                11          2700     0.741111 0.766667 0.690000           0.848889         0.147778  0.709967
MV-ACC-CIL + iCaRL-fallback After R3 2021_03_23   eval_r3_30pct_40_seen            40               10                  10                10          3600     0.587222 0.547778 0.705556           0.770000         0.226667  0.558786
Saved: results/stage3/wisig_icarl_fallback_multiseed_seed31_44771757/incremental_results.csv

========== Table 3: Per-Round Summary Results ==========
                     Method Round  Cluster Count  Incremental Pseudo-label Classes  Cluster Count Error  Sample Coverage   Purity      NMI      ARI  Hungarian Acc  Overall Acc  New Acc  Forgetting Rate
MV-ACC-CIL + iCaRL-fallback    R1             10                                10                    0         1.000000 0.920000 0.901869 0.855943       0.920000     0.797778 0.712222         0.113333
MV-ACC-CIL + iCaRL-fallback    R2             11                                11                    1         1.000000 0.966667 0.926411 0.906117       0.930952     0.741111 0.690000         0.147778
MV-ACC-CIL + iCaRL-fallback    R3             10                                10                    0         1.000000 0.990476 0.979086 0.979057       0.990476     0.587222 0.705556         0.226667
Saved: results/stage3/wisig_icarl_fallback_multiseed_seed31_44771757/per_round_summary_results.csv
Visualizations saved under: results/stage3/wisig_icarl_fallback_multiseed_seed31_44771757/visualizations
Core comparison panels saved under: results/stage3/wisig_icarl_fallback_multiseed_seed31_44771757/visualizations/core_comparison
WiSig iCaRL fallback 三种子报告：results/stage3/STAGE3_WISIG_ICARL_FALLBACK_MULTISEED_REPORT_44771757.md
阶段 3 WiSig iCaRL fallback 三种子验证完成：/mnt/users/xj62kv/OpenSet_Incremental_SEI/results/stage3
