
========== LoRa25 Different Days Indoor 10-Known 3-Round Incremental Experiment ==========
Dataset: /mnt/users/xj62kv/OpenSet_Incremental_SEI/datasets/lora25_compact/lora25_diffdays_indoor_aligned_group_256.npz
Save dir: results/stage5/lora_old_logit_bias_seed7_44881172
Device: cuda
Protocol: 10 known + 5 unknown R1 + 5 unknown R2 + 5 unknown R3
LoRa split: IQ_1-6 train | IQ_7 validation | IQ_8-10 held-out evaluation
Old-class prototype bonus beta: 0.0
Closed-set training loss: CE + 0.1 * SupCon(T=0.2)
Sample-level protocol: 60% backbone train + 10% validation + 30% held-out evaluation
Fusion: fixed alpha | alpha=0.7
No-drop consolidation (ablation): rounds=5, threshold=0.78, coverage=100%
MV-ACC: mcs_ratio=0.03, min_samples=5, merge_th=0.74, sub_prototypes=5, split_factor=1.75, split_sil=0.3, coverage=100%, strict_alignment=Hungarian

[Splits]
Day1 known train IQ_1-6 train: (840, 2, 256), classes=10, labels=0-9
Initial eval 30%:     (420, 2, 256), classes=10, labels=0-9, day=Day 1
Unknown R1 IQ_1-7 discovery: (490, 2, 256), classes=5, labels=10-14, day=Day 2
After R1 IQ_8-10 eval: (630, 2, 256), classes=15, labels=0-14, day=Day 2
Unknown R2 IQ_1-7 discovery: (490, 2, 256), classes=5, labels=15-19, day=Day 3
After R2 IQ_8-10 eval: (840, 2, 256), classes=20, labels=0-19, day=Day 3
Unknown R3 IQ_1-7 discovery: (490, 2, 256), classes=5, labels=20-24, day=Day 4
After R3 IQ_8-10 eval: (1050, 2, 256), classes=25, labels=0-24, day=Day 4
[Load] checkpoint=/mnt/users/xj62kv/OpenSet_Incremental_SEI/results/stage5/lora_representation_screen_seed7_44573249/supcon_rf_aug.pth

[Extract] Deep embeddings
[CF-LCG] view=all24_base | purity=0.347 | gate_open=False
[CF-LCG] global binary gate closed; Local CF-LCG remains sample-adaptive.
[MV-ACC calibration] Day1 validation only: ratio=0.03, merge_threshold=0.74

[MV-ACC-CIL + old-logit-bias] End-to-end pseudo-label class-incremental learning
[Old-logit bias calibration] stage=Initial | Day1 validation only | old_class_count=10 | bias=0.0
[Old-logit bias calibration] stage=After R1 | Day1 validation only | old_class_count=10 | bias=3.0
[Old-logit bias calibration] stage=After R2 | Day1 validation only | old_class_count=15 | bias=1.5
[Old-logit bias calibration] stage=After R3 | Day1 validation only | old_class_count=20 | bias=1.5

========== Table 1: Unknown Discovery / Clustering Results ==========
              Method Round Discovery Day  True New Classes  Samples  Initial Cluster Count  Final Cluster Count  Cluster Count Error  Over-clustering Ratio  Clusters  Noise      NMI      ARI   Purity  Hungarian Acc      Fusion  Alpha  Iter Merge Rounds  Iter Merge Total Merges  Iter Merge Threshold  Noise Before Reassignment  Noise Reassigned  Assignment Coverage  Assignment Score Mean  Assignment Score Min  No-cluster Fallback  Adaptive Split Count  Adaptive Split Size Factor  Adaptive Split Silhouette Threshold  Adaptive Split Silhouette Mean  Target Cluster Count  Target Count Merges  Target Count Last Merge Similarity  MVACC Min Cluster Size  MVACC Min Cluster Ratio  MVACC Min Samples
MV-ACC-CIL discovery    R1         Day 2                 5      490                      7                    5                    0                    1.0         5    0.0 0.143910 0.102007 0.404082       0.391837 fixed_alpha    0.7                 12                        0                  0.74                        102               102                  1.0               0.732577              0.517589                False                     0                        1.75                                  0.3                             NaN                     5                    2                            0.683193                      15                     0.03                  5
MV-ACC-CIL discovery    R2         Day 3                 5      490                      5                    5                    0                    1.0         5    0.0 0.125987 0.099587 0.355102       0.353061 fixed_alpha    0.7                 12                        0                  0.74                        143               143                  1.0               0.700242              0.411109                False                     0                        1.75                                  0.3                             NaN                     5                    0                                 NaN                      15                     0.03                  5
MV-ACC-CIL discovery    R3         Day 4                 5      490                      8                    5                    0                    1.0         5    0.0 0.304918 0.249782 0.489796       0.485714 fixed_alpha    0.7                 12                        1                  0.74                        140               140                  1.0               0.743340              0.442490                False                     0                        1.75                                  0.3                             NaN                     5                    2                            0.682655                      15                     0.03                  5
Saved: results/stage5/lora_old_logit_bias_seed7_44881172/clustering_results.csv

========== Table 2: Incremental Recognition Results ==========
                     Method    Stage Eval Day              Eval Split  Seen Classes True New Classes Discovered Clusters Enrolled Clusters  Eval Samples  Overall Acc  Old Acc  New Acc  Initial Known Acc  Forgetting Rate  Macro F1
MV-ACC-CIL + old-logit-bias  Initial    Day 1 day1_eval_initial_30pct            10                -                   -                 -           420     0.526190 0.526190      NaN           0.526190         0.000000  0.507408
MV-ACC-CIL + old-logit-bias After R1    Day 2   eval_r1_30pct_15_seen            15                5                   5                 5           630     0.295238 0.269048 0.347619           0.269048         0.257143  0.247768
MV-ACC-CIL + old-logit-bias After R2    Day 3   eval_r2_30pct_20_seen            20                5                   5                 5           840     0.175000 0.222222 0.033333           0.211905         0.314286  0.130341
MV-ACC-CIL + old-logit-bias After R3    Day 4   eval_r3_30pct_25_seen            25                5                   5                 5          1050     0.167619 0.161905 0.190476           0.104762         0.421429  0.100357
Saved: results/stage5/lora_old_logit_bias_seed7_44881172/incremental_results.csv

========== Table 3: Per-Round Summary Results ==========
                     Method Round  Cluster Count  Incremental Pseudo-label Classes  Cluster Count Error  Sample Coverage   Purity      NMI      ARI  Hungarian Acc  Overall Acc  New Acc  Forgetting Rate
MV-ACC-CIL + old-logit-bias    R1              5                                 5                    0         1.000000 0.404082 0.143910 0.102007       0.391837     0.295238 0.347619         0.257143
MV-ACC-CIL + old-logit-bias    R2              5                                 5                    0         1.000000 0.355102 0.125987 0.099587       0.353061     0.175000 0.033333         0.314286
MV-ACC-CIL + old-logit-bias    R3              5                                 5                    0         1.000000 0.489796 0.304918 0.249782       0.485714     0.167619 0.190476         0.421429
Saved: results/stage5/lora_old_logit_bias_seed7_44881172/per_round_summary_results.csv
LoRa old-logit bias 报告：results/stage5/STAGE5_LORA_OLD_LOGIT_BIAS_SEED7_REPORT_44881172.md
