
========== LoRa25 Different Days Indoor 10-Known 3-Round Incremental Experiment ==========
Dataset: datasets/lora25_compact/lora25_diffdays_indoor_aligned_group_256.npz
Save dir: results/stage5/lora_selected_representation_cil_seed7_44573272
Device: cpu
Protocol: 10 known + 5 unknown R1 + 5 unknown R2 + 5 unknown R3
LoRa split: IQ_1-6 train | IQ_7 validation | IQ_8-10 held-out evaluation
Old-class prototype bonus beta: 0.0
Closed-set training loss: CE + 0.1 * SupCon(T=0.2)
Sample-level protocol: 60% backbone train + 10% validation + 30% held-out evaluation
Fusion: fixed alpha | alpha=0.7
No-drop consolidation (ablation): rounds=5, threshold=0.78, coverage=100%
MV-ACC: mcs_ratio=0.03, min_samples=5, merge_th=0.74, sub_prototypes=5, split_factor=1.75, split_sil=0.3, coverage=100%, strict_alignment=Hungarian

[Splits]
Day1 known train IQ_1-6 train: (840, 2, 256), classes=10, labels=0-9
Initial eval 30%:     (420, 2, 256), classes=10, labels=0-9, day=Day 1
Unknown R1 IQ_1-7 discovery: (490, 2, 256), classes=5, labels=10-14, day=Day 2
After R1 IQ_8-10 eval: (630, 2, 256), classes=15, labels=0-14, day=Day 2
Unknown R2 IQ_1-7 discovery: (490, 2, 256), classes=5, labels=15-19, day=Day 3
After R2 IQ_8-10 eval: (840, 2, 256), classes=20, labels=0-19, day=Day 3
Unknown R3 IQ_1-7 discovery: (490, 2, 256), classes=5, labels=20-24, day=Day 4
After R3 IQ_8-10 eval: (1050, 2, 256), classes=25, labels=0-24, day=Day 4
[Load] checkpoint=results/stage5/lora_representation_screen_seed7_44573249/supcon_rf_aug.pth

[Extract] Deep embeddings
[CF-LCG] view=all24_base | purity=0.347 | gate_open=False
[CF-LCG] global binary gate closed; Local CF-LCG remains sample-adaptive.
[MV-ACC calibration] Day1 validation only: ratio=0.03, merge_threshold=0.74

[MV-ACC-CIL] End-to-end pseudo-label class-incremental learning

========== Table 1: Unknown Discovery / Clustering Results ==========
              Method Round Discovery Day  True New Classes  Samples  Initial Cluster Count  Final Cluster Count  Cluster Count Error  Over-clustering Ratio  Clusters  Noise      NMI      ARI   Purity  Hungarian Acc      Fusion  Alpha  Iter Merge Rounds  Iter Merge Total Merges  Iter Merge Threshold  Noise Before Reassignment  Noise Reassigned  Assignment Coverage  Assignment Score Mean  Assignment Score Min  No-cluster Fallback  Adaptive Split Count  Adaptive Split Size Factor  Adaptive Split Silhouette Threshold  Adaptive Split Silhouette Mean  MVACC Min Cluster Size  MVACC Min Cluster Ratio  MVACC Min Samples
MV-ACC-CIL discovery    R1         Day 2                 5      490                      7                    7                    2                    1.4         7    0.0 0.150027 0.099739 0.426531       0.320408 fixed_alpha    0.7                 12                        0                  0.74                        102               102                  1.0               0.732938              0.518360                False                     0                        1.75                                  0.3                             NaN                      15                     0.03                  5
MV-ACC-CIL discovery    R2         Day 3                 5      490                      5                    5                    0                    1.0         5    0.0 0.121893 0.095736 0.357143       0.353061 fixed_alpha    0.7                 12                        0                  0.74                        136               136                  1.0               0.698240              0.412681                False                     0                        1.75                                  0.3                             NaN                      15                     0.03                  5
MV-ACC-CIL discovery    R3         Day 4                 5      490                      8                    7                    2                    1.4         7    0.0 0.320639 0.275377 0.520408       0.455102 fixed_alpha    0.7                 12                        1                  0.74                        140               140                  1.0               0.741581              0.440809                False                     0                        1.75                                  0.3                             NaN                      15                     0.03                  5
Saved: results/stage5/lora_selected_representation_cil_seed7_44573272/clustering_results.csv

========== Table 2: Incremental Recognition Results ==========
    Method    Stage Eval Day              Eval Split  Seen Classes True New Classes Discovered Clusters Enrolled Clusters  Eval Samples  Overall Acc  Old Acc  New Acc  Initial Known Acc  Forgetting Rate  Macro F1
MV-ACC-CIL  Initial    Day 1 day1_eval_initial_30pct            10                -                   -                 -           420     0.526190 0.526190      NaN           0.526190         0.000000  0.507408
MV-ACC-CIL After R1    Day 2   eval_r1_30pct_15_seen            15                5                   7                 7           630     0.244444 0.173810 0.385714           0.173810         0.352381  0.190265
MV-ACC-CIL After R2    Day 3   eval_r2_30pct_20_seen            20                5                   5                 5           840     0.213095 0.179365 0.314286           0.192857         0.333333  0.150645
MV-ACC-CIL After R3    Day 4   eval_r3_30pct_25_seen            25                5                   7                 7          1050     0.141905 0.079762 0.390476           0.007143         0.519048  0.069720
Saved: results/stage5/lora_selected_representation_cil_seed7_44573272/incremental_results.csv

========== Table 3: Per-Round Summary Results ==========
    Method Round  Cluster Count  Incremental Pseudo-label Classes  Cluster Count Error  Sample Coverage   Purity      NMI      ARI  Hungarian Acc  Overall Acc  New Acc  Forgetting Rate
MV-ACC-CIL    R1              7                                 7                    2         1.000000 0.426531 0.150027 0.099739       0.320408     0.244444 0.385714         0.352381
MV-ACC-CIL    R2              5                                 5                    0         1.000000 0.357143 0.121893 0.095736       0.353061     0.213095 0.314286         0.333333
MV-ACC-CIL    R3              7                                 7                    2         1.000000 0.520408 0.320639 0.275377       0.455102     0.141905 0.390476         0.519048
Saved: results/stage5/lora_selected_representation_cil_seed7_44573272/per_round_summary_results.csv
LoRa25 seed7 报告：results/stage5/STAGE5_LORA_SELECTED_REPRESENTATION_CIL_SEED7_REPORT_44573272.md
