
========== LoRa25 Different Days Indoor 10-Known 3-Round Incremental Experiment ==========
Dataset: datasets/lora25_compact/lora25_diffdays_indoor_aligned_group_256.npz
Save dir: results/stage5/lora_mvacc_cil_seed7_44573179
Device: cuda
Protocol: 10 known + 5 unknown R1 + 5 unknown R2 + 5 unknown R3
LoRa split: IQ_1-6 train | IQ_7 validation | IQ_8-10 held-out evaluation
Old-class prototype bonus beta: 0.0
Closed-set training loss: CE + 0.1 * SupCon(T=0.2)
Sample-level protocol: 60% backbone train + 10% validation + 30% held-out evaluation
Fusion: fixed alpha | alpha=0.7
No-drop consolidation (ablation): rounds=5, threshold=0.78, coverage=100%
MV-ACC: mcs_ratio=0.03, min_samples=5, merge_th=0.74, sub_prototypes=5, split_factor=1.75, split_sil=0.3, coverage=100%, strict_alignment=Hungarian

[Splits]
Day1 known train IQ_1-6 train: (840, 2, 256), classes=10, labels=0-9
Initial eval 30%:     (420, 2, 256), classes=10, labels=0-9, day=Day 1
Unknown R1 IQ_1-7 discovery: (490, 2, 256), classes=5, labels=10-14, day=Day 2
After R1 IQ_8-10 eval: (630, 2, 256), classes=15, labels=0-14, day=Day 2
Unknown R2 IQ_1-7 discovery: (490, 2, 256), classes=5, labels=15-19, day=Day 3
After R2 IQ_8-10 eval: (840, 2, 256), classes=20, labels=0-19, day=Day 3
Unknown R3 IQ_1-7 discovery: (490, 2, 256), classes=5, labels=20-24, day=Day 4
After R3 IQ_8-10 eval: (1050, 2, 256), classes=25, labels=0-24, day=Day 4

[Train-v2] classes=10 | train=840 | validation=140 | validation_fraction=0.142857
[Train-v2] RF augmentation=True | SupCon projection=64
Epoch 001/020 | train_loss=2.8725 | train_acc=0.0964 | val_acc=0.1000 | val_loss=2.3020
Epoch 002/020 | train_loss=2.8418 | train_acc=0.1380 | val_acc=0.1214 | val_loss=2.2971
Epoch 003/020 | train_loss=2.8376 | train_acc=0.1250 | val_acc=0.1643 | val_loss=2.2879
Epoch 004/020 | train_loss=2.8203 | train_acc=0.1602 | val_acc=0.1429 | val_loss=2.3009
Epoch 005/020 | train_loss=2.7812 | train_acc=0.1771 | val_acc=0.1643 | val_loss=2.3461
Epoch 006/020 | train_loss=2.7039 | train_acc=0.2161 | val_acc=0.0929 | val_loss=2.6756
Epoch 007/020 | train_loss=2.5345 | train_acc=0.2409 | val_acc=0.2286 | val_loss=2.2543
Epoch 008/020 | train_loss=2.3415 | train_acc=0.2839 | val_acc=0.1786 | val_loss=2.7348
Epoch 009/020 | train_loss=2.2178 | train_acc=0.3424 | val_acc=0.3929 | val_loss=1.6090
Epoch 010/020 | train_loss=2.0999 | train_acc=0.3971 | val_acc=0.1357 | val_loss=2.4317
Epoch 011/020 | train_loss=1.9822 | train_acc=0.4362 | val_acc=0.2786 | val_loss=1.7248
Epoch 012/020 | train_loss=1.9342 | train_acc=0.4544 | val_acc=0.1786 | val_loss=2.6290
Epoch 013/020 | train_loss=1.9156 | train_acc=0.4219 | val_acc=0.3071 | val_loss=1.6817
Epoch 014/020 | train_loss=1.8123 | train_acc=0.5104 | val_acc=0.2714 | val_loss=2.1093
Epoch 015/020 | train_loss=1.7304 | train_acc=0.5443 | val_acc=0.2000 | val_loss=4.4125
Epoch 016/020 | train_loss=1.6850 | train_acc=0.5378 | val_acc=0.4571 | val_loss=1.2733
Epoch 017/020 | train_loss=1.6248 | train_acc=0.5339 | val_acc=0.3214 | val_loss=1.9083
Epoch 018/020 | train_loss=1.5961 | train_acc=0.5586 | val_acc=0.3000 | val_loss=2.2376
Epoch 019/020 | train_loss=1.5424 | train_acc=0.5703 | val_acc=0.2786 | val_loss=2.1194
Epoch 020/020 | train_loss=1.5415 | train_acc=0.5833 | val_acc=0.5286 | val_loss=1.1778
[Train-v2] best_val_acc=0.5286 | best_val_loss=1.1778 | saved=results/stage5/lora_mvacc_cil_seed7_44573179/closedset_lora_day1_10known.pth
[Load] checkpoint=results/stage5/lora_mvacc_cil_seed7_44573179/closedset_lora_day1_10known.pth

[Extract] Deep embeddings
[CF-LCG] view=all24_base | purity=0.347 | gate_open=False
[CF-LCG] global binary gate closed; Local CF-LCG remains sample-adaptive.
[MV-ACC calibration] Day1 validation only: ratio=0.03, merge_threshold=0.74

[MV-ACC-CIL] End-to-end pseudo-label class-incremental learning

========== Table 1: Unknown Discovery / Clustering Results ==========
              Method Round Discovery Day  True New Classes  Samples  Initial Cluster Count  Final Cluster Count  Cluster Count Error  Over-clustering Ratio  Clusters  Noise      NMI      ARI   Purity  Hungarian Acc      Fusion  Alpha  Iter Merge Rounds  Iter Merge Total Merges  Iter Merge Threshold  Noise Before Reassignment  Noise Reassigned  Assignment Coverage  Assignment Score Mean  Assignment Score Min  No-cluster Fallback  Adaptive Split Count  Adaptive Split Size Factor  Adaptive Split Silhouette Threshold  Adaptive Split Silhouette Mean  MVACC Min Cluster Size  MVACC Min Cluster Ratio  MVACC Min Samples
MV-ACC-CIL discovery    R1         Day 2                 5      490                     11                   12                    7                    2.4        12    0.0 0.233383 0.113874 0.483673       0.263265 fixed_alpha    0.7                 12                        1                  0.74                        176               176                  1.0               0.775725              0.543682                False                     2                        1.75                                  0.3                        0.322136                      15                     0.03                  5
MV-ACC-CIL discovery    R2         Day 3                 5      490                      6                    6                    1                    1.2         6    0.0 0.185302 0.117143 0.414286       0.387755 fixed_alpha    0.7                 12                        0                  0.74                         93                93                  1.0               0.748580              0.477917                False                     0                        1.75                                  0.3                             NaN                      15                     0.03                  5
MV-ACC-CIL discovery    R3         Day 4                 5      490                      7                    7                    2                    1.4         7    0.0 0.348184 0.287372 0.563265       0.475510 fixed_alpha    0.7                 12                        0                  0.74                        137               137                  1.0               0.766191              0.491992                False                     0                        1.75                                  0.3                             NaN                      15                     0.03                  5
Saved: results/stage5/lora_mvacc_cil_seed7_44573179/clustering_results.csv

========== Table 2: Incremental Recognition Results ==========
    Method    Stage Eval Day              Eval Split  Seen Classes True New Classes Discovered Clusters Enrolled Clusters  Eval Samples  Overall Acc  Old Acc  New Acc  Initial Known Acc  Forgetting Rate  Macro F1
MV-ACC-CIL  Initial    Day 1 day1_eval_initial_30pct            10                -                   -                 -           420     0.497619 0.497619      NaN           0.497619         0.000000  0.476007
MV-ACC-CIL After R1    Day 2   eval_r1_30pct_15_seen            15                5                  12                12           630     0.187302 0.176190 0.209524           0.176190         0.321429  0.168834
MV-ACC-CIL After R2    Day 3   eval_r2_30pct_20_seen            20                5                   6                 6           840     0.192857 0.131746 0.376190           0.159524         0.338095  0.141197
MV-ACC-CIL After R3    Day 4   eval_r3_30pct_25_seen            25                5                   7                 7          1050     0.120000 0.060714 0.357143           0.000000         0.497619  0.071065
Saved: results/stage5/lora_mvacc_cil_seed7_44573179/incremental_results.csv

========== Table 3: Per-Round Summary Results ==========
    Method Round  Cluster Count  Incremental Pseudo-label Classes  Cluster Count Error  Sample Coverage   Purity      NMI      ARI  Hungarian Acc  Overall Acc  New Acc  Forgetting Rate
MV-ACC-CIL    R1             12                                12                    7         1.000000 0.483673 0.233383 0.113874       0.263265     0.187302 0.209524         0.321429
MV-ACC-CIL    R2              6                                 6                    1         1.000000 0.414286 0.185302 0.117143       0.387755     0.192857 0.376190         0.338095
MV-ACC-CIL    R3              7                                 7                    2         1.000000 0.563265 0.348184 0.287372       0.475510     0.120000 0.357143         0.497619
Saved: results/stage5/lora_mvacc_cil_seed7_44573179/per_round_summary_results.csv
LoRa25 seed7 报告：results/stage5/STAGE5_LORA_MVACC_CIL_SEED7_REPORT_44573179.md
LoRa25 MV-ACC-CIL seed7 完成：/mnt/users/xj62kv/OpenSet_Incremental_SEI/results/stage5/lora_mvacc_cil_seed7_44573179
