阶段 1 方法筛选报告：/mnt/users/xj62kv/OpenSet_Incremental_SEI/results/stage1/stage1_method_screen_44420671.json
运行阶段 1 WiSig 短实验变体：ce_baseline

========== WiSig Cross-Day 10-Known 3-Round Incremental Experiment ==========
Dataset: 数据集/WiSig_CrossDay_40Tx_3Rx_4Day_300Sig_equalized.pkl
Save dir: results/stage1/wisig_short_ce_baseline_44420671
Device: cuda
Protocol: 10 known + 10 unknown R1 + 10 unknown R2 + 10 unknown R3
Receiver setting: selected_rx_list=[2] | mode=single-Rx | physical receiver=third
Old-class prototype bonus beta: 0.0
Closed-set training loss: CE only
Sample-level protocol: 60% backbone train + 10% validation + 30% held-out evaluation
Fusion: fixed alpha | alpha=0.7
No-drop consolidation (ablation): rounds=5, threshold=0.78, coverage=100%
MV-ACC: mcs_ratio=0.045, min_samples=5, merge_th=0.74, sub_prototypes=5, split_factor=1.75, split_sil=0.3, coverage=100%, strict_alignment=Hungarian

[Splits]
Day1 known train 70%: (2100, 2, 256), classes=10, labels=0-9
Initial eval 30%:     (900, 2, 256), classes=10, labels=0-9, day=2021_03_01
Unknown R1 70%:     (2100, 2, 256), classes=10, labels=10-19, day=2021_03_08
After R1 eval 30%:  (1800, 2, 256), classes=20, labels=0-19, day=2021_03_08
Unknown R2 70%:     (2100, 2, 256), classes=10, labels=20-29, day=2021_03_15
After R2 eval 30%:  (2700, 2, 256), classes=30, labels=0-29, day=2021_03_15
Unknown R3 70%:     (2100, 2, 256), classes=10, labels=30-39, day=2021_03_23
After R3 eval 30%:  (3600, 2, 256), classes=40, labels=0-39, day=2021_03_23

[Train-v2] classes=10 | train=1800 | validation=300 | validation_fraction=0.142857
[Train-v2] RF augmentation=True | SupCon projection=disabled
Epoch 001/008 | train_loss=1.8620 | train_acc=0.2840 | val_acc=0.1000 | val_loss=2.1971
Epoch 002/008 | train_loss=1.2140 | train_acc=0.5374 | val_acc=0.3400 | val_loss=1.4561
Epoch 003/008 | train_loss=0.7632 | train_acc=0.7020 | val_acc=0.4600 | val_loss=1.4717
Epoch 004/008 | train_loss=0.4712 | train_acc=0.8175 | val_acc=0.5200 | val_loss=1.4378
Epoch 005/008 | train_loss=0.2961 | train_acc=0.9035 | val_acc=0.7467 | val_loss=0.5477
Epoch 006/008 | train_loss=0.1511 | train_acc=0.9788 | val_acc=0.8733 | val_loss=0.2966
Epoch 007/008 | train_loss=0.0728 | train_acc=0.9922 | val_acc=0.9967 | val_loss=0.0341
Epoch 008/008 | train_loss=0.0387 | train_acc=0.9967 | val_acc=0.9933 | val_loss=0.0985
[Train-v2] best_val_acc=0.9967 | best_val_loss=0.0341 | saved=results/stage1/wisig_short_ce_baseline_44420671/closedset_rx2_day1_10known.pth
[Load] checkpoint=results/stage1/wisig_short_ce_baseline_44420671/closedset_rx2_day1_10known.pth

[Extract] Deep embeddings
[CF-LCG] view=all24_base | purity=0.921 | gate_open=True
[MV-ACC calibration] Day1 validation only: ratio=0.045, merge_threshold=0.74

[MV-ACC-CIL] End-to-end pseudo-label class-incremental learning

========== Table 1: Unknown Discovery / Clustering Results ==========
              Method Round Discovery Day  True New Classes  Samples  Initial Cluster Count  Final Cluster Count  Cluster Count Error  Over-clustering Ratio  Clusters  Noise      NMI      ARI   Purity  Hungarian Acc      Fusion  Alpha  Iter Merge Rounds  Iter Merge Total Merges  Iter Merge Threshold  Noise Before Reassignment  Noise Reassigned  Assignment Coverage  Assignment Score Mean  Assignment Score Min  No-cluster Fallback  Adaptive Split Count  Adaptive Split Size Factor  Adaptive Split Silhouette Threshold  Adaptive Split Silhouette Mean  MVACC Min Cluster Size  MVACC Min Cluster Ratio  MVACC Min Samples
MV-ACC-CIL discovery    R1         Day 2                10     2100                     10                   10                    0                    1.0        10    0.0 0.954128 0.945674 0.974762       0.974762 fixed_alpha    0.7                 12                        0                  0.74                        128               128                  1.0               0.799767              0.682839                False                     0                        1.75                                  0.3                             NaN                      94                    0.045                  5
MV-ACC-CIL discovery    R2         Day 3                10     2100                     10                   10                    0                    1.0        10    0.0 0.926908 0.879736 0.931905       0.931905 fixed_alpha    0.7                 12                        0                  0.74                         18                18                  1.0               0.866990              0.726416                False                     0                        1.75                                  0.3                             NaN                      94                    0.045                  5
MV-ACC-CIL discovery    R3         Day 4                10     2100                     10                   10                    0                    1.0        10    0.0 0.950054 0.926211 0.962857       0.962857 fixed_alpha    0.7                 12                        0                  0.74                         21                21                  1.0               0.827501              0.660926                False                     0                        1.75                                  0.3                             NaN                      94                    0.045                  5
Saved: results/stage1/wisig_short_ce_baseline_44420671/clustering_results.csv

========== Table 2: Incremental Recognition Results ==========
    Method    Stage   Eval Day              Eval Split  Seen Classes True New Classes Discovered Clusters Enrolled Clusters  Eval Samples  Overall Acc  Old Acc  New Acc  Initial Known Acc  Forgetting Rate  Macro F1
MV-ACC-CIL  Initial 2021_03_01 day1_eval_initial_30pct            10                -                   -                 -           900     0.992222 0.992222      NaN           0.992222         0.000000  0.992202
MV-ACC-CIL After R1 2021_03_08   eval_r1_30pct_20_seen            20               10                  10                10          1800     0.698889 0.484444 0.913333           0.484444         0.507778  0.624974
MV-ACC-CIL After R2 2021_03_15   eval_r2_30pct_30_seen            30               10                  10                10          2700     0.600370 0.460000 0.881111           0.375556         0.616667  0.532863
MV-ACC-CIL After R3 2021_03_23   eval_r3_30pct_40_seen            40               10                  10                10          3600     0.448889 0.312593 0.857778           0.464444         0.527778  0.372295
Saved: results/stage1/wisig_short_ce_baseline_44420671/incremental_results.csv

========== Table 3: Per-Round Summary Results ==========
    Method Round  Cluster Count  Incremental Pseudo-label Classes  Cluster Count Error  Sample Coverage   Purity      NMI      ARI  Hungarian Acc  Overall Acc  New Acc  Forgetting Rate
MV-ACC-CIL    R1             10                                10                    0         1.000000 0.974762 0.954128 0.945674       0.974762     0.698889 0.913333         0.507778
MV-ACC-CIL    R2             10                                10                    0         1.000000 0.931905 0.926908 0.879736       0.931905     0.600370 0.881111         0.616667
MV-ACC-CIL    R3             10                                10                    0         1.000000 0.962857 0.950054 0.926211       0.962857     0.448889 0.857778         0.527778
Saved: results/stage1/wisig_short_ce_baseline_44420671/per_round_summary_results.csv
运行阶段 1 WiSig 短实验变体：supcon_representation

========== WiSig Cross-Day 10-Known 3-Round Incremental Experiment ==========
Dataset: 数据集/WiSig_CrossDay_40Tx_3Rx_4Day_300Sig_equalized.pkl
Save dir: results/stage1/wisig_short_supcon_representation_44420671
Device: cuda
Protocol: 10 known + 10 unknown R1 + 10 unknown R2 + 10 unknown R3
Receiver setting: selected_rx_list=[2] | mode=single-Rx | physical receiver=third
Old-class prototype bonus beta: 0.0
Closed-set training loss: CE + 0.1 * SupCon(T=0.2)
Sample-level protocol: 60% backbone train + 10% validation + 30% held-out evaluation
Fusion: fixed alpha | alpha=0.7
No-drop consolidation (ablation): rounds=5, threshold=0.78, coverage=100%
MV-ACC: mcs_ratio=0.045, min_samples=5, merge_th=0.74, sub_prototypes=5, split_factor=1.75, split_sil=0.3, coverage=100%, strict_alignment=Hungarian

[Splits]
Day1 known train 70%: (2100, 2, 256), classes=10, labels=0-9
Initial eval 30%:     (900, 2, 256), classes=10, labels=0-9, day=2021_03_01
Unknown R1 70%:     (2100, 2, 256), classes=10, labels=10-19, day=2021_03_08
After R1 eval 30%:  (1800, 2, 256), classes=20, labels=0-19, day=2021_03_08
Unknown R2 70%:     (2100, 2, 256), classes=10, labels=20-29, day=2021_03_15
After R2 eval 30%:  (2700, 2, 256), classes=30, labels=0-29, day=2021_03_15
Unknown R3 70%:     (2100, 2, 256), classes=10, labels=30-39, day=2021_03_23
After R3 eval 30%:  (3600, 2, 256), classes=40, labels=0-39, day=2021_03_23

[Train-v2] classes=10 | train=1800 | validation=300 | validation_fraction=0.142857
[Train-v2] RF augmentation=True | SupCon projection=64
Epoch 001/008 | train_loss=2.3648 | train_acc=0.2790 | val_acc=0.3000 | val_loss=1.6929
Epoch 002/008 | train_loss=1.6322 | train_acc=0.5603 | val_acc=0.5800 | val_loss=0.8757
Epoch 003/008 | train_loss=1.1552 | train_acc=0.7143 | val_acc=0.4267 | val_loss=1.3721
Epoch 004/008 | train_loss=0.8552 | train_acc=0.8181 | val_acc=0.6467 | val_loss=0.6994
Epoch 005/008 | train_loss=0.6745 | train_acc=0.8862 | val_acc=0.8467 | val_loss=0.4360
Epoch 006/008 | train_loss=0.5604 | train_acc=0.9453 | val_acc=0.8900 | val_loss=0.2786
Epoch 007/008 | train_loss=0.4641 | train_acc=0.9794 | val_acc=0.9800 | val_loss=0.0891
Epoch 008/008 | train_loss=0.4012 | train_acc=0.9911 | val_acc=0.9967 | val_loss=0.0529
[Train-v2] best_val_acc=0.9967 | best_val_loss=0.0529 | saved=results/stage1/wisig_short_supcon_representation_44420671/closedset_rx2_day1_10known.pth
[Load] checkpoint=results/stage1/wisig_short_supcon_representation_44420671/closedset_rx2_day1_10known.pth

[Extract] Deep embeddings
[CF-LCG] view=all24_base | purity=0.921 | gate_open=True
[MV-ACC calibration] Day1 validation only: ratio=0.045, merge_threshold=0.74

[MV-ACC-CIL] End-to-end pseudo-label class-incremental learning

========== Table 1: Unknown Discovery / Clustering Results ==========
              Method Round Discovery Day  True New Classes  Samples  Initial Cluster Count  Final Cluster Count  Cluster Count Error  Over-clustering Ratio  Clusters  Noise      NMI      ARI   Purity  Hungarian Acc      Fusion  Alpha  Iter Merge Rounds  Iter Merge Total Merges  Iter Merge Threshold  Noise Before Reassignment  Noise Reassigned  Assignment Coverage  Assignment Score Mean  Assignment Score Min  No-cluster Fallback  Adaptive Split Count  Adaptive Split Size Factor  Adaptive Split Silhouette Threshold  Adaptive Split Silhouette Mean  MVACC Min Cluster Size  MVACC Min Cluster Ratio  MVACC Min Samples
MV-ACC-CIL discovery    R1         Day 2                10     2100                     10                   10                    0                    1.0        10    0.0 0.942795 0.931154 0.967619       0.967619 fixed_alpha    0.7                 12                        0                  0.74                         86                86                  1.0               0.803032              0.656239                False                     0                        1.75                                  0.3                             NaN                      94                    0.045                  5
MV-ACC-CIL discovery    R2         Day 3                10     2100                     11                   10                    0                    1.0        10    0.0 0.923941 0.878570 0.931905       0.931905 fixed_alpha    0.7                 12                        1                  0.74                         20                20                  1.0               0.868172              0.673829                False                     0                        1.75                                  0.3                             NaN                      94                    0.045                  5
MV-ACC-CIL discovery    R3         Day 4                10     2100                     11                   10                    0                    1.0        10    0.0 0.980330 0.978309 0.990000       0.990000 fixed_alpha    0.7                 12                        1                  0.74                         12                12                  1.0               0.872929              0.785591                False                     0                        1.75                                  0.3                             NaN                      94                    0.045                  5
Saved: results/stage1/wisig_short_supcon_representation_44420671/clustering_results.csv

========== Table 2: Incremental Recognition Results ==========
    Method    Stage   Eval Day              Eval Split  Seen Classes True New Classes Discovered Clusters Enrolled Clusters  Eval Samples  Overall Acc  Old Acc  New Acc  Initial Known Acc  Forgetting Rate  Macro F1
MV-ACC-CIL  Initial 2021_03_01 day1_eval_initial_30pct            10                -                   -                 -           900     0.996667 0.996667      NaN           0.996667         0.000000  0.996673
MV-ACC-CIL After R1 2021_03_08   eval_r1_30pct_20_seen            20               10                  10                10          1800     0.750000 0.652222 0.847778           0.652222         0.344444  0.698730
MV-ACC-CIL After R2 2021_03_15   eval_r2_30pct_30_seen            30               10                  10                10          2700     0.632593 0.524444 0.848889           0.500000         0.496667  0.587526
MV-ACC-CIL After R3 2021_03_23   eval_r3_30pct_40_seen            40               10                  10                10          3600     0.456389 0.340000 0.805556           0.350000         0.646667  0.387314
Saved: results/stage1/wisig_short_supcon_representation_44420671/incremental_results.csv

========== Table 3: Per-Round Summary Results ==========
    Method Round  Cluster Count  Incremental Pseudo-label Classes  Cluster Count Error  Sample Coverage   Purity      NMI      ARI  Hungarian Acc  Overall Acc  New Acc  Forgetting Rate
MV-ACC-CIL    R1             10                                10                    0         1.000000 0.967619 0.942795 0.931154       0.967619     0.750000 0.847778         0.344444
MV-ACC-CIL    R2             10                                10                    0         1.000000 0.931905 0.923941 0.878570       0.931905     0.632593 0.848889         0.496667
MV-ACC-CIL    R3             10                                10                    0         1.000000 0.990000 0.980330 0.978309       0.990000     0.456389 0.805556         0.646667
Saved: results/stage1/wisig_short_supcon_representation_44420671/per_round_summary_results.csv
阶段 1 WiSig 短实验完成：/mnt/users/xj62kv/OpenSet_Incremental_SEI/results/stage1
