阶段 2 WiSig 单种子主流程计划：/mnt/users/xj62kv/OpenSet_Incremental_SEI/results/stage2/stage2_wisig_main_single_seed_plan_44433946.json
运行阶段 2 WiSig 主流程：seed=7, save_dir=results/stage2/wisig_main_ratio_2p0_replay_3p0_seed7_44433946

========== WiSig Cross-Day 10-Known 3-Round Incremental Experiment ==========
Dataset: 数据集/WiSig_CrossDay_40Tx_3Rx_4Day_300Sig_equalized.pkl
Save dir: results/stage2/wisig_main_ratio_2p0_replay_3p0_seed7_44433946
Device: cuda
Protocol: 10 known + 10 unknown R1 + 10 unknown R2 + 10 unknown R3
Receiver setting: selected_rx_list=[2] | mode=single-Rx | physical receiver=third
Old-class prototype bonus beta: 0.0
Closed-set training loss: CE + 0.1 * SupCon(T=0.2)
Sample-level protocol: 60% backbone train + 10% validation + 30% held-out evaluation
Fusion: fixed alpha | alpha=0.7
No-drop consolidation (ablation): rounds=5, threshold=0.78, coverage=100%
MV-ACC: mcs_ratio=0.045, min_samples=5, merge_th=0.74, sub_prototypes=5, split_factor=1.75, split_sil=0.3, coverage=100%, strict_alignment=Hungarian

[Splits]
Day1 known train 70%: (2100, 2, 256), classes=10, labels=0-9
Initial eval 30%:     (900, 2, 256), classes=10, labels=0-9, day=2021_03_01
Unknown R1 70%:     (2100, 2, 256), classes=10, labels=10-19, day=2021_03_08
After R1 eval 30%:  (1800, 2, 256), classes=20, labels=0-19, day=2021_03_08
Unknown R2 70%:     (2100, 2, 256), classes=10, labels=20-29, day=2021_03_15
After R2 eval 30%:  (2700, 2, 256), classes=30, labels=0-29, day=2021_03_15
Unknown R3 70%:     (2100, 2, 256), classes=10, labels=30-39, day=2021_03_23
After R3 eval 30%:  (3600, 2, 256), classes=40, labels=0-39, day=2021_03_23

[Train-v2] classes=10 | train=1800 | validation=300 | validation_fraction=0.142857
[Train-v2] RF augmentation=True | SupCon projection=64
Epoch 001/020 | train_loss=2.3648 | train_acc=0.2790 | val_acc=0.3000 | val_loss=1.6929
Epoch 002/020 | train_loss=1.6322 | train_acc=0.5603 | val_acc=0.5800 | val_loss=0.8757
Epoch 003/020 | train_loss=1.1552 | train_acc=0.7143 | val_acc=0.4267 | val_loss=1.3721
Epoch 004/020 | train_loss=0.8552 | train_acc=0.8181 | val_acc=0.6467 | val_loss=0.6994
Epoch 005/020 | train_loss=0.6745 | train_acc=0.8862 | val_acc=0.8467 | val_loss=0.4360
Epoch 006/020 | train_loss=0.5604 | train_acc=0.9453 | val_acc=0.8900 | val_loss=0.2786
Epoch 007/020 | train_loss=0.4641 | train_acc=0.9794 | val_acc=0.9800 | val_loss=0.0891
Epoch 008/020 | train_loss=0.4012 | train_acc=0.9911 | val_acc=0.9967 | val_loss=0.0529
Epoch 009/020 | train_loss=0.3730 | train_acc=0.9978 | val_acc=0.8367 | val_loss=0.5897
Epoch 010/020 | train_loss=0.3694 | train_acc=0.9972 | val_acc=0.6300 | val_loss=1.0402
Epoch 011/020 | train_loss=0.3669 | train_acc=0.9933 | val_acc=0.9767 | val_loss=0.1069
Epoch 012/020 | train_loss=0.3438 | train_acc=0.9994 | val_acc=0.9933 | val_loss=0.0293
Epoch 013/020 | train_loss=0.3457 | train_acc=0.9983 | val_acc=1.0000 | val_loss=0.0081
Epoch 014/020 | train_loss=0.3420 | train_acc=0.9983 | val_acc=0.9967 | val_loss=0.0074
Epoch 015/020 | train_loss=0.3393 | train_acc=0.9983 | val_acc=0.9967 | val_loss=0.0095
Epoch 016/020 | train_loss=0.3360 | train_acc=0.9989 | val_acc=1.0000 | val_loss=0.0032
Epoch 017/020 | train_loss=0.3349 | train_acc=0.9994 | val_acc=1.0000 | val_loss=0.0035
Epoch 018/020 | train_loss=0.3322 | train_acc=1.0000 | val_acc=1.0000 | val_loss=0.0030
Epoch 019/020 | train_loss=0.3310 | train_acc=1.0000 | val_acc=1.0000 | val_loss=0.0054
Epoch 020/020 | train_loss=0.3305 | train_acc=1.0000 | val_acc=1.0000 | val_loss=0.0021
[Train-v2] best_val_acc=1.0000 | best_val_loss=0.0021 | saved=results/stage2/wisig_main_ratio_2p0_replay_3p0_seed7_44433946/closedset_rx2_day1_10known.pth
[Load] checkpoint=results/stage2/wisig_main_ratio_2p0_replay_3p0_seed7_44433946/closedset_rx2_day1_10known.pth

[Extract] Deep embeddings
[CF-LCG] view=all24_base | purity=0.921 | gate_open=True
[MV-ACC calibration] Day1 validation only: ratio=0.045, merge_threshold=0.74

[MV-ACC-CIL] End-to-end pseudo-label class-incremental learning

========== Table 1: Unknown Discovery / Clustering Results ==========
              Method Round Discovery Day  True New Classes  Samples  Initial Cluster Count  Final Cluster Count  Cluster Count Error  Over-clustering Ratio  Clusters  Noise      NMI      ARI   Purity  Hungarian Acc      Fusion  Alpha  Iter Merge Rounds  Iter Merge Total Merges  Iter Merge Threshold  Noise Before Reassignment  Noise Reassigned  Assignment Coverage  Assignment Score Mean  Assignment Score Min  No-cluster Fallback  Adaptive Split Count  Adaptive Split Size Factor  Adaptive Split Silhouette Threshold  Adaptive Split Silhouette Mean  MVACC Min Cluster Size  MVACC Min Cluster Ratio  MVACC Min Samples
MV-ACC-CIL discovery    R1         Day 2                10     2100                     10                   10                    0                    1.0        10    0.0 0.940787 0.930000 0.966667       0.966667 fixed_alpha    0.7                 12                        0                  0.74                         99                99                  1.0               0.847701              0.644402                False                     0                        1.75                                  0.3                             NaN                      94                    0.045                  5
MV-ACC-CIL discovery    R2         Day 3                10     2100                     10                   10                    0                    1.0        10    0.0 0.932459 0.886585 0.935714       0.935714 fixed_alpha    0.7                 12                        0                  0.74                         25                25                  1.0               0.850807              0.607741                False                     0                        1.75                                  0.3                             NaN                      94                    0.045                  5
MV-ACC-CIL discovery    R3         Day 4                10     2100                     10                   10                    0                    1.0        10    0.0 0.969283 0.968330 0.985238       0.985238 fixed_alpha    0.7                 12                        0                  0.74                         40                40                  1.0               0.820436              0.655775                False                     0                        1.75                                  0.3                             NaN                      94                    0.045                  5
Saved: results/stage2/wisig_main_ratio_2p0_replay_3p0_seed7_44433946/clustering_results.csv

========== Table 2: Incremental Recognition Results ==========
    Method    Stage   Eval Day              Eval Split  Seen Classes True New Classes Discovered Clusters Enrolled Clusters  Eval Samples  Overall Acc  Old Acc  New Acc  Initial Known Acc  Forgetting Rate  Macro F1
MV-ACC-CIL  Initial 2021_03_01 day1_eval_initial_30pct            10                -                   -                 -           900     0.996667 0.996667      NaN           0.996667         0.000000  0.996667
MV-ACC-CIL After R1 2021_03_08   eval_r1_30pct_20_seen            20               10                  10                10          1800     0.853333 0.903333 0.803333           0.903333         0.093333  0.836561
MV-ACC-CIL After R2 2021_03_15   eval_r2_30pct_30_seen            30               10                  10                10          2700     0.771852 0.803333 0.708889           0.865556         0.131111  0.749279
MV-ACC-CIL After R3 2021_03_23   eval_r3_30pct_40_seen            40               10                  10                10          3600     0.632778 0.587407 0.768889           0.857778         0.138889  0.591772
Saved: results/stage2/wisig_main_ratio_2p0_replay_3p0_seed7_44433946/incremental_results.csv

========== Table 3: Per-Round Summary Results ==========
    Method Round  Cluster Count  Incremental Pseudo-label Classes  Cluster Count Error  Sample Coverage   Purity      NMI      ARI  Hungarian Acc  Overall Acc  New Acc  Forgetting Rate
MV-ACC-CIL    R1             10                                10                    0         1.000000 0.966667 0.940787 0.930000       0.966667     0.853333 0.803333         0.093333
MV-ACC-CIL    R2             10                                10                    0         1.000000 0.935714 0.932459 0.886585       0.935714     0.771852 0.708889         0.131111
MV-ACC-CIL    R3             10                                10                    0         1.000000 0.985238 0.969283 0.968330       0.985238     0.632778 0.768889         0.138889
Saved: results/stage2/wisig_main_ratio_2p0_replay_3p0_seed7_44433946/per_round_summary_results.csv
Visualizations saved under: results/stage2/wisig_main_ratio_2p0_replay_3p0_seed7_44433946/visualizations
Core comparison panels saved under: results/stage2/wisig_main_ratio_2p0_replay_3p0_seed7_44433946/visualizations/core_comparison
阶段 2 WiSig RADCIL 单种子主流程完成：/mnt/users/xj62kv/OpenSet_Incremental_SEI/results/stage2/wisig_main_ratio_2p0_replay_3p0_seed7_44433946
