
========== LoRa25 Different Days Indoor 10-Known 3-Round Incremental Experiment ==========
Dataset: datasets/lora25_compact/lora25_diffdays_indoor_aligned_group_256.npz
Save dir: results/stage5/lora_prototype_anchor_seed7_44586060/anchor_0p0
Device: cpu
Protocol: 10 known + 5 unknown R1 + 5 unknown R2 + 5 unknown R3
LoRa split: IQ_1-6 train | IQ_7 validation | IQ_8-10 held-out evaluation
Old-class prototype bonus beta: 0.0
Closed-set training loss: CE + 0.1 * SupCon(T=0.2)
Sample-level protocol: 60% backbone train + 10% validation + 30% held-out evaluation
Fusion: fixed alpha | alpha=0.7
No-drop consolidation (ablation): rounds=5, threshold=0.78, coverage=100%
MV-ACC: mcs_ratio=0.03, min_samples=5, merge_th=0.74, sub_prototypes=5, split_factor=1.75, split_sil=0.3, coverage=100%, strict_alignment=Hungarian

[Splits]
Day1 known train IQ_1-6 train: (840, 2, 256), classes=10, labels=0-9
Initial eval 30%:     (420, 2, 256), classes=10, labels=0-9, day=Day 1
Unknown R1 IQ_1-7 discovery: (490, 2, 256), classes=5, labels=10-14, day=Day 2
After R1 IQ_8-10 eval: (630, 2, 256), classes=15, labels=0-14, day=Day 2
Unknown R2 IQ_1-7 discovery: (490, 2, 256), classes=5, labels=15-19, day=Day 3
After R2 IQ_8-10 eval: (840, 2, 256), classes=20, labels=0-19, day=Day 3
Unknown R3 IQ_1-7 discovery: (490, 2, 256), classes=5, labels=20-24, day=Day 4
After R3 IQ_8-10 eval: (1050, 2, 256), classes=25, labels=0-24, day=Day 4
[Load] checkpoint=results/stage5/lora_representation_screen_seed7_44573249/supcon_rf_aug.pth

[Extract] Deep embeddings
[CF-LCG] view=all24_base | purity=0.347 | gate_open=False
[CF-LCG] global binary gate closed; Local CF-LCG remains sample-adaptive.
[MV-ACC calibration] Day1 validation only: ratio=0.03, merge_threshold=0.74

[MV-ACC-CIL] End-to-end pseudo-label class-incremental learning

========== Table 1: Unknown Discovery / Clustering Results ==========
              Method Round Discovery Day  True New Classes  Samples  Initial Cluster Count  Final Cluster Count  Cluster Count Error  Over-clustering Ratio  Clusters  Noise      NMI      ARI   Purity  Hungarian Acc      Fusion  Alpha  Iter Merge Rounds  Iter Merge Total Merges  Iter Merge Threshold  Noise Before Reassignment  Noise Reassigned  Assignment Coverage  Assignment Score Mean  Assignment Score Min  No-cluster Fallback  Adaptive Split Count  Adaptive Split Size Factor  Adaptive Split Silhouette Threshold  Adaptive Split Silhouette Mean  Target Cluster Count  Target Count Merges  Target Count Last Merge Similarity  MVACC Min Cluster Size  MVACC Min Cluster Ratio  MVACC Min Samples
MV-ACC-CIL discovery    R1         Day 2                 5      490                      7                    5                    0                    1.0         5    0.0 0.144046 0.102181 0.404082       0.393878 fixed_alpha    0.7                 12                        0                  0.74                        102               102                  1.0               0.732938              0.518360                False                     0                        1.75                                  0.3                             NaN                     5                    2                            0.682303                      15                     0.03                  5
MV-ACC-CIL discovery    R2         Day 3                 5      490                      5                    5                    0                    1.0         5    0.0 0.126443 0.099561 0.357143       0.353061 fixed_alpha    0.7                 12                        0                  0.74                        147               147                  1.0               0.697986              0.411334                False                     0                        1.75                                  0.3                             NaN                     5                    0                                 NaN                      15                     0.03                  5
MV-ACC-CIL discovery    R3         Day 4                 5      490                      8                    5                    0                    1.0         5    0.0 0.301490 0.245410 0.485714       0.481633 fixed_alpha    0.7                 12                        1                  0.74                        126               126                  1.0               0.749623              0.442487                False                     0                        1.75                                  0.3                             NaN                     5                    2                            0.683862                      15                     0.03                  5
Saved: results/stage5/lora_prototype_anchor_seed7_44586060/anchor_0p0/clustering_results.csv

========== Table 2: Incremental Recognition Results ==========
    Method    Stage Eval Day              Eval Split  Seen Classes True New Classes Discovered Clusters Enrolled Clusters  Eval Samples  Overall Acc  Old Acc  New Acc  Initial Known Acc  Forgetting Rate  Macro F1
MV-ACC-CIL  Initial    Day 1 day1_eval_initial_30pct            10                -                   -                 -           420     0.526190 0.526190      NaN           0.526190         0.000000  0.507408
MV-ACC-CIL After R1    Day 2   eval_r1_30pct_15_seen            15                5                   5                 5           630     0.249206 0.171429 0.404762           0.171429         0.354762  0.186125
MV-ACC-CIL After R2    Day 3   eval_r2_30pct_20_seen            20                5                   5                 5           840     0.213095 0.169841 0.342857           0.183333         0.342857  0.151085
MV-ACC-CIL After R3    Day 4   eval_r3_30pct_25_seen            25                5                   5                 5          1050     0.149524 0.077381 0.438095           0.033333         0.492857  0.084652
Saved: results/stage5/lora_prototype_anchor_seed7_44586060/anchor_0p0/incremental_results.csv

========== Table 3: Per-Round Summary Results ==========
    Method Round  Cluster Count  Incremental Pseudo-label Classes  Cluster Count Error  Sample Coverage   Purity      NMI      ARI  Hungarian Acc  Overall Acc  New Acc  Forgetting Rate
MV-ACC-CIL    R1              5                                 5                    0         1.000000 0.404082 0.144046 0.102181       0.393878     0.249206 0.404762         0.354762
MV-ACC-CIL    R2              5                                 5                    0         1.000000 0.357143 0.126443 0.099561       0.353061     0.213095 0.342857         0.342857
MV-ACC-CIL    R3              5                                 5                    0         1.000000 0.485714 0.301490 0.245410       0.481633     0.149524 0.438095         0.492857
Saved: results/stage5/lora_prototype_anchor_seed7_44586060/anchor_0p0/per_round_summary_results.csv

========== LoRa25 Different Days Indoor 10-Known 3-Round Incremental Experiment ==========
Dataset: datasets/lora25_compact/lora25_diffdays_indoor_aligned_group_256.npz
Save dir: results/stage5/lora_prototype_anchor_seed7_44586060/anchor_0p25
Device: cpu
Protocol: 10 known + 5 unknown R1 + 5 unknown R2 + 5 unknown R3
LoRa split: IQ_1-6 train | IQ_7 validation | IQ_8-10 held-out evaluation
Old-class prototype bonus beta: 0.0
Closed-set training loss: CE + 0.1 * SupCon(T=0.2)
Sample-level protocol: 60% backbone train + 10% validation + 30% held-out evaluation
Fusion: fixed alpha | alpha=0.7
No-drop consolidation (ablation): rounds=5, threshold=0.78, coverage=100%
MV-ACC: mcs_ratio=0.03, min_samples=5, merge_th=0.74, sub_prototypes=5, split_factor=1.75, split_sil=0.3, coverage=100%, strict_alignment=Hungarian

[Splits]
Day1 known train IQ_1-6 train: (840, 2, 256), classes=10, labels=0-9
Initial eval 30%:     (420, 2, 256), classes=10, labels=0-9, day=Day 1
Unknown R1 IQ_1-7 discovery: (490, 2, 256), classes=5, labels=10-14, day=Day 2
After R1 IQ_8-10 eval: (630, 2, 256), classes=15, labels=0-14, day=Day 2
Unknown R2 IQ_1-7 discovery: (490, 2, 256), classes=5, labels=15-19, day=Day 3
After R2 IQ_8-10 eval: (840, 2, 256), classes=20, labels=0-19, day=Day 3
Unknown R3 IQ_1-7 discovery: (490, 2, 256), classes=5, labels=20-24, day=Day 4
After R3 IQ_8-10 eval: (1050, 2, 256), classes=25, labels=0-24, day=Day 4
[Load] checkpoint=results/stage5/lora_representation_screen_seed7_44573249/supcon_rf_aug.pth

[Extract] Deep embeddings
[CF-LCG] view=all24_base | purity=0.347 | gate_open=False
[CF-LCG] global binary gate closed; Local CF-LCG remains sample-adaptive.
[MV-ACC calibration] Day1 validation only: ratio=0.03, merge_threshold=0.74

[MV-ACC-CIL] End-to-end pseudo-label class-incremental learning

========== Table 1: Unknown Discovery / Clustering Results ==========
              Method Round Discovery Day  True New Classes  Samples  Initial Cluster Count  Final Cluster Count  Cluster Count Error  Over-clustering Ratio  Clusters  Noise      NMI      ARI   Purity  Hungarian Acc      Fusion  Alpha  Iter Merge Rounds  Iter Merge Total Merges  Iter Merge Threshold  Noise Before Reassignment  Noise Reassigned  Assignment Coverage  Assignment Score Mean  Assignment Score Min  No-cluster Fallback  Adaptive Split Count  Adaptive Split Size Factor  Adaptive Split Silhouette Threshold  Adaptive Split Silhouette Mean  Target Cluster Count  Target Count Merges  Target Count Last Merge Similarity  MVACC Min Cluster Size  MVACC Min Cluster Ratio  MVACC Min Samples
MV-ACC-CIL discovery    R1         Day 2                 5      490                      7                    5                    0                    1.0         5    0.0 0.144046 0.102181 0.404082       0.393878 fixed_alpha    0.7                 12                        0                  0.74                        102               102                  1.0               0.732938              0.518360                False                     0                        1.75                                  0.3                             NaN                     5                    2                            0.682303                      15                     0.03                  5
MV-ACC-CIL discovery    R2         Day 3                 5      490                      5                    5                    0                    1.0         5    0.0 0.126435 0.099456 0.357143       0.353061 fixed_alpha    0.7                 12                        0                  0.74                        149               149                  1.0               0.699891              0.411010                False                     0                        1.75                                  0.3                             NaN                     5                    0                                 NaN                      15                     0.03                  5
MV-ACC-CIL discovery    R3         Day 4                 5      490                      8                    5                    0                    1.0         5    0.0 0.337581 0.273180 0.491837       0.475510 fixed_alpha    0.7                 12                        1                  0.74                        136               136                  1.0               0.738666              0.442589                False                     0                        1.75                                  0.3                             NaN                     5                    2                            0.684908                      15                     0.03                  5
Saved: results/stage5/lora_prototype_anchor_seed7_44586060/anchor_0p25/clustering_results.csv

========== Table 2: Incremental Recognition Results ==========
    Method    Stage Eval Day              Eval Split  Seen Classes True New Classes Discovered Clusters Enrolled Clusters  Eval Samples  Overall Acc  Old Acc  New Acc  Initial Known Acc  Forgetting Rate  Macro F1
MV-ACC-CIL  Initial    Day 1 day1_eval_initial_30pct            10                -                   -                 -           420     0.526190 0.526190      NaN           0.526190         0.000000  0.507408
MV-ACC-CIL After R1    Day 2   eval_r1_30pct_15_seen            15                5                   5                 5           630     0.250794 0.171429 0.409524           0.171429         0.354762  0.188237
MV-ACC-CIL After R2    Day 3   eval_r2_30pct_20_seen            20                5                   5                 5           840     0.219048 0.174603 0.352381           0.190476         0.335714  0.154498
MV-ACC-CIL After R3    Day 4   eval_r3_30pct_25_seen            25                5                   5                 5          1050     0.110476 0.039286 0.395238           0.023810         0.502381  0.050434
Saved: results/stage5/lora_prototype_anchor_seed7_44586060/anchor_0p25/incremental_results.csv

========== Table 3: Per-Round Summary Results ==========
    Method Round  Cluster Count  Incremental Pseudo-label Classes  Cluster Count Error  Sample Coverage   Purity      NMI      ARI  Hungarian Acc  Overall Acc  New Acc  Forgetting Rate
MV-ACC-CIL    R1              5                                 5                    0         1.000000 0.404082 0.144046 0.102181       0.393878     0.250794 0.409524         0.354762
MV-ACC-CIL    R2              5                                 5                    0         1.000000 0.357143 0.126435 0.099456       0.353061     0.219048 0.352381         0.335714
MV-ACC-CIL    R3              5                                 5                    0         1.000000 0.491837 0.337581 0.273180       0.475510     0.110476 0.395238         0.502381
Saved: results/stage5/lora_prototype_anchor_seed7_44586060/anchor_0p25/per_round_summary_results.csv

========== LoRa25 Different Days Indoor 10-Known 3-Round Incremental Experiment ==========
Dataset: datasets/lora25_compact/lora25_diffdays_indoor_aligned_group_256.npz
Save dir: results/stage5/lora_prototype_anchor_seed7_44586060/anchor_1p0
Device: cpu
Protocol: 10 known + 5 unknown R1 + 5 unknown R2 + 5 unknown R3
LoRa split: IQ_1-6 train | IQ_7 validation | IQ_8-10 held-out evaluation
Old-class prototype bonus beta: 0.0
Closed-set training loss: CE + 0.1 * SupCon(T=0.2)
Sample-level protocol: 60% backbone train + 10% validation + 30% held-out evaluation
Fusion: fixed alpha | alpha=0.7
No-drop consolidation (ablation): rounds=5, threshold=0.78, coverage=100%
MV-ACC: mcs_ratio=0.03, min_samples=5, merge_th=0.74, sub_prototypes=5, split_factor=1.75, split_sil=0.3, coverage=100%, strict_alignment=Hungarian

[Splits]
Day1 known train IQ_1-6 train: (840, 2, 256), classes=10, labels=0-9
Initial eval 30%:     (420, 2, 256), classes=10, labels=0-9, day=Day 1
Unknown R1 IQ_1-7 discovery: (490, 2, 256), classes=5, labels=10-14, day=Day 2
After R1 IQ_8-10 eval: (630, 2, 256), classes=15, labels=0-14, day=Day 2
Unknown R2 IQ_1-7 discovery: (490, 2, 256), classes=5, labels=15-19, day=Day 3
After R2 IQ_8-10 eval: (840, 2, 256), classes=20, labels=0-19, day=Day 3
Unknown R3 IQ_1-7 discovery: (490, 2, 256), classes=5, labels=20-24, day=Day 4
After R3 IQ_8-10 eval: (1050, 2, 256), classes=25, labels=0-24, day=Day 4
[Load] checkpoint=results/stage5/lora_representation_screen_seed7_44573249/supcon_rf_aug.pth

[Extract] Deep embeddings
[CF-LCG] view=all24_base | purity=0.347 | gate_open=False
[CF-LCG] global binary gate closed; Local CF-LCG remains sample-adaptive.
[MV-ACC calibration] Day1 validation only: ratio=0.03, merge_threshold=0.74

[MV-ACC-CIL] End-to-end pseudo-label class-incremental learning

========== Table 1: Unknown Discovery / Clustering Results ==========
              Method Round Discovery Day  True New Classes  Samples  Initial Cluster Count  Final Cluster Count  Cluster Count Error  Over-clustering Ratio  Clusters  Noise      NMI      ARI   Purity  Hungarian Acc      Fusion  Alpha  Iter Merge Rounds  Iter Merge Total Merges  Iter Merge Threshold  Noise Before Reassignment  Noise Reassigned  Assignment Coverage  Assignment Score Mean  Assignment Score Min  No-cluster Fallback  Adaptive Split Count  Adaptive Split Size Factor  Adaptive Split Silhouette Threshold  Adaptive Split Silhouette Mean  Target Cluster Count  Target Count Merges  Target Count Last Merge Similarity  MVACC Min Cluster Size  MVACC Min Cluster Ratio  MVACC Min Samples
MV-ACC-CIL discovery    R1         Day 2                 5      490                      7                    5                    0                    1.0         5    0.0 0.144046 0.102181 0.404082       0.393878 fixed_alpha    0.7                 12                        0                  0.74                        102               102                  1.0               0.732938              0.518360                False                     0                        1.75                                  0.3                             NaN                     5                    2                            0.682303                      15                     0.03                  5
MV-ACC-CIL discovery    R2         Day 3                 5      490                      5                    5                    0                    1.0         5    0.0 0.125621 0.098674 0.355102       0.353061 fixed_alpha    0.7                 12                        0                  0.74                        147               147                  1.0               0.698135              0.410796                False                     0                        1.75                                  0.3                             NaN                     5                    0                                 NaN                      15                     0.03                  5
MV-ACC-CIL discovery    R3         Day 4                 5      490                      8                    5                    0                    1.0         5    0.0 0.335874 0.270710 0.489796       0.471429 fixed_alpha    0.7                 12                        1                  0.74                        136               136                  1.0               0.738715              0.442626                False                     0                        1.75                                  0.3                             NaN                     5                    2                            0.680938                      15                     0.03                  5
Saved: results/stage5/lora_prototype_anchor_seed7_44586060/anchor_1p0/clustering_results.csv

========== Table 2: Incremental Recognition Results ==========
    Method    Stage Eval Day              Eval Split  Seen Classes True New Classes Discovered Clusters Enrolled Clusters  Eval Samples  Overall Acc  Old Acc  New Acc  Initial Known Acc  Forgetting Rate  Macro F1
MV-ACC-CIL  Initial    Day 1 day1_eval_initial_30pct            10                -                   -                 -           420     0.526190 0.526190      NaN           0.526190         0.000000  0.507408
MV-ACC-CIL After R1    Day 2   eval_r1_30pct_15_seen            15                5                   5                 5           630     0.250794 0.171429 0.409524           0.171429         0.354762  0.188236
MV-ACC-CIL After R2    Day 3   eval_r2_30pct_20_seen            20                5                   5                 5           840     0.219048 0.174603 0.352381           0.190476         0.335714  0.154474
MV-ACC-CIL After R3    Day 4   eval_r3_30pct_25_seen            25                5                   5                 5          1050     0.114286 0.042857 0.400000           0.023810         0.502381  0.057560
Saved: results/stage5/lora_prototype_anchor_seed7_44586060/anchor_1p0/incremental_results.csv

========== Table 3: Per-Round Summary Results ==========
    Method Round  Cluster Count  Incremental Pseudo-label Classes  Cluster Count Error  Sample Coverage   Purity      NMI      ARI  Hungarian Acc  Overall Acc  New Acc  Forgetting Rate
MV-ACC-CIL    R1              5                                 5                    0         1.000000 0.404082 0.144046 0.102181       0.393878     0.250794 0.409524         0.354762
MV-ACC-CIL    R2              5                                 5                    0         1.000000 0.355102 0.125621 0.098674       0.353061     0.219048 0.352381         0.335714
MV-ACC-CIL    R3              5                                 5                    0         1.000000 0.489796 0.335874 0.270710       0.471429     0.114286 0.400000         0.502381
Saved: results/stage5/lora_prototype_anchor_seed7_44586060/anchor_1p0/per_round_summary_results.csv
LoRa 原型锚定报告：results/stage5/STAGE5_LORA_PROTOTYPE_ANCHOR_SEED7_REPORT_44586060.md
Slurm 产物只读清单：results/stage5/slurm_artifact_inventory_44586060.json
