Traceback (most recent call last):
  File "/mnt/users/xj62kv/OpenSet_Incremental_SEI_lora_bias_run/.venv/lib64/python3.11/site-packages/pandas/core/indexes/base.py", line 3641, in get_loc
    return self._engine.get_loc(casted_key)
           ^^^^^^^^^^^^^^^^^^^^^^^^^^^^^^^^
  File "pandas/_libs/index.pyx", line 168, in pandas._libs.index.IndexEngine.get_loc
  File "pandas/_libs/index.pyx", line 197, in pandas._libs.index.IndexEngine.get_loc
  File "pandas/_libs/hashtable_class_helper.pxi", line 7668, in pandas._libs.hashtable.PyObjectHashTable.get_item
  File "pandas/_libs/hashtable_class_helper.pxi", line 7676, in pandas._libs.hashtable.PyObjectHashTable.get_item
KeyError: 'Discovered Clusters'

The above exception was the direct cause of the following exception:

Traceback (most recent call last):
  File "/mnt/users/xj62kv/OpenSet_Incremental_SEI_lora_bias_run/tools/stage5_lora_old_logit_bias_multiseed_report.py", line 141, in <module>
    raise SystemExit(main())
                     ^^^^^^
  File "/mnt/users/xj62kv/OpenSet_Incremental_SEI_lora_bias_run/tools/stage5_lora_old_logit_bias_multiseed_report.py", line 68, in main
    rows = [_read_r3(seed, root) for seed in seeds]
           ^^^^^^^^^^^^^^^^^^^^^^^^^^^^^^^^^^^^^^^^
  File "/mnt/users/xj62kv/OpenSet_Incremental_SEI_lora_bias_run/tools/stage5_lora_old_logit_bias_multiseed_report.py", line 68, in <listcomp>
    rows = [_read_r3(seed, root) for seed in seeds]
            ^^^^^^^^^^^^^^^^^^^^
  File "/mnt/users/xj62kv/OpenSet_Incremental_SEI_lora_bias_run/tools/stage5_lora_old_logit_bias_multiseed_report.py", line 40, in _read_r3
    "cluster_count": int(c3["Discovered Clusters"]),
                         ~~^^^^^^^^^^^^^^^^^^^^^^^
  File "/mnt/users/xj62kv/OpenSet_Incremental_SEI_lora_bias_run/.venv/lib64/python3.11/site-packages/pandas/core/series.py", line 959, in __getitem__
    return self._get_value(key)
           ^^^^^^^^^^^^^^^^^^^^
  File "/mnt/users/xj62kv/OpenSet_Incremental_SEI_lora_bias_run/.venv/lib64/python3.11/site-packages/pandas/core/series.py", line 1046, in _get_value
    loc = self.index.get_loc(label)
          ^^^^^^^^^^^^^^^^^^^^^^^^^
  File "/mnt/users/xj62kv/OpenSet_Incremental_SEI_lora_bias_run/.venv/lib64/python3.11/site-packages/pandas/core/indexes/base.py", line 3648, in get_loc
    raise KeyError(key) from err
KeyError: 'Discovered Clusters'
