ADS-B 阶段 4 正式三种子计划：/mnt/users/xj62kv/OpenSet_Incremental_SEI/results/stage4/stage4_adsb_multiseed_plan_44470736.json
运行 ADS-B 正式扩展：seed=7, save_dir=results/stage4/adsb_main_long_radcil_seed7_44470736

========== Strict ADS-B 90-Known 3-Round MV-ACC-CIL Experiment ==========
Dataset root: 数据集/ADS-B/Dataset
Save dir: results/stage4/adsb_main_long_radcil_seed7_44470736
Device: cuda
Backbone: adsb_long
Protocol: 90 known + 10 novel R1 + 10 novel R2 + 10 novel R3
Receiver setting: receiver metadata unavailable; treated as one acquisition domain
Old-class prototype bonus beta: 0.0
Closed-set training loss: CE + 0.1 * SupCon(T=0.2)
Base-class protocol: 60% backbone train + 10% validation + 30% stored-order held-out evaluation
Novel-class protocol: provided train file for discovery/training; provided test file for evaluation only
Fusion: fixed alpha | alpha=0.7
No-drop consolidation (ablation): rounds=5, threshold=0.78, coverage=100%
MV-ACC: mcs_ratio=0.045, min_samples=5, merge_th=0.74, sub_prototypes=5, split_factor=1.75, split_sil=0.3, coverage=100%, strict_alignment=Hungarian

[Splits]
Base development 70%: (14388, 2, 4800), classes=90, labels=0-89
Initial eval 30%:     (6178, 2, 4800), classes=90, labels=0-89, day=ADS-B known-pool held-out partition
Novel R1 train file: (3081, 2, 4800), classes=10, labels=90-99, source=ADS-B novel pool group 0-9
After R1 held-out eval: (7178, 2, 4800), classes=100, labels=0-99, source=ADS-B held-out evaluation after round 1
Novel R2 train file: (2911, 2, 4800), classes=10, labels=100-109, source=ADS-B novel pool group 10-19
After R2 held-out eval: (8178, 2, 4800), classes=110, labels=0-109, source=ADS-B held-out evaluation after round 2
Novel R3 train file: (2448, 2, 4800), classes=10, labels=110-119, source=ADS-B novel pool group 20-29
After R3 held-out eval: (9178, 2, 4800), classes=120, labels=0-119, source=ADS-B held-out evaluation after round 3
[Integrity] exact IQ overlap across every development/test boundary: 0

[Train-v2] classes=90 | train=12338 | validation=2050 | validation_fraction=0.142857
[Train-v2] RF augmentation=True | SupCon projection=64
Epoch 001/030 | train_loss=3.2530 | train_acc=0.2348 | val_acc=0.2956 | val_loss=2.4072
Epoch 002/030 | train_loss=2.2855 | train_acc=0.3875 | val_acc=0.4122 | val_loss=1.8583
Epoch 003/030 | train_loss=1.9055 | train_acc=0.4810 | val_acc=0.4595 | val_loss=1.6378
Epoch 004/030 | train_loss=1.6345 | train_acc=0.5504 | val_acc=0.5400 | val_loss=1.3808
Epoch 005/030 | train_loss=1.4646 | train_acc=0.5988 | val_acc=0.5434 | val_loss=1.3969
Epoch 006/030 | train_loss=1.2992 | train_acc=0.6475 | val_acc=0.5746 | val_loss=1.3079
Epoch 007/030 | train_loss=1.2027 | train_acc=0.6750 | val_acc=0.6302 | val_loss=1.1156
Epoch 008/030 | train_loss=1.1068 | train_acc=0.7025 | val_acc=0.6410 | val_loss=1.0585
Epoch 009/030 | train_loss=1.0311 | train_acc=0.7275 | val_acc=0.5878 | val_loss=1.2878
Epoch 010/030 | train_loss=0.9671 | train_acc=0.7424 | val_acc=0.6615 | val_loss=1.0031
Epoch 011/030 | train_loss=0.9091 | train_acc=0.7647 | val_acc=0.6629 | val_loss=0.9994
Epoch 012/030 | train_loss=0.8457 | train_acc=0.7916 | val_acc=0.6463 | val_loss=1.1137
Epoch 013/030 | train_loss=0.8203 | train_acc=0.7902 | val_acc=0.6815 | val_loss=0.9576
Epoch 014/030 | train_loss=0.7439 | train_acc=0.8202 | val_acc=0.6600 | val_loss=1.0490
Epoch 015/030 | train_loss=0.7154 | train_acc=0.8307 | val_acc=0.6805 | val_loss=0.9858
Epoch 016/030 | train_loss=0.6657 | train_acc=0.8481 | val_acc=0.6990 | val_loss=0.9444
Epoch 017/030 | train_loss=0.5964 | train_acc=0.8712 | val_acc=0.7039 | val_loss=0.9077
Epoch 018/030 | train_loss=0.5719 | train_acc=0.8806 | val_acc=0.6980 | val_loss=0.9839
Epoch 019/030 | train_loss=0.5602 | train_acc=0.8857 | val_acc=0.6849 | val_loss=1.0009
Epoch 020/030 | train_loss=0.5079 | train_acc=0.9049 | val_acc=0.7200 | val_loss=0.9741
Epoch 021/030 | train_loss=0.4857 | train_acc=0.9126 | val_acc=0.6956 | val_loss=1.0623
Epoch 022/030 | train_loss=0.4612 | train_acc=0.9171 | val_acc=0.6917 | val_loss=1.0780
Epoch 023/030 | train_loss=0.4074 | train_acc=0.9361 | val_acc=0.6922 | val_loss=1.2061
Epoch 024/030 | train_loss=0.4098 | train_acc=0.9327 | val_acc=0.6976 | val_loss=1.0443
Epoch 025/030 | train_loss=0.3995 | train_acc=0.9390 | val_acc=0.7000 | val_loss=1.0737
Epoch 026/030 | train_loss=0.3390 | train_acc=0.9599 | val_acc=0.7083 | val_loss=1.1206
Epoch 027/030 | train_loss=0.3244 | train_acc=0.9657 | val_acc=0.7156 | val_loss=1.1435
Epoch 028/030 | train_loss=0.3248 | train_acc=0.9629 | val_acc=0.7137 | val_loss=1.2274
Epoch 029/030 | train_loss=0.3315 | train_acc=0.9584 | val_acc=0.6980 | val_loss=1.2657
Epoch 030/030 | train_loss=0.2744 | train_acc=0.9795 | val_acc=0.7117 | val_loss=1.1782
[Train-v2] best_val_acc=0.7200 | best_val_loss=0.9741 | saved=results/stage4/adsb_main_long_radcil_seed7_44470736/closedset_adsb_90known_strict.pth
[Load] checkpoint=results/stage4/adsb_main_long_radcil_seed7_44470736/closedset_adsb_90known_strict.pth

[Extract] Deep embeddings
[CF-LCG] view=all24_base | purity=0.111 | gate_open=False
[CF-LCG] global binary gate closed; Local CF-LCG remains sample-adaptive.
[MV-ACC calibration] Day1 validation only: ratio=0.03, merge_threshold=0.74

[MV-ACC-CIL] End-to-end pseudo-label class-incremental learning

========== Table 1: Unknown Discovery / Clustering Results ==========
              Method Round Discovery Day  True New Classes  Samples  Initial Cluster Count  Final Cluster Count  Cluster Count Error  Over-clustering Ratio  Clusters  Noise      NMI      ARI   Purity  Hungarian Acc      Fusion  Alpha  Iter Merge Rounds  Iter Merge Total Merges  Iter Merge Threshold  Noise Before Reassignment  Noise Reassigned  Assignment Coverage  Assignment Score Mean  Assignment Score Min  No-cluster Fallback  Adaptive Split Count  Adaptive Split Size Factor  Adaptive Split Silhouette Threshold  Adaptive Split Silhouette Mean  MVACC Min Cluster Size  MVACC Min Cluster Ratio  MVACC Min Samples
MV-ACC-CIL discovery    R1         Day 2                10     3081                      9                   12                    2                    1.2        12    0.0 0.809611 0.609684 0.819215       0.645570 fixed_alpha    0.7                 12                        0                  0.74                        184               184                  1.0               0.767426              0.549627                False                     3                        1.75                                  0.3                           0.388                      92                     0.03                  5
MV-ACC-CIL discovery    R2         Day 3                10     2911                     10                    9                    1                    0.9         9    0.0 0.775509 0.634506 0.728959       0.669186 fixed_alpha    0.7                 12                        1                  0.74                        773               773                  1.0               0.666091              0.468194                False                     0                        1.75                                  0.3                             NaN                      87                     0.03                  5
MV-ACC-CIL discovery    R3         Day 4                10     2448                      7                    7                    3                    0.7         7    0.0 0.786706 0.597442 0.709559       0.661765 fixed_alpha    0.7                 12                        0                  0.74                        103               103                  1.0               0.779775              0.547393                False                     0                        1.75                                  0.3                             NaN                      73                     0.03                  5
Saved: results/stage4/adsb_main_long_radcil_seed7_44470736/clustering_results.csv

========== Table 2: Incremental Recognition Results ==========
    Method    Stage                                Eval Day              Eval Split  Seen Classes True New Classes Discovered Clusters Enrolled Clusters  Eval Samples  Overall Acc  Old Acc  New Acc  Initial Known Acc  Forgetting Rate  Macro F1
MV-ACC-CIL  Initial     ADS-B known-pool held-out partition day1_eval_initial_30pct            90                -                   -                 -          6178     0.599709 0.599709      NaN           0.599709         0.000000  0.546687
MV-ACC-CIL After R1 ADS-B held-out evaluation after round 1  eval_r1_30pct_100_seen           100               10                  12                12          7178     0.537754 0.523956    0.623           0.523956         0.075753  0.523691
MV-ACC-CIL After R2 ADS-B held-out evaluation after round 2  eval_r2_30pct_110_seen           110               10                   9                 9          8178     0.509905 0.506687    0.533           0.506960         0.092748  0.500681
MV-ACC-CIL After R3 ADS-B held-out evaluation after round 3  eval_r3_30pct_120_seen           120               10                   7                 7          9178     0.473959 0.478112    0.440           0.498867         0.100842  0.463875
Saved: results/stage4/adsb_main_long_radcil_seed7_44470736/incremental_results.csv

========== Table 3: Per-Round Summary Results ==========
    Method Round  Cluster Count  Incremental Pseudo-label Classes  Cluster Count Error  Sample Coverage   Purity      NMI      ARI  Hungarian Acc  Overall Acc  New Acc  Forgetting Rate
MV-ACC-CIL    R1             12                                12                    2         1.000000 0.819215 0.809611 0.609684       0.645570     0.537754 0.623000         0.075753
MV-ACC-CIL    R2              9                                 9                    1         1.000000 0.728959 0.775509 0.634506       0.669186     0.509905 0.533000         0.092748
MV-ACC-CIL    R3              7                                 7                    3         1.000000 0.709559 0.786706 0.597442       0.661765     0.473959 0.440000         0.100842
Saved: results/stage4/adsb_main_long_radcil_seed7_44470736/per_round_summary_results.csv
运行 ADS-B 正式扩展：seed=13, save_dir=results/stage4/adsb_main_long_radcil_seed13_44470736

========== Strict ADS-B 90-Known 3-Round MV-ACC-CIL Experiment ==========
Dataset root: 数据集/ADS-B/Dataset
Save dir: results/stage4/adsb_main_long_radcil_seed13_44470736
Device: cuda
Backbone: adsb_long
Protocol: 90 known + 10 novel R1 + 10 novel R2 + 10 novel R3
Receiver setting: receiver metadata unavailable; treated as one acquisition domain
Old-class prototype bonus beta: 0.0
Closed-set training loss: CE + 0.1 * SupCon(T=0.2)
Base-class protocol: 60% backbone train + 10% validation + 30% stored-order held-out evaluation
Novel-class protocol: provided train file for discovery/training; provided test file for evaluation only
Fusion: fixed alpha | alpha=0.7
No-drop consolidation (ablation): rounds=5, threshold=0.78, coverage=100%
MV-ACC: mcs_ratio=0.045, min_samples=5, merge_th=0.74, sub_prototypes=5, split_factor=1.75, split_sil=0.3, coverage=100%, strict_alignment=Hungarian

[Splits]
Base development 70%: (14388, 2, 4800), classes=90, labels=0-89
Initial eval 30%:     (6178, 2, 4800), classes=90, labels=0-89, day=ADS-B known-pool held-out partition
Novel R1 train file: (3081, 2, 4800), classes=10, labels=90-99, source=ADS-B novel pool group 0-9
After R1 held-out eval: (7178, 2, 4800), classes=100, labels=0-99, source=ADS-B held-out evaluation after round 1
Novel R2 train file: (2911, 2, 4800), classes=10, labels=100-109, source=ADS-B novel pool group 10-19
After R2 held-out eval: (8178, 2, 4800), classes=110, labels=0-109, source=ADS-B held-out evaluation after round 2
Novel R3 train file: (2448, 2, 4800), classes=10, labels=110-119, source=ADS-B novel pool group 20-29
After R3 held-out eval: (9178, 2, 4800), classes=120, labels=0-119, source=ADS-B held-out evaluation after round 3
[Integrity] exact IQ overlap across every development/test boundary: 0

[Train-v2] classes=90 | train=12338 | validation=2050 | validation_fraction=0.142857
[Train-v2] RF augmentation=True | SupCon projection=64
Epoch 001/030 | train_loss=3.2328 | train_acc=0.2546 | val_acc=0.3585 | val_loss=2.1888
Epoch 002/030 | train_loss=2.2246 | train_acc=0.4155 | val_acc=0.4546 | val_loss=1.7337
Epoch 003/030 | train_loss=1.8599 | train_acc=0.4923 | val_acc=0.4590 | val_loss=1.7548
Epoch 004/030 | train_loss=1.6021 | train_acc=0.5640 | val_acc=0.5137 | val_loss=1.5432
Epoch 005/030 | train_loss=1.4130 | train_acc=0.6174 | val_acc=0.5702 | val_loss=1.2340
Epoch 006/030 | train_loss=1.2805 | train_acc=0.6611 | val_acc=0.6210 | val_loss=1.1442
Epoch 007/030 | train_loss=1.1604 | train_acc=0.6906 | val_acc=0.6224 | val_loss=1.1035
Epoch 008/030 | train_loss=1.0913 | train_acc=0.7109 | val_acc=0.6537 | val_loss=1.0536
Epoch 009/030 | train_loss=1.0028 | train_acc=0.7341 | val_acc=0.6620 | val_loss=0.9894
Epoch 010/030 | train_loss=0.9434 | train_acc=0.7555 | val_acc=0.6985 | val_loss=0.8846
Epoch 011/030 | train_loss=0.8815 | train_acc=0.7711 | val_acc=0.6966 | val_loss=0.9248
Epoch 012/030 | train_loss=0.8359 | train_acc=0.7898 | val_acc=0.7044 | val_loss=0.9207
Epoch 013/030 | train_loss=0.8130 | train_acc=0.7948 | val_acc=0.6741 | val_loss=0.9934
Epoch 014/030 | train_loss=0.7510 | train_acc=0.8159 | val_acc=0.6985 | val_loss=0.8955
Epoch 015/030 | train_loss=0.7047 | train_acc=0.8309 | val_acc=0.6937 | val_loss=0.9571
Epoch 016/030 | train_loss=0.6679 | train_acc=0.8467 | val_acc=0.6990 | val_loss=0.9432
Epoch 017/030 | train_loss=0.6057 | train_acc=0.8673 | val_acc=0.7171 | val_loss=0.9276
Epoch 018/030 | train_loss=0.5980 | train_acc=0.8712 | val_acc=0.6683 | val_loss=1.1179
Epoch 019/030 | train_loss=0.5666 | train_acc=0.8819 | val_acc=0.7127 | val_loss=0.9671
Epoch 020/030 | train_loss=0.5250 | train_acc=0.8961 | val_acc=0.7107 | val_loss=0.9893
Epoch 021/030 | train_loss=0.5021 | train_acc=0.9071 | val_acc=0.7049 | val_loss=1.0252
Epoch 022/030 | train_loss=0.4427 | train_acc=0.9277 | val_acc=0.7063 | val_loss=1.0676
Epoch 023/030 | train_loss=0.4370 | train_acc=0.9277 | val_acc=0.7132 | val_loss=1.0747
Epoch 024/030 | train_loss=0.4168 | train_acc=0.9323 | val_acc=0.7190 | val_loss=1.0406
Epoch 025/030 | train_loss=0.3826 | train_acc=0.9445 | val_acc=0.7156 | val_loss=1.0578
Epoch 026/030 | train_loss=0.3614 | train_acc=0.9523 | val_acc=0.7205 | val_loss=1.0945
Epoch 027/030 | train_loss=0.3486 | train_acc=0.9539 | val_acc=0.7171 | val_loss=1.1584
Epoch 028/030 | train_loss=0.3133 | train_acc=0.9661 | val_acc=0.7200 | val_loss=1.1479
Epoch 029/030 | train_loss=0.3062 | train_acc=0.9687 | val_acc=0.7273 | val_loss=1.0853
Epoch 030/030 | train_loss=0.3128 | train_acc=0.9660 | val_acc=0.7034 | val_loss=1.2261
[Train-v2] best_val_acc=0.7273 | best_val_loss=1.0853 | saved=results/stage4/adsb_main_long_radcil_seed13_44470736/closedset_adsb_90known_strict.pth
[Load] checkpoint=results/stage4/adsb_main_long_radcil_seed13_44470736/closedset_adsb_90known_strict.pth

[Extract] Deep embeddings
[CF-LCG] view=all24_base | purity=0.115 | gate_open=False
[CF-LCG] global binary gate closed; Local CF-LCG remains sample-adaptive.
[MV-ACC calibration] Day1 validation only: ratio=0.03, merge_threshold=0.74

[MV-ACC-CIL] End-to-end pseudo-label class-incremental learning

========== Table 1: Unknown Discovery / Clustering Results ==========
              Method Round Discovery Day  True New Classes  Samples  Initial Cluster Count  Final Cluster Count  Cluster Count Error  Over-clustering Ratio  Clusters  Noise      NMI      ARI   Purity  Hungarian Acc      Fusion  Alpha  Iter Merge Rounds  Iter Merge Total Merges  Iter Merge Threshold  Noise Before Reassignment  Noise Reassigned  Assignment Coverage  Assignment Score Mean  Assignment Score Min  No-cluster Fallback  Adaptive Split Count  Adaptive Split Size Factor  Adaptive Split Silhouette Threshold  Adaptive Split Silhouette Mean  MVACC Min Cluster Size  MVACC Min Cluster Ratio  MVACC Min Samples
MV-ACC-CIL discovery    R1         Day 2                10     3081                     10                   11                    1                    1.1        11    0.0 0.821143 0.643332 0.813697       0.691009 fixed_alpha    0.7                 12                        0                  0.74                        221               221                  1.0               0.742009              0.525250                False                     1                        1.75                                  0.3                        0.353998                      92                     0.03                  5
MV-ACC-CIL discovery    R2         Day 3                10     2911                     12                   12                    2                    1.2        12    0.0 0.870022 0.793622 0.928547       0.830642 fixed_alpha    0.7                 12                        0                  0.74                        404               404                  1.0               0.759600              0.576257                False                     0                        1.75                                  0.3                             NaN                      87                     0.03                  5
MV-ACC-CIL discovery    R3         Day 4                10     2448                      6                    6                    4                    0.6         6    0.0 0.764884 0.580891 0.669935       0.669935 fixed_alpha    0.7                 12                        0                  0.74                        269               269                  1.0               0.672716              0.492084                False                     0                        1.75                                  0.3                             NaN                      73                     0.03                  5
Saved: results/stage4/adsb_main_long_radcil_seed13_44470736/clustering_results.csv

========== Table 2: Incremental Recognition Results ==========
    Method    Stage                                Eval Day              Eval Split  Seen Classes True New Classes Discovered Clusters Enrolled Clusters  Eval Samples  Overall Acc  Old Acc  New Acc  Initial Known Acc  Forgetting Rate  Macro F1
MV-ACC-CIL  Initial     ADS-B known-pool held-out partition day1_eval_initial_30pct            90                -                   -                 -          6178     0.612820 0.612820      NaN           0.612820         0.000000  0.573877
MV-ACC-CIL After R1 ADS-B held-out evaluation after round 1  eval_r1_30pct_100_seen           100               10                  11                11          7178     0.536640 0.521690    0.629           0.521690         0.091130  0.523348
MV-ACC-CIL After R2 ADS-B held-out evaluation after round 2  eval_r2_30pct_110_seen           110               10                  12                12          8178     0.539252 0.509055    0.756           0.509550         0.103270  0.527570
MV-ACC-CIL After R3 ADS-B held-out evaluation after round 3  eval_r3_30pct_120_seen           120               10                   6                 6          9178     0.487688 0.491563    0.456           0.489155         0.123665  0.480826
Saved: results/stage4/adsb_main_long_radcil_seed13_44470736/incremental_results.csv

========== Table 3: Per-Round Summary Results ==========
    Method Round  Cluster Count  Incremental Pseudo-label Classes  Cluster Count Error  Sample Coverage   Purity      NMI      ARI  Hungarian Acc  Overall Acc  New Acc  Forgetting Rate
MV-ACC-CIL    R1             11                                11                    1         1.000000 0.813697 0.821143 0.643332       0.691009     0.536640 0.629000         0.091130
MV-ACC-CIL    R2             12                                12                    2         1.000000 0.928547 0.870022 0.793622       0.830642     0.539252 0.756000         0.103270
MV-ACC-CIL    R3              6                                 6                    4         1.000000 0.669935 0.764884 0.580891       0.669935     0.487688 0.456000         0.123665
Saved: results/stage4/adsb_main_long_radcil_seed13_44470736/per_round_summary_results.csv
ADS-B 阶段 4 正式三种子报告：results/stage4/STAGE4_ADSB_MULTISEED_REPORT_44470736.md
ADS-B 阶段 4 正式三种子扩展完成：results/stage4/STAGE4_ADSB_MULTISEED_REPORT_44470736.md
