
========== WiSig ManyTx 10-Known 3-Round Incremental Experiment ==========
Dataset: C:\Users\123\Downloads\ManyTx.pkl\ManyTx.pkl
Save dir: C:\Users\123\PycharmProjects\OpenSet_Incremental_SEI\results\manytx_rx2_mvacc_paper_viz_seed7
Device: cuda
Protocol: 10 known + 10 unknown R1 + 10 unknown R2 + 10 unknown R3
Receiver setting: selected_rx_list=[2] | mode=single-Rx
Equalization index: 0 | minimum samples/Tx/day: 40
Frozen protocol: C:\Users\123\PycharmProjects\OpenSet_Incremental_SEI\results\manytx_rx2_mvacc_trainingv2_seed7\manytx_protocol.json
Old-class prototype bonus beta: 0.0
Closed-set training loss: CE + 0.1 * SupCon(T=0.2)
Sample-level protocol: 60% backbone train + 10% validation + 30% held-out evaluation
Fusion: bounded edge-wise adaptive | alpha_min=0.65, alpha_max=0.95
No-drop consolidation (ablation): rounds=5, threshold=0.78, coverage=100%
MV-ACC: mcs_ratio=0.045, min_samples=5, merge_th=0.78, sub_prototypes=5, split_factor=1.75, split_sil=0.3, coverage=100%, strict_alignment=Hungarian

[Splits]
Day1 known train 70%: (350, 2, 256), classes=10, labels=0-9
Initial eval 30%:     (150, 2, 256), classes=10, labels=0-9, day=2021_03_01
Unknown R1 70%:     (350, 2, 256), classes=10, labels=10-19, day=2021_03_08
After R1 eval 30%:  (300, 2, 256), classes=20, labels=0-19, day=2021_03_08
Unknown R2 70%:     (350, 2, 256), classes=10, labels=20-29, day=2021_03_15
After R2 eval 30%:  (450, 2, 256), classes=30, labels=0-29, day=2021_03_15
Unknown R3 70%:     (350, 2, 256), classes=10, labels=30-39, day=2021_03_23
After R3 eval 30%:  (600, 2, 256), classes=40, labels=0-39, day=2021_03_23
[Load] checkpoint=C:\Users\123\PycharmProjects\OpenSet_Incremental_SEI\results\manytx_rx2_mvacc_trainingv2_seed7\closedset_manytx_rx2_day1_10known.pth

[Extract] Deep embeddings
[CF-LCG] view=all24_base | purity=0.382 | gate_open=False

[MV-ACC calibration | Day1 held-out known labels only]
 Candidate Min Cluster Ratio  Candidate Merge Threshold  Final Cluster Count  Cluster Count Error   Purity      NMI      ARI  Hungarian Acc  Calibration Score
                    0.030000                   0.740000                    1                    9 0.100000 0.000000 0.000000       0.100000          -2.150000
                    0.030000                   0.780000                    1                    9 0.100000 0.000000 0.000000       0.100000          -2.150000
                    0.030000                   0.820000                    1                    9 0.100000 0.000000 0.000000       0.100000          -2.150000
                    0.030000                   0.860000                    1                    9 0.100000 0.000000 0.000000       0.100000          -2.150000
                    0.045000                   0.740000                    1                    9 0.100000 0.000000 0.000000       0.100000          -2.150000
                    0.045000                   0.780000                    1                    9 0.100000 0.000000 0.000000       0.100000          -2.150000
                    0.045000                   0.820000                    1                    9 0.100000 0.000000 0.000000       0.100000          -2.150000
                    0.045000                   0.860000                    1                    9 0.100000 0.000000 0.000000       0.100000          -2.150000
                    0.060000                   0.740000                    1                    9 0.100000 0.000000 0.000000       0.100000          -2.150000
                    0.060000                   0.780000                    1                    9 0.100000 0.000000 0.000000       0.100000          -2.150000
                    0.060000                   0.820000                    1                    9 0.100000 0.000000 0.000000       0.100000          -2.150000
                    0.060000                   0.860000                    1                    9 0.100000 0.000000 0.000000       0.100000          -2.150000
                    0.080000                   0.740000                    1                    9 0.100000 0.000000 0.000000       0.100000          -2.150000
                    0.080000                   0.780000                    1                    9 0.100000 0.000000 0.000000       0.100000          -2.150000
                    0.080000                   0.820000                    1                    9 0.100000 0.000000 0.000000       0.100000          -2.150000
                    0.080000                   0.860000                    1                    9 0.100000 0.000000 0.000000       0.100000          -2.150000
[MV-ACC calibration] frozen ratio=0.045, merge_threshold=0.78, informative=False | saved=C:\Users\123\PycharmProjects\OpenSet_Incremental_SEI\results\manytx_rx2_mvacc_paper_viz_seed7\mvacc_day1_known_calibration.csv

[Build] Prototype feature banks

========== Method: Deep only ==========

========== Method: RF only ==========

========== Method: Graph fusion (raw) ==========

========== Method: No-drop consolidation (ablation) ==========

========== Method: MV-ACC ==========

========== Table 1: Unknown Discovery / Clustering Results ==========
                          Method Round Discovery Day  True New Classes  Samples  Initial Cluster Count  Final Cluster Count  Cluster Count Error  Over-clustering Ratio  Clusters    Noise      NMI      ARI   Purity  Hungarian Acc           Fusion  Alpha Min  Alpha Max  Adaptive Weight Mean  Adaptive Weight Min  Adaptive Weight Max  Iter Merge Rounds  Iter Merge Total Merges  Iter Merge Threshold  Noise Before Reassignment  Noise Reassigned  Assignment Coverage  Assignment Score Mean  Assignment Score Min No-cluster Fallback  Adaptive Split Count  Adaptive Split Size Factor  Adaptive Split Silhouette Threshold  Adaptive Split Silhouette Mean  MVACC Min Cluster Size  MVACC Min Cluster Ratio  MVACC Min Samples
                       Deep only    R1         Day 2                10      350                      8                    8                    2                    0.8         8 0.062857 0.856493 0.733981 0.804878       0.754286              NaN        NaN        NaN                   NaN                  NaN                  NaN                NaN                      NaN                   NaN                        NaN               NaN                  NaN                    NaN                   NaN                 NaN                   NaN                         NaN                                  NaN                             NaN                     NaN                      NaN                NaN
                       Deep only    R2         Day 3                10      350                     11                   11                    1                    1.1        11 0.068571 0.913652 0.873337 0.990798       0.877143              NaN        NaN        NaN                   NaN                  NaN                  NaN                NaN                      NaN                   NaN                        NaN               NaN                  NaN                    NaN                   NaN                 NaN                   NaN                         NaN                                  NaN                             NaN                     NaN                      NaN                NaN
                       Deep only    R3         Day 4                10      350                     11                   11                    1                    1.1        11 0.137143 0.827060 0.722987 0.937086       0.768571              NaN        NaN        NaN                   NaN                  NaN                  NaN                NaN                      NaN                   NaN                        NaN               NaN                  NaN                    NaN                   NaN                 NaN                   NaN                         NaN                                  NaN                             NaN                     NaN                      NaN                NaN
                         RF only    R1         Day 2                10      350                      2                    2                    8                    0.2         2 0.040000 0.369805 0.099608 0.208333       0.200000              NaN        NaN        NaN                   NaN                  NaN                  NaN                NaN                      NaN                   NaN                        NaN               NaN                  NaN                    NaN                   NaN                 NaN                   NaN                         NaN                                  NaN                             NaN                     NaN                      NaN                NaN
                         RF only    R2         Day 3                10      350                      9                    9                    1                    0.9         9 0.268571 0.806967 0.598928 0.988281       0.722857              NaN        NaN        NaN                   NaN                  NaN                  NaN                NaN                      NaN                   NaN                        NaN               NaN                  NaN                    NaN                   NaN                 NaN                   NaN                         NaN                                  NaN                             NaN                     NaN                      NaN                NaN
                         RF only    R3         Day 4                10      350                      8                    8                    2                    0.8         8 0.191429 0.750236 0.542739 0.791519       0.608571              NaN        NaN        NaN                   NaN                  NaN                  NaN                NaN                      NaN                   NaN                        NaN               NaN                  NaN                    NaN                   NaN                 NaN                   NaN                         NaN                                  NaN                             NaN                     NaN                      NaN                NaN
              Graph fusion (raw)    R1         Day 2                10      350                     12                   12                    2                    1.2        12 0.022857 0.851423 0.715828 0.856725       0.725714 bounded_adaptive       0.65       0.95              0.795515                 0.65                 0.95                NaN                      NaN                   NaN                        NaN               NaN                  NaN                    NaN                   NaN                 NaN                   NaN                         NaN                                  NaN                             NaN                     NaN                      NaN                NaN
              Graph fusion (raw)    R2         Day 3                10      350                     14                   14                    4                    1.4        14 0.011429 0.903269 0.825523 0.979769       0.817143 bounded_adaptive       0.65       0.95              0.800156                 0.65                 0.95                NaN                      NaN                   NaN                        NaN               NaN                  NaN                    NaN                   NaN                 NaN                   NaN                         NaN                                  NaN                             NaN                     NaN                      NaN                NaN
              Graph fusion (raw)    R3         Day 4                10      350                     13                   13                    3                    1.3        13 0.045714 0.841718 0.773024 0.916168       0.768571 bounded_adaptive       0.65       0.95              0.801429                 0.65                 0.95                NaN                      NaN                   NaN                        NaN               NaN                  NaN                    NaN                   NaN                 NaN                   NaN                         NaN                                  NaN                             NaN                     NaN                      NaN                NaN
No-drop consolidation (ablation)    R1         Day 2                10      350                     12                   10                    0                    1.0        10 0.000000 0.880346 0.776939 0.851429       0.811429 bounded_adaptive       0.65       0.95              0.795515                 0.65                 0.95                5.0                      2.0                  0.78                        8.0               8.0                  1.0               0.831242              0.686485               False                   NaN                         NaN                                  NaN                             NaN                     NaN                      NaN                NaN
No-drop consolidation (ablation)    R2         Day 3                10      350                     14                   12                    2                    1.2        12 0.000000 0.929647 0.889870 0.974286       0.897143 bounded_adaptive       0.65       0.95              0.800156                 0.65                 0.95                5.0                      2.0                  0.78                        4.0               4.0                  1.0               0.855330              0.739664               False                   NaN                         NaN                                  NaN                             NaN                     NaN                      NaN                NaN
No-drop consolidation (ablation)    R3         Day 4                10      350                     13                   13                    3                    1.3        13 0.000000 0.870890 0.798634 0.911429       0.794286 bounded_adaptive       0.65       0.95              0.801429                 0.65                 0.95                5.0                      0.0                  0.78                       16.0              16.0                  1.0               0.880023              0.691260               False                   NaN                         NaN                                  NaN                             NaN                     NaN                      NaN                NaN
                          MV-ACC    R1         Day 2                10      350                     12                   10                    0                    1.0        10 0.000000 0.917753 0.890672 0.945714       0.945714 bounded_adaptive       0.65       0.95              0.795515                 0.65                 0.95               12.0                      3.0                  0.78                        8.0               8.0                  1.0               0.886642              0.841374               False                   1.0                        1.75                                  0.3                        0.472491                    10.0                 0.028571                5.0
                          MV-ACC    R2         Day 3                10      350                     14                   10                    0                    1.0        10 0.000000 0.955006 0.943406 0.974286       0.974286 bounded_adaptive       0.65       0.95              0.800156                 0.65                 0.95               12.0                      4.0                  0.78                        4.0               4.0                  1.0               0.822647              0.676623               False                   0.0                        1.75                                  0.3                             NaN                    10.0                 0.028571                5.0
                          MV-ACC    R3         Day 4                10      350                     13                   12                    2                    1.2        12 0.000000 0.881949 0.817280 0.908571       0.834286 bounded_adaptive       0.65       0.95              0.801429                 0.65                 0.95               12.0                      1.0                  0.78                       16.0              16.0                  1.0               0.922053              0.834678               False                   0.0                        1.75                                  0.3                             NaN                    10.0                 0.028571                5.0
Saved: C:\Users\123\PycharmProjects\OpenSet_Incremental_SEI\results\manytx_rx2_mvacc_paper_viz_seed7\clustering_results.csv

========== Table 2: Incremental Recognition Results ==========
                          Method    Stage   Eval Day              Eval Split  Seen Classes True New Classes Discovered Clusters Enrolled Clusters  Eval Samples  Overall Acc  Old Acc  New Acc  Initial Known Acc  Forgetting Rate  Old Class Bonus  Macro F1
                   Initial model  Initial 2021_03_01 day1_eval_initial_30pct            10                -                   -                 -           150     0.973333 0.973333      NaN           0.973333         0.000000              0.0  0.973214
                       Deep only After R1 2021_03_08   eval_r1_30pct_20_seen            20               10                   8                 8           300     0.786667 0.853333 0.720000           0.853333         0.120000              0.0  0.740607
                       Deep only After R2 2021_03_15   eval_r2_30pct_30_seen            30               10                  11                11           450     0.671111 0.560000 0.893333           0.713333         0.260000              0.0  0.639519
                       Deep only After R3 2021_03_23   eval_r3_30pct_40_seen            40               10                  11                11           600     0.496667 0.420000 0.726667           0.620000         0.353333              0.0  0.447998
                         RF only After R1 2021_03_08   eval_r1_30pct_20_seen            20               10                   2                 2           300     0.446667 0.753333 0.140000           0.753333         0.220000              0.0  0.354272
                         RF only After R2 2021_03_15   eval_r2_30pct_30_seen            30               10                   9                 9           450     0.531111 0.386667 0.820000           0.673333         0.300000              0.0  0.456341
                         RF only After R3 2021_03_23   eval_r3_30pct_40_seen            40               10                   8                 8           600     0.451667 0.402222 0.600000           0.586667         0.386667              0.0  0.373667
              Graph fusion (raw) After R1 2021_03_08   eval_r1_30pct_20_seen            20               10                  12                12           300     0.753333 0.813333 0.693333           0.813333         0.160000              0.0  0.749608
              Graph fusion (raw) After R2 2021_03_15   eval_r2_30pct_30_seen            30               10                  14                14           450     0.682222 0.636667 0.773333           0.713333         0.260000              0.0  0.691624
              Graph fusion (raw) After R3 2021_03_23   eval_r3_30pct_40_seen            40               10                  13                13           600     0.606667 0.553333 0.766667           0.626667         0.346667              0.0  0.595937
No-drop consolidation (ablation) After R1 2021_03_08   eval_r1_30pct_20_seen            20               10                  10                10           300     0.820000 0.853333 0.786667           0.853333         0.120000              0.0  0.789968
No-drop consolidation (ablation) After R2 2021_03_15   eval_r2_30pct_30_seen            30               10                  12                12           450     0.742222 0.670000 0.886667           0.753333         0.220000              0.0  0.735516
No-drop consolidation (ablation) After R3 2021_03_23   eval_r3_30pct_40_seen            40               10                  13                13           600     0.613333 0.566667 0.753333           0.626667         0.346667              0.0  0.605393
                          MV-ACC After R1 2021_03_08   eval_r1_30pct_20_seen            20               10                  10                10           300     0.883333 0.853333 0.913333           0.853333         0.120000              0.0  0.862607
                          MV-ACC After R2 2021_03_15   eval_r2_30pct_30_seen            30               10                  10                10           450     0.800000 0.703333 0.993333           0.686667         0.286667              0.0  0.773793
                          MV-ACC After R3 2021_03_23   eval_r3_30pct_40_seen            40               10                  12                12           600     0.690000 0.644444 0.826667           0.606667         0.366667              0.0  0.648114
Saved: C:\Users\123\PycharmProjects\OpenSet_Incremental_SEI\results\manytx_rx2_mvacc_paper_viz_seed7\incremental_results.csv

========== Table 3: Per-Round Summary Results ==========
                          Method Round  Cluster Count  Incremental Pseudo-label Classes  Cluster Count Error  Sample Coverage   Purity      NMI      ARI  Hungarian Acc  Overall Acc  New Acc  Forgetting Rate
                       Deep only    R1              8                                 8                    2         0.937143 0.804878 0.856493 0.733981       0.754286     0.786667 0.720000         0.120000
                       Deep only    R2             11                                11                    1         0.931429 0.990798 0.913652 0.873337       0.877143     0.671111 0.893333         0.260000
                       Deep only    R3             11                                11                    1         0.862857 0.937086 0.827060 0.722987       0.768571     0.496667 0.726667         0.353333
                         RF only    R1              2                                 2                    8         0.960000 0.208333 0.369805 0.099608       0.200000     0.446667 0.140000         0.220000
                         RF only    R2              9                                 9                    1         0.731429 0.988281 0.806967 0.598928       0.722857     0.531111 0.820000         0.300000
                         RF only    R3              8                                 8                    2         0.808571 0.791519 0.750236 0.542739       0.608571     0.451667 0.600000         0.386667
              Graph fusion (raw)    R1             12                                12                    2         0.977143 0.856725 0.851423 0.715828       0.725714     0.753333 0.693333         0.160000
              Graph fusion (raw)    R2             14                                14                    4         0.988571 0.979769 0.903269 0.825523       0.817143     0.682222 0.773333         0.260000
              Graph fusion (raw)    R3             13                                13                    3         0.954286 0.916168 0.841718 0.773024       0.768571     0.606667 0.766667         0.346667
No-drop consolidation (ablation)    R1             10                                10                    0         1.000000 0.851429 0.880346 0.776939       0.811429     0.820000 0.786667         0.120000
No-drop consolidation (ablation)    R2             12                                12                    2         1.000000 0.974286 0.929647 0.889870       0.897143     0.742222 0.886667         0.220000
No-drop consolidation (ablation)    R3             13                                13                    3         1.000000 0.911429 0.870890 0.798634       0.794286     0.613333 0.753333         0.346667
                          MV-ACC    R1             10                                10                    0         1.000000 0.945714 0.917753 0.890672       0.945714     0.883333 0.913333         0.120000
                          MV-ACC    R2             10                                10                    0         1.000000 0.974286 0.955006 0.943406       0.974286     0.800000 0.993333         0.286667
                          MV-ACC    R3             12                                12                    2         1.000000 0.908571 0.881949 0.817280       0.834286     0.690000 0.826667         0.366667
Saved: C:\Users\123\PycharmProjects\OpenSet_Incremental_SEI\results\manytx_rx2_mvacc_paper_viz_seed7\per_round_summary_results.csv
Visualizations saved under: C:\Users\123\PycharmProjects\OpenSet_Incremental_SEI\results\manytx_rx2_mvacc_paper_viz_seed7\visualizations
Core comparison panels saved under: C:\Users\123\PycharmProjects\OpenSet_Incremental_SEI\results\manytx_rx2_mvacc_paper_viz_seed7\visualizations\core_comparison
