Stage85 job=46829439
Stage85 s28_npz=/mnt/usmidet/billy_test/OpenSet_Incremental_SEI/stage45-worktree/results/stage46/lora25_diffdays_indoor_raw1024_s28_46103936.npz
Stage85 save_dir=results/stage85/lora_new_old_margin_seed7_46829439
Stage85 margin_weight=0.25
Stage85 margin=0.5

========== LoRa25 Different Days Indoor 10-Known 3-Round Incremental Experiment ==========
Dataset: /mnt/usmidet/billy_test/OpenSet_Incremental_SEI/stage45-worktree/results/stage46/lora25_diffdays_indoor_raw1024_s28_46103936.npz
Save dir: results/stage85/lora_new_old_margin_seed7_46829439
Device: cuda
Protocol: 10 known + 5 unknown R1 + 5 unknown R2 + 5 unknown R3
LoRa split: IQ_1-6 train | IQ_7 validation | IQ_8-10 held-out evaluation
Old-class prototype bonus beta: 0.0
Incremental dual-view consistency weight: 0.0
Cross-day feature domain alignment weight: 0.0
Old replay SupCon weight: 0.0
Pseudo-label cluster reliability weighting: False (floor=0.2)
Closed-set training loss: CE + 0.1 * SupCon(T=0.2)
Sample-level protocol: 60% backbone train + 10% validation + 30% held-out evaluation
Fusion: fixed alpha | alpha=0.7
No-drop consolidation (ablation): rounds=5, threshold=0.78, coverage=100%
MV-ACC: mcs_ratio=0.045, min_samples=5, merge_th=0.74, sub_prototypes=5, split_factor=1.75, split_sil=0.3, coverage=100%, strict_alignment=Hungarian

[Splits]
Day1 known train IQ_1-6 train: (1680, 2, 1024), classes=10, labels=0-9
Initial eval 30%:     (840, 2, 1024), classes=10, labels=0-9, day=Day 1
Unknown R1 IQ_1-7 discovery: (980, 2, 1024), classes=5, labels=10-14, day=Day 2
After R1 IQ_8-10 eval: (1260, 2, 1024), classes=15, labels=0-14, day=Day 2
Unknown R2 IQ_1-7 discovery: (980, 2, 1024), classes=5, labels=15-19, day=Day 3
After R2 IQ_8-10 eval: (1680, 2, 1024), classes=20, labels=0-19, day=Day 3
Unknown R3 IQ_1-7 discovery: (980, 2, 1024), classes=5, labels=20-24, day=Day 4
After R3 IQ_8-10 eval: (2100, 2, 1024), classes=25, labels=0-24, day=Day 4

[Train-v2] classes=10 | train=1680 | validation=280 | validation_fraction=0.142857
[Train-v2] RF augmentation=True | SupCon projection=64
Epoch 001/020 | train_loss=2.9381 | train_acc=0.1016 | val_acc=0.0929 | val_loss=2.3061
Epoch 002/020 | train_loss=2.7523 | train_acc=0.1899 | val_acc=0.2286 | val_loss=2.0263
Epoch 003/020 | train_loss=2.3958 | train_acc=0.2656 | val_acc=0.1107 | val_loss=1.9310
Epoch 004/020 | train_loss=2.3727 | train_acc=0.2500 | val_acc=0.3179 | val_loss=1.7063
Epoch 005/020 | train_loss=2.1406 | train_acc=0.3588 | val_acc=0.2893 | val_loss=1.5842
Epoch 006/020 | train_loss=1.9839 | train_acc=0.4008 | val_acc=0.3071 | val_loss=1.6444
Epoch 007/020 | train_loss=1.9247 | train_acc=0.4008 | val_acc=0.4000 | val_loss=1.4880
Epoch 008/020 | train_loss=1.7845 | train_acc=0.5012 | val_acc=0.3571 | val_loss=1.6760
Epoch 009/020 | train_loss=1.7202 | train_acc=0.5102 | val_acc=0.1571 | val_loss=2.4275
Epoch 010/020 | train_loss=1.7285 | train_acc=0.4772 | val_acc=0.3964 | val_loss=1.4780
Epoch 011/020 | train_loss=1.7111 | train_acc=0.4838 | val_acc=0.1857 | val_loss=1.9994
Epoch 012/020 | train_loss=1.6134 | train_acc=0.5481 | val_acc=0.3429 | val_loss=1.6853
Epoch 013/020 | train_loss=1.4954 | train_acc=0.5823 | val_acc=0.5179 | val_loss=1.2127
Epoch 014/020 | train_loss=1.4205 | train_acc=0.6004 | val_acc=0.3536 | val_loss=1.4638
Epoch 015/020 | train_loss=1.3027 | train_acc=0.6575 | val_acc=0.5393 | val_loss=1.0888
Epoch 016/020 | train_loss=1.4258 | train_acc=0.5715 | val_acc=0.5357 | val_loss=1.1260
Epoch 017/020 | train_loss=1.2552 | train_acc=0.6689 | val_acc=0.5893 | val_loss=1.1206
Epoch 018/020 | train_loss=1.1901 | train_acc=0.6953 | val_acc=0.4643 | val_loss=1.2521
Epoch 019/020 | train_loss=1.1695 | train_acc=0.6803 | val_acc=0.5321 | val_loss=1.2378
Epoch 020/020 | train_loss=1.2960 | train_acc=0.6208 | val_acc=0.3536 | val_loss=1.7304
[Train-v2] best_val_acc=0.5893 | best_val_loss=1.1206 | saved=results/stage85/lora_new_old_margin_seed7_46829439/closedset_lora25_lora_chirp_10known.pth
[Load] checkpoint=results/stage85/lora_new_old_margin_seed7_46829439/closedset_lora25_lora_chirp_10known.pth

[Extract] Deep embeddings
[CF-LCG] view=all24_base | purity=0.359 | gate_open=False
[CF-LCG] global binary gate closed; Local CF-LCG remains sample-adaptive.
[MV-ACC calibration] Day1 validation only: ratio=0.03, merge_threshold=0.74

[MV-ACC-CIL] End-to-end pseudo-label class-incremental learning

========== Table 1: Unknown Discovery / Clustering Results ==========
              Method Round Discovery Day  True New Classes  Samples  Initial Cluster Count  Final Cluster Count  Cluster Count Error  Over-clustering Ratio  Assignment Coverage  Noise Points  Clusters  Noise      NMI      ARI   Purity  Hungarian Acc        Discovery Backend Discovery Feature Adapter                          GPCC Backend  GPCC Target Clusters GPCC Selected Candidate                                                                                                                                                                                                                                                                                                                                                                                                                                                                                                                                                    GPCC Candidate Scores  GPCC Silhouette  GPCC Prototype Margin Mean  GPCC Silhouette Confidence Mean  GPCC Confidence Mean  GPCC Confidence Min  GPCC Cluster Stability  GPCC Cluster Size CV  GPCC Uses HDBSCAN                    Recording-Consensus Backend  Recording-Consensus Groups  Recording-Consensus Threshold  Recording-Consensus Accepted Groups  Recording-Consensus Changed Samples  Recording-Consensus Mean Consistency  Recording-Consensus Min Consistency       Cross-Day Adapter  Cross-Day Epochs  Cross-Day Batch Size  Cross-Day LR  Cross-Day Consistency Weight  Cross-Day CORAL Weight  Cross-Day Known Samples  Cross-Day Discovery Samples  Cross-Day Final Total  Cross-Day Final CE  Cross-Day Final Consistency  Cross-Day Final CORAL                    LoRa SSL Adapter  LoRa SSL Epochs  LoRa SSL Batch Size  LoRa SSL LR  LoRa SSL CE Weight  LoRa SSL Instance Weight  LoRa SSL Teacher Weight  LoRa SSL Temperature  LoRa SSL Known Samples  LoRa SSL Discovery Samples  LoRa SSL Final Total  LoRa SSL Final CE  LoRa SSL Final Instance  LoRa SSL Final Teacher
MV-ACC-CIL discovery    R1         Day 2                 5      980                      5                    5                    0                    1.0                  1.0             0         5    0.0 0.436357 0.377229 0.557143       0.557143 Recording-Consensus-GPCC                      none graph_prototype_controlled_clustering                     5            kmeans_joint   {'kmeans_joint': {'score': 0.5284414782072528, 'silhouette': 0.22482530772686005, 'balance': 0.7739377947873988, 'stability': 1.0, 'cluster_size_cv': 0.29209350768907805}, 'kmeans_graph': {'score': 0.3093411346650682, 'silhouette': 0.14053665101528168, 'balance': 0.6582949430207918, 'stability': 0.40154795201001964, 'cluster_size_cv': 0.5190759257714904}, 'agglomerative_joint': {'score': 0.4633080330506596, 'silhouette': 0.21538060903549194, 'balance': 0.7335761252895929, 'stability': 0.7925338920928817, 'cluster_size_cv': 0.36318504041449196}}         0.224825                    0.324911                         0.612413              0.435486             0.052018                     1.0              0.292094              False symbol_gpcc_with_selective_recording_consensus                          35                           0.65                                   21                                   91                              0.742857                             0.428571 train_consistency_coral                 2                    96       0.00001                           0.5                    0.05                     1680                          980               0.751388            0.738857                     0.001626               0.234359 instance_contrastive_teacher_anchor                3                   96      0.00001                 1.0                       0.5                      0.2                   0.2                    1680                         980              2.679271           0.737661                 3.882659                0.001404
MV-ACC-CIL discovery    R2         Day 3                 5      980                      5                    5                    0                    1.0                  1.0             0         5    0.0 0.452857 0.392605 0.569388       0.567347 Recording-Consensus-GPCC                      none graph_prototype_controlled_clustering                     5            kmeans_joint {'kmeans_joint': {'score': 0.5367382799862715, 'silhouette': 0.19726473093032837, 'balance': 0.8912133898729547, 'stability': 1.0, 'cluster_size_cv': 0.12206572675322247}, 'kmeans_graph': {'score': 0.31045400236359005, 'silhouette': 0.12882041931152344, 'balance': 0.6897217708880728, 'stability': 0.40663367025855035, 'cluster_size_cv': 0.44985999022826073}, 'agglomerative_joint': {'score': 0.4446434682631411, 'silhouette': 0.17861418426036835, 'balance': 0.8594137675139876, 'stability': 0.6980916536685638, 'cluster_size_cv': 0.16358387286799467}}         0.197265                    0.289644                         0.598632              0.404501             0.062013                     1.0              0.122066              False symbol_gpcc_with_selective_recording_consensus                          35                           0.65                                   23                                  111                              0.732653                             0.392857 train_consistency_coral                 2                    96       0.00001                           0.5                    0.05                     1680                          980               1.037467            1.027892                     0.000511               0.186406 instance_contrastive_teacher_anchor                3                   96      0.00001                 1.0                       0.5                      0.2                   0.2                    1680                         980              2.750627           1.033165                 3.434469                0.001137
MV-ACC-CIL discovery    R3         Day 4                 5      980                      5                    5                    0                    1.0                  1.0             0         5    0.0 0.605834 0.487859 0.612245       0.580612 Recording-Consensus-GPCC                      none graph_prototype_controlled_clustering                     5            kmeans_joint    {'kmeans_joint': {'score': 0.5497342222203463, 'silhouette': 0.2635199725627899, 'balance': 0.7739911865540587, 'stability': 1.0, 'cluster_size_cv': 0.29200437598284706}, 'kmeans_graph': {'score': 0.31880154936405386, 'silhouette': 0.17007844150066376, 'balance': 0.6108828661272997, 'stability': 0.4123273332529154, 'cluster_size_cv': 0.6369750331017036}, 'agglomerative_joint': {'score': 0.49909672117761794, 'silhouette': 0.25599896907806396, 'balance': 0.7116523832663056, 'stability': 0.8638672461256865, 'cluster_size_cv': 0.4051804272898676}}         0.263520                    0.360254                         0.631760              0.467299             0.045877                     1.0              0.292004              False symbol_gpcc_with_selective_recording_consensus                          35                           0.65                                   25                                  109                              0.786735                             0.392857 train_consistency_coral                 2                    96       0.00001                           0.5                    0.05                     1680                          980               1.296751            1.291964                     0.000619               0.089560 instance_contrastive_teacher_anchor                3                   96      0.00001                 1.0                       0.5                      0.2                   0.2                    1680                         980              2.728220           1.142831                 3.170410                0.000920
Saved: results/stage85/lora_new_old_margin_seed7_46829439/clustering_results.csv

========== Table 2: Incremental Recognition Results ==========
    Method    Stage Eval Day              Eval Split  Seen Classes True New Classes Discovered Clusters Enrolled Clusters  Eval Samples  Overall Acc  Old Acc  New Acc  Initial Known Acc  Forgetting Rate  Macro F1
MV-ACC-CIL  Initial    Day 1 day1_eval_initial_30pct            10                -                   -                 -           840     0.577381 0.577381      NaN           0.577381         0.000000  0.524803
MV-ACC-CIL After R1    Day 2   eval_r1_30pct_15_seen            15                5                   5                 5          1260     0.303175 0.297619 0.314286           0.297619         0.279762  0.267667
MV-ACC-CIL After R2    Day 3   eval_r2_30pct_20_seen            20                5                   5                 5          1680     0.348810 0.322222 0.428571           0.455952         0.121429  0.306831
MV-ACC-CIL After R3    Day 4   eval_r3_30pct_25_seen            25                5                   5                 5          2100     0.267619 0.191071 0.573810           0.345238         0.232143  0.197143
Saved: results/stage85/lora_new_old_margin_seed7_46829439/incremental_results.csv

========== Table 3: Per-Round Summary Results ==========
    Method Round  Cluster Count  Incremental Pseudo-label Classes  Cluster Count Error  Sample Coverage   Purity      NMI      ARI  Hungarian Acc  Overall Acc  New Acc  Forgetting Rate
MV-ACC-CIL    R1              5                                 5                    0         1.000000 0.557143 0.436357 0.377229       0.557143     0.303175 0.314286         0.279762
MV-ACC-CIL    R2              5                                 5                    0         1.000000 0.569388 0.452857 0.392605       0.567347     0.348810 0.428571         0.121429
MV-ACC-CIL    R3              5                                 5                    0         1.000000 0.612245 0.605834 0.487859       0.580612     0.267619 0.573810         0.232143
Saved: results/stage85/lora_new_old_margin_seed7_46829439/per_round_summary_results.csv
Stage85 报告：results/stage85/STAGE85_LORA_NEW_OLD_MARGIN_SEED7_REPORT_46829439.md
