Stage72 stage68_save_dir=/mnt/usmidet/billy_test/OpenSet_Incremental_SEI/stage68-worktree/results/stage68/lora_s68_stage48_dump_seed7_46450782
Stage72 raw_dir=/mnt/usmidet/billy_test/OpenSet_Incremental_SEI/stage44/raw_setup1_iq
Stage72 python=/mnt/users/xj62kv/OpenSet_Incremental_SEI/.venv/bin/python
Stage72 running t1234 transmissions=1,2,3,4 strategy=logreg
[002/180] exists: Day2 Device1 IQ_2
[003/180] exists: Day2 Device1 IQ_3
[001/180] exists: Day2 Device1 IQ_1
[005/180] exists: Day2 Device2 IQ_1
[007/180] exists: Day2 Device2 IQ_3
[006/180] exists: Day2 Device2 IQ_2
[009/180] exists: Day2 Device3 IQ_1
[010/180] exists: Day2 Device3 IQ_2
[011/180] exists: Day2 Device3 IQ_3
[013/180] exists: Day2 Device4 IQ_1
[014/180] exists: Day2 Device4 IQ_2
[015/180] exists: Day2 Device4 IQ_3
[004/180] downloaded: Day2 Device1 IQ_4
[008/180] downloaded: Day2 Device2 IQ_4
[017/180] exists: Day2 Device5 IQ_1
[018/180] exists: Day2 Device5 IQ_2
[019/180] exists: Day2 Device5 IQ_3
[021/180] exists: Day2 Device6 IQ_1
[022/180] exists: Day2 Device6 IQ_2
[016/180] downloaded: Day2 Device4 IQ_4
[012/180] downloaded: Day2 Device3 IQ_4
[023/180] exists: Day2 Device6 IQ_3
[025/180] exists: Day2 Device7 IQ_1
[026/180] exists: Day2 Device7 IQ_2
[027/180] exists: Day2 Device7 IQ_3
[029/180] exists: Day2 Device8 IQ_1
[030/180] exists: Day2 Device8 IQ_2
[031/180] exists: Day2 Device8 IQ_3
[020/180] downloaded: Day2 Device5 IQ_4
[033/180] exists: Day2 Device10 IQ_1
[034/180] exists: Day2 Device10 IQ_2
[024/180] downloaded: Day2 Device6 IQ_4
[035/180] exists: Day2 Device10 IQ_3
[028/180] downloaded: Day2 Device7 IQ_4
[037/180] exists: Day2 Device11 IQ_1
[039/180] exists: Day2 Device11 IQ_3
[038/180] exists: Day2 Device11 IQ_2
[041/180] exists: Day3 Device1 IQ_1
[042/180] exists: Day3 Device1 IQ_2
[043/180] exists: Day3 Device1 IQ_3
[032/180] downloaded: Day2 Device8 IQ_4
[045/180] exists: Day3 Device2 IQ_1
[046/180] exists: Day3 Device2 IQ_2
[047/180] exists: Day3 Device2 IQ_3
[036/180] downloaded: Day2 Device10 IQ_4
[040/180] downloaded: Day2 Device11 IQ_4
[049/180] exists: Day3 Device3 IQ_1
[051/180] exists: Day3 Device3 IQ_3
[050/180] exists: Day3 Device3 IQ_2
[053/180] exists: Day3 Device4 IQ_1
[054/180] exists: Day3 Device4 IQ_2
[044/180] downloaded: Day3 Device1 IQ_4
[055/180] exists: Day3 Device4 IQ_3
[057/180] exists: Day3 Device5 IQ_1
[058/180] exists: Day3 Device5 IQ_2
[048/180] downloaded: Day3 Device2 IQ_4
[059/180] exists: Day3 Device5 IQ_3
[061/180] exists: Day3 Device6 IQ_1
[062/180] exists: Day3 Device6 IQ_2
[063/180] exists: Day3 Device6 IQ_3
[052/180] downloaded: Day3 Device3 IQ_4
[056/180] downloaded: Day3 Device4 IQ_4
[065/180] exists: Day3 Device7 IQ_1
[066/180] exists: Day3 Device7 IQ_2
[067/180] exists: Day3 Device7 IQ_3
[069/180] exists: Day3 Device8 IQ_1
[070/180] exists: Day3 Device8 IQ_2
[071/180] exists: Day3 Device8 IQ_3
[060/180] downloaded: Day3 Device5 IQ_4
[073/180] exists: Day3 Device10 IQ_1
[074/180] exists: Day3 Device10 IQ_2
[075/180] exists: Day3 Device10 IQ_3
[064/180] downloaded: Day3 Device6 IQ_4
[077/180] exists: Day3 Device11 IQ_1
[078/180] exists: Day3 Device11 IQ_2
[079/180] exists: Day3 Device11 IQ_3
[068/180] downloaded: Day3 Device7 IQ_4
[081/180] exists: Day3 Device12 IQ_1
[082/180] exists: Day3 Device12 IQ_2
[083/180] exists: Day3 Device12 IQ_3
[072/180] downloaded: Day3 Device8 IQ_4
[085/180] exists: Day3 Device13 IQ_1
[086/180] exists: Day3 Device13 IQ_2
[087/180] exists: Day3 Device13 IQ_3
[076/180] downloaded: Day3 Device10 IQ_4
[089/180] exists: Day3 Device14 IQ_1
[090/180] exists: Day3 Device14 IQ_2
[091/180] exists: Day3 Device14 IQ_3
[080/180] downloaded: Day3 Device11 IQ_4
[093/180] exists: Day3 Device15 IQ_1
[094/180] exists: Day3 Device15 IQ_2
[095/180] exists: Day3 Device15 IQ_3
[084/180] downloaded: Day3 Device12 IQ_4
[097/180] exists: Day3 Device16 IQ_1
[098/180] exists: Day3 Device16 IQ_2
[099/180] exists: Day3 Device16 IQ_3
[088/180] downloaded: Day3 Device13 IQ_4
[101/180] exists: Day4 Device1 IQ_1
[102/180] exists: Day4 Device1 IQ_2
[103/180] exists: Day4 Device1 IQ_3
[092/180] downloaded: Day3 Device14 IQ_4
[105/180] exists: Day4 Device2 IQ_1
[106/180] exists: Day4 Device2 IQ_2
[107/180] exists: Day4 Device2 IQ_3
[096/180] downloaded: Day3 Device15 IQ_4
[109/180] exists: Day4 Device3 IQ_1
[110/180] exists: Day4 Device3 IQ_2
[111/180] exists: Day4 Device3 IQ_3
[100/180] downloaded: Day3 Device16 IQ_4
[113/180] exists: Day4 Device4 IQ_1
[114/180] exists: Day4 Device4 IQ_2
[115/180] exists: Day4 Device4 IQ_3
[104/180] downloaded: Day4 Device1 IQ_4
[117/180] exists: Day4 Device5 IQ_1
[118/180] exists: Day4 Device5 IQ_2
[119/180] exists: Day4 Device5 IQ_3
[108/180] downloaded: Day4 Device2 IQ_4
[121/180] exists: Day4 Device6 IQ_1
[122/180] exists: Day4 Device6 IQ_2
[123/180] exists: Day4 Device6 IQ_3
[112/180] downloaded: Day4 Device3 IQ_4
[125/180] exists: Day4 Device7 IQ_1
[126/180] exists: Day4 Device7 IQ_2
[127/180] exists: Day4 Device7 IQ_3
[116/180] downloaded: Day4 Device4 IQ_4
[129/180] exists: Day4 Device8 IQ_1
[130/180] exists: Day4 Device8 IQ_2
[131/180] exists: Day4 Device8 IQ_3
[120/180] downloaded: Day4 Device5 IQ_4
[133/180] exists: Day4 Device10 IQ_1
[134/180] exists: Day4 Device10 IQ_2
[135/180] exists: Day4 Device10 IQ_3
[128/180] downloaded: Day4 Device7 IQ_4
[137/180] exists: Day4 Device11 IQ_1
[138/180] exists: Day4 Device11 IQ_2
[139/180] exists: Day4 Device11 IQ_3
[124/180] downloaded: Day4 Device6 IQ_4
[141/180] exists: Day4 Device12 IQ_1
[142/180] exists: Day4 Device12 IQ_2
[143/180] exists: Day4 Device12 IQ_3
[132/180] downloaded: Day4 Device8 IQ_4
[145/180] exists: Day4 Device13 IQ_1
[146/180] exists: Day4 Device13 IQ_2
[147/180] exists: Day4 Device13 IQ_3
[136/180] downloaded: Day4 Device10 IQ_4
[149/180] exists: Day4 Device14 IQ_1
[150/180] exists: Day4 Device14 IQ_2
[151/180] exists: Day4 Device14 IQ_3
[140/180] downloaded: Day4 Device11 IQ_4
[153/180] exists: Day4 Device15 IQ_1
[154/180] exists: Day4 Device15 IQ_2
[155/180] exists: Day4 Device15 IQ_3
[144/180] downloaded: Day4 Device12 IQ_4
[157/180] exists: Day4 Device16 IQ_1
[158/180] exists: Day4 Device16 IQ_2
[159/180] exists: Day4 Device16 IQ_3
[148/180] downloaded: Day4 Device13 IQ_4
[161/180] exists: Day4 Device17 IQ_1
[162/180] exists: Day4 Device17 IQ_2
[163/180] exists: Day4 Device17 IQ_3
[152/180] downloaded: Day4 Device14 IQ_4
[165/180] exists: Day4 Device18 IQ_1
[166/180] exists: Day4 Device18 IQ_2
[167/180] exists: Day4 Device18 IQ_3
[156/180] downloaded: Day4 Device15 IQ_4
[169/180] exists: Day4 Device19 IQ_1
[170/180] exists: Day4 Device19 IQ_2
[171/180] exists: Day4 Device19 IQ_3
[160/180] downloaded: Day4 Device16 IQ_4
[173/180] exists: Day4 Device20 IQ_1
[174/180] exists: Day4 Device20 IQ_2
[175/180] exists: Day4 Device20 IQ_3
[164/180] downloaded: Day4 Device17 IQ_4
[177/180] exists: Day4 Device21 IQ_1
[178/180] exists: Day4 Device21 IQ_2
[179/180] exists: Day4 Device21 IQ_3
[168/180] downloaded: Day4 Device18 IQ_4
[172/180] downloaded: Day4 Device19 IQ_4
[176/180] downloaded: Day4 Device20 IQ_4
[180/180] downloaded: Day4 Device21 IQ_4
Saved manifest: /mnt/usmidet/billy_test/OpenSet_Incremental_SEI/stage68-worktree/results/stage72/stage72_lora_old_day_logreg_more_download_manifest_t1234_46484861.json
Wrote results/stage72/STAGE72_LORA_OLD_DAY_LOGREG_MORE_CALIBRATION_t1234_SEED7_REPORT_46484861.md
Stage72 running t12345 transmissions=1,2,3,4,5 strategy=logreg
[004/225] exists: Day2 Device1 IQ_4
[002/225] exists: Day2 Device1 IQ_2
[003/225] exists: Day2 Device1 IQ_3
[001/225] exists: Day2 Device1 IQ_1
[006/225] exists: Day2 Device2 IQ_1
[007/225] exists: Day2 Device2 IQ_2
[008/225] exists: Day2 Device2 IQ_3
[009/225] exists: Day2 Device2 IQ_4
[011/225] exists: Day2 Device3 IQ_1
[012/225] exists: Day2 Device3 IQ_2
[014/225] exists: Day2 Device3 IQ_4
[013/225] exists: Day2 Device3 IQ_3
[016/225] exists: Day2 Device4 IQ_1
[017/225] exists: Day2 Device4 IQ_2
[018/225] exists: Day2 Device4 IQ_3
[019/225] exists: Day2 Device4 IQ_4
[005/225] downloaded: Day2 Device1 IQ_5
[021/225] exists: Day2 Device5 IQ_1
[022/225] exists: Day2 Device5 IQ_2
[010/225] downloaded: Day2 Device2 IQ_5
[024/225] exists: Day2 Device5 IQ_4
[023/225] exists: Day2 Device5 IQ_3
[026/225] exists: Day2 Device6 IQ_1
[027/225] exists: Day2 Device6 IQ_2
[028/225] exists: Day2 Device6 IQ_3
[015/225] downloaded: Day2 Device3 IQ_5
[029/225] exists: Day2 Device6 IQ_4
[031/225] exists: Day2 Device7 IQ_1
[020/225] downloaded: Day2 Device4 IQ_5
[032/225] exists: Day2 Device7 IQ_2
[033/225] exists: Day2 Device7 IQ_3
[034/225] exists: Day2 Device7 IQ_4
[036/225] exists: Day2 Device8 IQ_1
[037/225] exists: Day2 Device8 IQ_2
[038/225] exists: Day2 Device8 IQ_3
[039/225] exists: Day2 Device8 IQ_4
[025/225] downloaded: Day2 Device5 IQ_5
[041/225] exists: Day2 Device10 IQ_1
[042/225] exists: Day2 Device10 IQ_2
[043/225] exists: Day2 Device10 IQ_3
[044/225] exists: Day2 Device10 IQ_4
[030/225] downloaded: Day2 Device6 IQ_5
[046/225] exists: Day2 Device11 IQ_1
[035/225] downloaded: Day2 Device7 IQ_5
[047/225] exists: Day2 Device11 IQ_2
[048/225] exists: Day2 Device11 IQ_3
[049/225] exists: Day2 Device11 IQ_4
[051/225] exists: Day3 Device1 IQ_1
[052/225] exists: Day3 Device1 IQ_2
[053/225] exists: Day3 Device1 IQ_3
[040/225] downloaded: Day2 Device8 IQ_5
[054/225] exists: Day3 Device1 IQ_4
[056/225] exists: Day3 Device2 IQ_1
[057/225] exists: Day3 Device2 IQ_2
[058/225] exists: Day3 Device2 IQ_3
[059/225] exists: Day3 Device2 IQ_4
[050/225] downloaded: Day2 Device11 IQ_5
[061/225] exists: Day3 Device3 IQ_1
[062/225] exists: Day3 Device3 IQ_2
[063/225] exists: Day3 Device3 IQ_3
[064/225] exists: Day3 Device3 IQ_4
[055/225] downloaded: Day3 Device1 IQ_5
[066/225] exists: Day3 Device4 IQ_1
[067/225] exists: Day3 Device4 IQ_2
[068/225] exists: Day3 Device4 IQ_3
[069/225] exists: Day3 Device4 IQ_4
[045/225] downloaded: Day2 Device10 IQ_5
[060/225] downloaded: Day3 Device2 IQ_5
[071/225] exists: Day3 Device5 IQ_1
[072/225] exists: Day3 Device5 IQ_2
[073/225] exists: Day3 Device5 IQ_3
[074/225] exists: Day3 Device5 IQ_4
[076/225] exists: Day3 Device6 IQ_1
[077/225] exists: Day3 Device6 IQ_2
[078/225] exists: Day3 Device6 IQ_3
[079/225] exists: Day3 Device6 IQ_4
[065/225] downloaded: Day3 Device3 IQ_5
[081/225] exists: Day3 Device7 IQ_1
[082/225] exists: Day3 Device7 IQ_2
[083/225] exists: Day3 Device7 IQ_3
[084/225] exists: Day3 Device7 IQ_4
[075/225] downloaded: Day3 Device5 IQ_5
[086/225] exists: Day3 Device8 IQ_1
[087/225] exists: Day3 Device8 IQ_2
[088/225] exists: Day3 Device8 IQ_3
[080/225] downloaded: Day3 Device6 IQ_5
[089/225] exists: Day3 Device8 IQ_4
[091/225] exists: Day3 Device10 IQ_1
[092/225] exists: Day3 Device10 IQ_2
[093/225] exists: Day3 Device10 IQ_3
[094/225] exists: Day3 Device10 IQ_4
[070/225] downloaded: Day3 Device4 IQ_5
[096/225] exists: Day3 Device11 IQ_1
[097/225] exists: Day3 Device11 IQ_2
[098/225] exists: Day3 Device11 IQ_3
[099/225] exists: Day3 Device11 IQ_4
[085/225] downloaded: Day3 Device7 IQ_5
[101/225] exists: Day3 Device12 IQ_1
[102/225] exists: Day3 Device12 IQ_2
[103/225] exists: Day3 Device12 IQ_3
[104/225] exists: Day3 Device12 IQ_4
[090/225] downloaded: Day3 Device8 IQ_5
[106/225] exists: Day3 Device13 IQ_1
[107/225] exists: Day3 Device13 IQ_2
[108/225] exists: Day3 Device13 IQ_3
[109/225] exists: Day3 Device13 IQ_4
[095/225] downloaded: Day3 Device10 IQ_5
[111/225] exists: Day3 Device14 IQ_1
[112/225] exists: Day3 Device14 IQ_2
[113/225] exists: Day3 Device14 IQ_3
[114/225] exists: Day3 Device14 IQ_4
[100/225] downloaded: Day3 Device11 IQ_5
[116/225] exists: Day3 Device15 IQ_1
[117/225] exists: Day3 Device15 IQ_2
[118/225] exists: Day3 Device15 IQ_3
[119/225] exists: Day3 Device15 IQ_4
[105/225] downloaded: Day3 Device12 IQ_5
[121/225] exists: Day3 Device16 IQ_1
[122/225] exists: Day3 Device16 IQ_2
[123/225] exists: Day3 Device16 IQ_3
[124/225] exists: Day3 Device16 IQ_4
[110/225] downloaded: Day3 Device13 IQ_5
[126/225] exists: Day4 Device1 IQ_1
[127/225] exists: Day4 Device1 IQ_2
[128/225] exists: Day4 Device1 IQ_3
[129/225] exists: Day4 Device1 IQ_4
[115/225] downloaded: Day3 Device14 IQ_5
[131/225] exists: Day4 Device2 IQ_1
[132/225] exists: Day4 Device2 IQ_2
[133/225] exists: Day4 Device2 IQ_3
[134/225] exists: Day4 Device2 IQ_4
[120/225] downloaded: Day3 Device15 IQ_5
[136/225] exists: Day4 Device3 IQ_1
[137/225] exists: Day4 Device3 IQ_2
[138/225] exists: Day4 Device3 IQ_3
[139/225] exists: Day4 Device3 IQ_4
[130/225] downloaded: Day4 Device1 IQ_5
[141/225] exists: Day4 Device4 IQ_1
[142/225] exists: Day4 Device4 IQ_2
[143/225] exists: Day4 Device4 IQ_3
[144/225] exists: Day4 Device4 IQ_4
[125/225] downloaded: Day3 Device16 IQ_5
[146/225] exists: Day4 Device5 IQ_1
[147/225] exists: Day4 Device5 IQ_2
[148/225] exists: Day4 Device5 IQ_3
[149/225] exists: Day4 Device5 IQ_4
[135/225] downloaded: Day4 Device2 IQ_5
[151/225] exists: Day4 Device6 IQ_1
[152/225] exists: Day4 Device6 IQ_2
[153/225] exists: Day4 Device6 IQ_3
[154/225] exists: Day4 Device6 IQ_4
[140/225] downloaded: Day4 Device3 IQ_5
[156/225] exists: Day4 Device7 IQ_1
[157/225] exists: Day4 Device7 IQ_2
[158/225] exists: Day4 Device7 IQ_3
[159/225] exists: Day4 Device7 IQ_4
[145/225] downloaded: Day4 Device4 IQ_5
[161/225] exists: Day4 Device8 IQ_1
[162/225] exists: Day4 Device8 IQ_2
[163/225] exists: Day4 Device8 IQ_3
[164/225] exists: Day4 Device8 IQ_4
[155/225] downloaded: Day4 Device6 IQ_5
[166/225] exists: Day4 Device10 IQ_1
[167/225] exists: Day4 Device10 IQ_2
[168/225] exists: Day4 Device10 IQ_3
[169/225] exists: Day4 Device10 IQ_4
[160/225] downloaded: Day4 Device7 IQ_5
[171/225] exists: Day4 Device11 IQ_1
[172/225] exists: Day4 Device11 IQ_2
[150/225] downloaded: Day4 Device5 IQ_5
[173/225] exists: Day4 Device11 IQ_3
[174/225] exists: Day4 Device11 IQ_4
[176/225] exists: Day4 Device12 IQ_1
[177/225] exists: Day4 Device12 IQ_2
[178/225] exists: Day4 Device12 IQ_3
[179/225] exists: Day4 Device12 IQ_4
[165/225] downloaded: Day4 Device8 IQ_5
[181/225] exists: Day4 Device13 IQ_1
[182/225] exists: Day4 Device13 IQ_2
[183/225] exists: Day4 Device13 IQ_3
[184/225] exists: Day4 Device13 IQ_4
[170/225] downloaded: Day4 Device10 IQ_5
[186/225] exists: Day4 Device14 IQ_1
[187/225] exists: Day4 Device14 IQ_2
[188/225] exists: Day4 Device14 IQ_3
[189/225] exists: Day4 Device14 IQ_4
[175/225] downloaded: Day4 Device11 IQ_5
[191/225] exists: Day4 Device15 IQ_1
[192/225] exists: Day4 Device15 IQ_2
[180/225] downloaded: Day4 Device12 IQ_5
[193/225] exists: Day4 Device15 IQ_3
[194/225] exists: Day4 Device15 IQ_4
[196/225] exists: Day4 Device16 IQ_1
[197/225] exists: Day4 Device16 IQ_2
[198/225] exists: Day4 Device16 IQ_3
[199/225] exists: Day4 Device16 IQ_4
[185/225] downloaded: Day4 Device13 IQ_5
[201/225] exists: Day4 Device17 IQ_1
[202/225] exists: Day4 Device17 IQ_2
[203/225] exists: Day4 Device17 IQ_3
[204/225] exists: Day4 Device17 IQ_4
[190/225] downloaded: Day4 Device14 IQ_5
[206/225] exists: Day4 Device18 IQ_1
[207/225] exists: Day4 Device18 IQ_2
[208/225] exists: Day4 Device18 IQ_3
[209/225] exists: Day4 Device18 IQ_4
[195/225] downloaded: Day4 Device15 IQ_5
[211/225] exists: Day4 Device19 IQ_1
[212/225] exists: Day4 Device19 IQ_2
[213/225] exists: Day4 Device19 IQ_3
[214/225] exists: Day4 Device19 IQ_4
[200/225] downloaded: Day4 Device16 IQ_5
[216/225] exists: Day4 Device20 IQ_1
[217/225] exists: Day4 Device20 IQ_2
[218/225] exists: Day4 Device20 IQ_3
[219/225] exists: Day4 Device20 IQ_4
[205/225] downloaded: Day4 Device17 IQ_5
[221/225] exists: Day4 Device21 IQ_1
[222/225] exists: Day4 Device21 IQ_2
[223/225] exists: Day4 Device21 IQ_3
[224/225] exists: Day4 Device21 IQ_4
[210/225] downloaded: Day4 Device18 IQ_5
[215/225] downloaded: Day4 Device19 IQ_5
[220/225] downloaded: Day4 Device20 IQ_5
[225/225] downloaded: Day4 Device21 IQ_5
Saved manifest: /mnt/usmidet/billy_test/OpenSet_Incremental_SEI/stage68-worktree/results/stage72/stage72_lora_old_day_logreg_more_download_manifest_t12345_46484861.json
Wrote results/stage72/STAGE72_LORA_OLD_DAY_LOGREG_MORE_CALIBRATION_t12345_SEED7_REPORT_46484861.md
